============================= test session starts =============================
platform win32 -- Python 3.11.4, pytest-8.3.5, pluggy-1.5.0
rootdir: C:\Users\letha\OneDrive\desktop\workspace\mcp-server
configfile: pytest.ini
testpaths: tests
plugins: anyio-4.9.0
collected 95 items

tests\integration\test_admin_groups_api.py FFFFFFFFFFFFFFFFFFFFFFFFFFFFF [ 30%]
FFFFFFFFFFFFF                                                            [ 44%]
tests\integration\test_admin_users_api.py FFFFFFFFFFFFFFFFFFFFFFFFFFFFFF [ 75%]
FFFFFFFFFF                                                               [ 86%]
tests\integration\test_auth_api.py .FF.....F...                          [ 98%]
tests\test_auth.py .                                                     [100%]

================================== FAILURES ===================================
__________________________ test_create_group_success __________________________

client = <starlette.testclient.TestClient object at 0x000001C654B54290>
auth_token_for_user = <function auth_token_for_user.<locals>._get_token at 0x000001C654D6FC40>

    def test_create_group_success(client: TestClient, auth_token_for_user):
        token = auth_token_for_user("globaladmin", "password_global")
>       assert token, "Failed to get token for globaladmin"
E       AssertionError: Failed to get token for globaladmin
E       assert None

tests\integration\test_admin_groups_api.py:21: AssertionError
---------------------------- Captured stderr call -----------------------------
INFO:root:RequisiþÒo: POST http://testserver/tools/login
WARNING:app.groups.routes:Tentativa de login invßlida para usußrio 'globaladmin'
INFO:root:Resposta: 401 para POST http://testserver/tools/login
INFO:httpx:HTTP Request: POST http://testserver/tools/login "HTTP/1.1 401 Unauthorized"
------------------------------ Captured log call ------------------------------
INFO     root:main.py:34 RequisiþÒo: POST http://testserver/tools/login
WARNING  app.groups.routes:routes.py:70 Tentativa de login invßlida para usußrio 'globaladmin'
INFO     root:main.py:36 Resposta: 401 para POST http://testserver/tools/login
INFO     httpx:_client.py:1025 HTTP Request: POST http://testserver/tools/login "HTTP/1.1 401 Unauthorized"
______________________ test_create_group_already_exists _______________________

client = <starlette.testclient.TestClient object at 0x000001C654B54290>
auth_token_for_user = <function auth_token_for_user.<locals>._get_token at 0x000001C654D7C860>

    def test_create_group_already_exists(client: TestClient, auth_token_for_user):
        token = auth_token_for_user("globaladmin", "password_global")
        headers = {"Authorization": f"Bearer {token}"}
    
        # group1 already exists from master data
        group_data = {"nome": "group1", "descricao": "Attempt to recreate"}
        response = client.post("/tools/grupos", headers=headers, json=group_data)
    
>       assert response.status_code == 409
E       assert 401 == 409
E        +  where 401 = <Response [401 Unauthorized]>.status_code

tests\integration\test_admin_groups_api.py:45: AssertionError
---------------------------- Captured stderr call -----------------------------
INFO:root:RequisiþÒo: POST http://testserver/tools/login
WARNING:app.groups.routes:Tentativa de login invßlida para usußrio 'globaladmin'
INFO:root:Resposta: 401 para POST http://testserver/tools/login
INFO:httpx:HTTP Request: POST http://testserver/tools/login "HTTP/1.1 401 Unauthorized"
INFO:root:RequisiþÒo: POST http://testserver/tools/grupos
INFO:app.auth:Auth: Validating JWT. Key used (first 10 chars): testsecret
INFO:app.auth:Auth: Received token for validation (first 20 chars): None...
INFO:app.auth:Auth: Using PyJWT version 2.8.0
WARNING:app.auth:Token invßlido
INFO:root:Resposta: 401 para POST http://testserver/tools/grupos
INFO:httpx:HTTP Request: POST http://testserver/tools/grupos "HTTP/1.1 401 Unauthorized"
------------------------------ Captured log call ------------------------------
INFO     root:main.py:34 RequisiþÒo: POST http://testserver/tools/login
WARNING  app.groups.routes:routes.py:70 Tentativa de login invßlida para usußrio 'globaladmin'
INFO     root:main.py:36 Resposta: 401 para POST http://testserver/tools/login
INFO     httpx:_client.py:1025 HTTP Request: POST http://testserver/tools/login "HTTP/1.1 401 Unauthorized"
INFO     root:main.py:34 RequisiþÒo: POST http://testserver/tools/grupos
INFO     app.auth:auth.py:90 Auth: Validating JWT. Key used (first 10 chars): testsecret
INFO     app.auth:auth.py:91 Auth: Received token for validation (first 20 chars): None...
INFO     app.auth:auth.py:95 Auth: Using PyJWT version 2.8.0
WARNING  app.auth:auth.py:120 Token invßlido
INFO     root:main.py:36 Resposta: 401 para POST http://testserver/tools/grupos
INFO     httpx:_client.py:1025 HTTP Request: POST http://testserver/tools/grupos "HTTP/1.1 401 Unauthorized"
__________________________ test_create_group_no_name __________________________

client = <starlette.testclient.TestClient object at 0x000001C654B54290>
auth_token_for_user = <function auth_token_for_user.<locals>._get_token at 0x000001C654D7C9A0>

    def test_create_group_no_name(client: TestClient, auth_token_for_user):
        token = auth_token_for_user("globaladmin", "password_global")
        headers = {"Authorization": f"Bearer {token}"}
    
        group_data = {"descricao": "Group without a name"} # Missing "nome"
        response = client.post("/tools/grupos", headers=headers, json=group_data)
    
>       assert response.status_code == 422 # Validation error
E       assert 401 == 422
E        +  where 401 = <Response [401 Unauthorized]>.status_code

tests\integration\test_admin_groups_api.py:55: AssertionError
---------------------------- Captured stderr call -----------------------------
INFO:root:RequisiþÒo: POST http://testserver/tools/login
WARNING:app.groups.routes:Tentativa de login invßlida para usußrio 'globaladmin'
INFO:root:Resposta: 401 para POST http://testserver/tools/login
INFO:httpx:HTTP Request: POST http://testserver/tools/login "HTTP/1.1 401 Unauthorized"
INFO:root:RequisiþÒo: POST http://testserver/tools/grupos
INFO:app.auth:Auth: Validating JWT. Key used (first 10 chars): testsecret
INFO:app.auth:Auth: Received token for validation (first 20 chars): None...
INFO:app.auth:Auth: Using PyJWT version 2.8.0
WARNING:app.auth:Token invßlido
INFO:root:Resposta: 401 para POST http://testserver/tools/grupos
INFO:httpx:HTTP Request: POST http://testserver/tools/grupos "HTTP/1.1 401 Unauthorized"
------------------------------ Captured log call ------------------------------
INFO     root:main.py:34 RequisiþÒo: POST http://testserver/tools/login
WARNING  app.groups.routes:routes.py:70 Tentativa de login invßlida para usußrio 'globaladmin'
INFO     root:main.py:36 Resposta: 401 para POST http://testserver/tools/login
INFO     httpx:_client.py:1025 HTTP Request: POST http://testserver/tools/login "HTTP/1.1 401 Unauthorized"
INFO     root:main.py:34 RequisiþÒo: POST http://testserver/tools/grupos
INFO     app.auth:auth.py:90 Auth: Validating JWT. Key used (first 10 chars): testsecret
INFO     app.auth:auth.py:91 Auth: Received token for validation (first 20 chars): None...
INFO     app.auth:auth.py:95 Auth: Using PyJWT version 2.8.0
WARNING  app.auth:auth.py:120 Token invßlido
INFO     root:main.py:36 Resposta: 401 para POST http://testserver/tools/grupos
INFO     httpx:_client.py:1025 HTTP Request: POST http://testserver/tools/grupos "HTTP/1.1 401 Unauthorized"
_____________________ test_create_group_not_global_admin ______________________

client = <starlette.testclient.TestClient object at 0x000001C654B54290>
auth_token_for_user = <function auth_token_for_user.<locals>._get_token at 0x000001C654D21620>

    def test_create_group_not_global_admin(client: TestClient, auth_token_for_user):
        token = auth_token_for_user("testuser1", "password123") # testuser1 is not global_admin
>       assert token, "Failed to get token for testuser1"
E       AssertionError: Failed to get token for testuser1
E       assert None

tests\integration\test_admin_groups_api.py:59: AssertionError
---------------------------- Captured stderr call -----------------------------
INFO:root:RequisiþÒo: POST http://testserver/tools/login
WARNING:app.groups.routes:Tentativa de login invßlida para usußrio 'testuser1'
INFO:root:Resposta: 401 para POST http://testserver/tools/login
INFO:httpx:HTTP Request: POST http://testserver/tools/login "HTTP/1.1 401 Unauthorized"
------------------------------ Captured log call ------------------------------
INFO     root:main.py:34 RequisiþÒo: POST http://testserver/tools/login
WARNING  app.groups.routes:routes.py:70 Tentativa de login invßlida para usußrio 'testuser1'
INFO     root:main.py:36 Resposta: 401 para POST http://testserver/tools/login
INFO     httpx:_client.py:1025 HTTP Request: POST http://testserver/tools/login "HTTP/1.1 401 Unauthorized"
____________________ test_list_groups_success_global_admin ____________________

client = <starlette.testclient.TestClient object at 0x000001C654B54290>
auth_token_for_user = <function auth_token_for_user.<locals>._get_token at 0x000001C652E57CE0>

    def test_list_groups_success_global_admin(client: TestClient, auth_token_for_user):
        token = auth_token_for_user("globaladmin", "password_global")
        headers = {"Authorization": f"Bearer {token}"}
    
        response = client.get("/tools/grupos", headers=headers)
>       assert response.status_code == 200
E       assert 401 == 200
E        +  where 401 = <Response [401 Unauthorized]>.status_code

tests\integration\test_admin_groups_api.py:73: AssertionError
---------------------------- Captured stderr call -----------------------------
INFO:root:RequisiþÒo: POST http://testserver/tools/login
WARNING:app.groups.routes:Tentativa de login invßlida para usußrio 'globaladmin'
INFO:root:Resposta: 401 para POST http://testserver/tools/login
INFO:httpx:HTTP Request: POST http://testserver/tools/login "HTTP/1.1 401 Unauthorized"
INFO:root:RequisiþÒo: GET http://testserver/tools/grupos
INFO:app.auth:Auth: Validating JWT. Key used (first 10 chars): testsecret
INFO:app.auth:Auth: Received token for validation (first 20 chars): None...
INFO:app.auth:Auth: Using PyJWT version 2.8.0
WARNING:app.auth:Token invßlido
INFO:root:Resposta: 401 para GET http://testserver/tools/grupos
INFO:httpx:HTTP Request: GET http://testserver/tools/grupos "HTTP/1.1 401 Unauthorized"
------------------------------ Captured log call ------------------------------
INFO     root:main.py:34 RequisiþÒo: POST http://testserver/tools/login
WARNING  app.groups.routes:routes.py:70 Tentativa de login invßlida para usußrio 'globaladmin'
INFO     root:main.py:36 Resposta: 401 para POST http://testserver/tools/login
INFO     httpx:_client.py:1025 HTTP Request: POST http://testserver/tools/login "HTTP/1.1 401 Unauthorized"
INFO     root:main.py:34 RequisiþÒo: GET http://testserver/tools/grupos
INFO     app.auth:auth.py:90 Auth: Validating JWT. Key used (first 10 chars): testsecret
INFO     app.auth:auth.py:91 Auth: Received token for validation (first 20 chars): None...
INFO     app.auth:auth.py:95 Auth: Using PyJWT version 2.8.0
WARNING  app.auth:auth.py:120 Token invßlido
INFO     root:main.py:36 Resposta: 401 para GET http://testserver/tools/grupos
INFO     httpx:_client.py:1025 HTTP Request: GET http://testserver/tools/grupos "HTTP/1.1 401 Unauthorized"
______________________ test_list_groups_not_global_admin ______________________

client = <starlette.testclient.TestClient object at 0x000001C654B54290>
auth_token_for_user = <function auth_token_for_user.<locals>._get_token at 0x000001C654D22660>

    def test_list_groups_not_global_admin(client: TestClient, auth_token_for_user):
        token = auth_token_for_user("testuser1", "password123")
        headers = {"Authorization": f"Bearer {token}"}
    
        response = client.get("/tools/grupos", headers=headers)
>       assert response.status_code == 403
E       assert 401 == 403
E        +  where 401 = <Response [401 Unauthorized]>.status_code

tests\integration\test_admin_groups_api.py:97: AssertionError
---------------------------- Captured stderr call -----------------------------
INFO:root:RequisiþÒo: POST http://testserver/tools/login
WARNING:app.groups.routes:Tentativa de login invßlida para usußrio 'testuser1'
INFO:root:Resposta: 401 para POST http://testserver/tools/login
INFO:httpx:HTTP Request: POST http://testserver/tools/login "HTTP/1.1 401 Unauthorized"
INFO:root:RequisiþÒo: GET http://testserver/tools/grupos
INFO:app.auth:Auth: Validating JWT. Key used (first 10 chars): testsecret
INFO:app.auth:Auth: Received token for validation (first 20 chars): None...
INFO:app.auth:Auth: Using PyJWT version 2.8.0
WARNING:app.auth:Token invßlido
INFO:root:Resposta: 401 para GET http://testserver/tools/grupos
INFO:httpx:HTTP Request: GET http://testserver/tools/grupos "HTTP/1.1 401 Unauthorized"
------------------------------ Captured log call ------------------------------
INFO     root:main.py:34 RequisiþÒo: POST http://testserver/tools/login
WARNING  app.groups.routes:routes.py:70 Tentativa de login invßlida para usußrio 'testuser1'
INFO     root:main.py:36 Resposta: 401 para POST http://testserver/tools/login
INFO     httpx:_client.py:1025 HTTP Request: POST http://testserver/tools/login "HTTP/1.1 401 Unauthorized"
INFO     root:main.py:34 RequisiþÒo: GET http://testserver/tools/grupos
INFO     app.auth:auth.py:90 Auth: Validating JWT. Key used (first 10 chars): testsecret
INFO     app.auth:auth.py:91 Auth: Received token for validation (first 20 chars): None...
INFO     app.auth:auth.py:95 Auth: Using PyJWT version 2.8.0
WARNING  app.auth:auth.py:120 Token invßlido
INFO     root:main.py:36 Resposta: 401 para GET http://testserver/tools/grupos
INFO     httpx:_client.py:1025 HTTP Request: GET http://testserver/tools/grupos "HTTP/1.1 401 Unauthorized"
___________________________ test_edit_group_success ___________________________

client = <starlette.testclient.TestClient object at 0x000001C654B54290>
auth_token_for_user = <function auth_token_for_user.<locals>._get_token at 0x000001C654D21620>

    def test_edit_group_success(client: TestClient, auth_token_for_user):
        token = auth_token_for_user("globaladmin", "password_global")
        headers = {"Authorization": f"Bearer {token}"}
    
        edit_data = {"nome": "group1_renamed", "descricao": "Updated description for group1"}
        response = client.put("/tools/grupos/group1", headers=headers, json=edit_data)
    
>       assert response.status_code == 200
E       assert 401 == 200
E        +  where 401 = <Response [401 Unauthorized]>.status_code

tests\integration\test_admin_groups_api.py:107: AssertionError
---------------------------- Captured stderr call -----------------------------
INFO:root:RequisiþÒo: POST http://testserver/tools/login
WARNING:app.groups.routes:Tentativa de login invßlida para usußrio 'globaladmin'
INFO:root:Resposta: 401 para POST http://testserver/tools/login
INFO:httpx:HTTP Request: POST http://testserver/tools/login "HTTP/1.1 401 Unauthorized"
INFO:root:RequisiþÒo: PUT http://testserver/tools/grupos/group1
INFO:app.auth:Auth: Validating JWT. Key used (first 10 chars): testsecret
INFO:app.auth:Auth: Received token for validation (first 20 chars): None...
INFO:app.auth:Auth: Using PyJWT version 2.8.0
WARNING:app.auth:Token invßlido
INFO:root:Resposta: 401 para PUT http://testserver/tools/grupos/group1
INFO:httpx:HTTP Request: PUT http://testserver/tools/grupos/group1 "HTTP/1.1 401 Unauthorized"
------------------------------ Captured log call ------------------------------
INFO     root:main.py:34 RequisiþÒo: POST http://testserver/tools/login
WARNING  app.groups.routes:routes.py:70 Tentativa de login invßlida para usußrio 'globaladmin'
INFO     root:main.py:36 Resposta: 401 para POST http://testserver/tools/login
INFO     httpx:_client.py:1025 HTTP Request: POST http://testserver/tools/login "HTTP/1.1 401 Unauthorized"
INFO     root:main.py:34 RequisiþÒo: PUT http://testserver/tools/grupos/group1
INFO     app.auth:auth.py:90 Auth: Validating JWT. Key used (first 10 chars): testsecret
INFO     app.auth:auth.py:91 Auth: Received token for validation (first 20 chars): None...
INFO     app.auth:auth.py:95 Auth: Using PyJWT version 2.8.0
WARNING  app.auth:auth.py:120 Token invßlido
INFO     root:main.py:36 Resposta: 401 para PUT http://testserver/tools/grupos/group1
INFO     httpx:_client.py:1025 HTTP Request: PUT http://testserver/tools/grupos/group1 "HTTP/1.1 401 Unauthorized"
______________________ test_edit_group_only_description _______________________

client = <starlette.testclient.TestClient object at 0x000001C654B54290>
auth_token_for_user = <function auth_token_for_user.<locals>._get_token at 0x000001C654DEFBA0>

    def test_edit_group_only_description(client: TestClient, auth_token_for_user):
        token = auth_token_for_user("globaladmin", "password_global")
        headers = {"Authorization": f"Bearer {token}"}
    
        edit_data = {"descricao": "Only description updated for group_for_request"}
        response = client.put("/tools/grupos/group_for_request", headers=headers, json=edit_data)
    
>       assert response.status_code == 200
E       assert 401 == 200
E        +  where 401 = <Response [401 Unauthorized]>.status_code

tests\integration\test_admin_groups_api.py:132: AssertionError
---------------------------- Captured stderr call -----------------------------
INFO:root:RequisiþÒo: POST http://testserver/tools/login
WARNING:app.groups.routes:Tentativa de login invßlida para usußrio 'globaladmin'
INFO:root:Resposta: 401 para POST http://testserver/tools/login
INFO:httpx:HTTP Request: POST http://testserver/tools/login "HTTP/1.1 401 Unauthorized"
INFO:root:RequisiþÒo: PUT http://testserver/tools/grupos/group_for_request
INFO:app.auth:Auth: Validating JWT. Key used (first 10 chars): testsecret
INFO:app.auth:Auth: Received token for validation (first 20 chars): None...
INFO:app.auth:Auth: Using PyJWT version 2.8.0
WARNING:app.auth:Token invßlido
INFO:root:Resposta: 401 para PUT http://testserver/tools/grupos/group_for_request
INFO:httpx:HTTP Request: PUT http://testserver/tools/grupos/group_for_request "HTTP/1.1 401 Unauthorized"
------------------------------ Captured log call ------------------------------
INFO     root:main.py:34 RequisiþÒo: POST http://testserver/tools/login
WARNING  app.groups.routes:routes.py:70 Tentativa de login invßlida para usußrio 'globaladmin'
INFO     root:main.py:36 Resposta: 401 para POST http://testserver/tools/login
INFO     httpx:_client.py:1025 HTTP Request: POST http://testserver/tools/login "HTTP/1.1 401 Unauthorized"
INFO     root:main.py:34 RequisiþÒo: PUT http://testserver/tools/grupos/group_for_request
INFO     app.auth:auth.py:90 Auth: Validating JWT. Key used (first 10 chars): testsecret
INFO     app.auth:auth.py:91 Auth: Received token for validation (first 20 chars): None...
INFO     app.auth:auth.py:95 Auth: Using PyJWT version 2.8.0
WARNING  app.auth:auth.py:120 Token invßlido
INFO     root:main.py:36 Resposta: 401 para PUT http://testserver/tools/grupos/group_for_request
INFO     httpx:_client.py:1025 HTTP Request: PUT http://testserver/tools/grupos/group_for_request "HTTP/1.1 401 Unauthorized"
___________________ test_edit_group_rename_to_existing_name ___________________

client = <starlette.testclient.TestClient object at 0x000001C654B54290>
auth_token_for_user = <function auth_token_for_user.<locals>._get_token at 0x000001C654DEEA20>

    def test_edit_group_rename_to_existing_name(client: TestClient, auth_token_for_user):
        token = auth_token_for_user("globaladmin", "password_global")
        headers = {"Authorization": f"Bearer {token}"}
    
        # Create a temporary group to avoid conflict with master data for other tests
        client.post("/tools/grupos", headers=headers, json={"nome": "temp_group_for_edit_test", "descricao": "temp"})
    
        edit_data = {"nome": "group1"} # Try to rename "temp_group_for_edit_test" to "group1" which exists
        response = client.put("/tools/grupos/temp_group_for_edit_test", headers=headers, json=edit_data)
    
>       assert response.status_code == 409
E       assert 401 == 409
E        +  where 401 = <Response [401 Unauthorized]>.status_code

tests\integration\test_admin_groups_api.py:149: AssertionError
---------------------------- Captured stderr call -----------------------------
INFO:root:RequisiþÒo: POST http://testserver/tools/login
WARNING:app.groups.routes:Tentativa de login invßlida para usußrio 'globaladmin'
INFO:root:Resposta: 401 para POST http://testserver/tools/login
INFO:httpx:HTTP Request: POST http://testserver/tools/login "HTTP/1.1 401 Unauthorized"
INFO:root:RequisiþÒo: POST http://testserver/tools/grupos
INFO:app.auth:Auth: Validating JWT. Key used (first 10 chars): testsecret
INFO:app.auth:Auth: Received token for validation (first 20 chars): None...
INFO:app.auth:Auth: Using PyJWT version 2.8.0
WARNING:app.auth:Token invßlido
INFO:root:Resposta: 401 para POST http://testserver/tools/grupos
INFO:httpx:HTTP Request: POST http://testserver/tools/grupos "HTTP/1.1 401 Unauthorized"
INFO:root:RequisiþÒo: PUT http://testserver/tools/grupos/temp_group_for_edit_test
INFO:app.auth:Auth: Validating JWT. Key used (first 10 chars): testsecret
INFO:app.auth:Auth: Received token for validation (first 20 chars): None...
INFO:app.auth:Auth: Using PyJWT version 2.8.0
WARNING:app.auth:Token invßlido
INFO:root:Resposta: 401 para PUT http://testserver/tools/grupos/temp_group_for_edit_test
INFO:httpx:HTTP Request: PUT http://testserver/tools/grupos/temp_group_for_edit_test "HTTP/1.1 401 Unauthorized"
------------------------------ Captured log call ------------------------------
INFO     root:main.py:34 RequisiþÒo: POST http://testserver/tools/login
WARNING  app.groups.routes:routes.py:70 Tentativa de login invßlida para usußrio 'globaladmin'
INFO     root:main.py:36 Resposta: 401 para POST http://testserver/tools/login
INFO     httpx:_client.py:1025 HTTP Request: POST http://testserver/tools/login "HTTP/1.1 401 Unauthorized"
INFO     root:main.py:34 RequisiþÒo: POST http://testserver/tools/grupos
INFO     app.auth:auth.py:90 Auth: Validating JWT. Key used (first 10 chars): testsecret
INFO     app.auth:auth.py:91 Auth: Received token for validation (first 20 chars): None...
INFO     app.auth:auth.py:95 Auth: Using PyJWT version 2.8.0
WARNING  app.auth:auth.py:120 Token invßlido
INFO     root:main.py:36 Resposta: 401 para POST http://testserver/tools/grupos
INFO     httpx:_client.py:1025 HTTP Request: POST http://testserver/tools/grupos "HTTP/1.1 401 Unauthorized"
INFO     root:main.py:34 RequisiþÒo: PUT http://testserver/tools/grupos/temp_group_for_edit_test
INFO     app.auth:auth.py:90 Auth: Validating JWT. Key used (first 10 chars): testsecret
INFO     app.auth:auth.py:91 Auth: Received token for validation (first 20 chars): None...
INFO     app.auth:auth.py:95 Auth: Using PyJWT version 2.8.0
WARNING  app.auth:auth.py:120 Token invßlido
INFO     root:main.py:36 Resposta: 401 para PUT http://testserver/tools/grupos/temp_group_for_edit_test
INFO     httpx:_client.py:1025 HTTP Request: PUT http://testserver/tools/grupos/temp_group_for_edit_test "HTTP/1.1 401 Unauthorized"
__________________________ test_edit_group_not_found __________________________

client = <starlette.testclient.TestClient object at 0x000001C654B54290>
auth_token_for_user = <function auth_token_for_user.<locals>._get_token at 0x000001C654DEED40>

    def test_edit_group_not_found(client: TestClient, auth_token_for_user):
        token = auth_token_for_user("globaladmin", "password_global")
        headers = {"Authorization": f"Bearer {token}"}
    
        edit_data = {"nome": "non_existent_group_new_name"}
        response = client.put("/tools/grupos/non_existent_group", headers=headers, json=edit_data)
    
>       assert response.status_code == 404
E       assert 401 == 404
E        +  where 401 = <Response [401 Unauthorized]>.status_code

tests\integration\test_admin_groups_api.py:163: AssertionError
---------------------------- Captured stderr call -----------------------------
INFO:root:RequisiþÒo: POST http://testserver/tools/login
WARNING:app.groups.routes:Tentativa de login invßlida para usußrio 'globaladmin'
INFO:root:Resposta: 401 para POST http://testserver/tools/login
INFO:httpx:HTTP Request: POST http://testserver/tools/login "HTTP/1.1 401 Unauthorized"
INFO:root:RequisiþÒo: PUT http://testserver/tools/grupos/non_existent_group
INFO:app.auth:Auth: Validating JWT. Key used (first 10 chars): testsecret
INFO:app.auth:Auth: Received token for validation (first 20 chars): None...
INFO:app.auth:Auth: Using PyJWT version 2.8.0
WARNING:app.auth:Token invßlido
INFO:root:Resposta: 401 para PUT http://testserver/tools/grupos/non_existent_group
INFO:httpx:HTTP Request: PUT http://testserver/tools/grupos/non_existent_group "HTTP/1.1 401 Unauthorized"
------------------------------ Captured log call ------------------------------
INFO     root:main.py:34 RequisiþÒo: POST http://testserver/tools/login
WARNING  app.groups.routes:routes.py:70 Tentativa de login invßlida para usußrio 'globaladmin'
INFO     root:main.py:36 Resposta: 401 para POST http://testserver/tools/login
INFO     httpx:_client.py:1025 HTTP Request: POST http://testserver/tools/login "HTTP/1.1 401 Unauthorized"
INFO     root:main.py:34 RequisiþÒo: PUT http://testserver/tools/grupos/non_existent_group
INFO     app.auth:auth.py:90 Auth: Validating JWT. Key used (first 10 chars): testsecret
INFO     app.auth:auth.py:91 Auth: Received token for validation (first 20 chars): None...
INFO     app.auth:auth.py:95 Auth: Using PyJWT version 2.8.0
WARNING  app.auth:auth.py:120 Token invßlido
INFO     root:main.py:36 Resposta: 401 para PUT http://testserver/tools/grupos/non_existent_group
INFO     httpx:_client.py:1025 HTTP Request: PUT http://testserver/tools/grupos/non_existent_group "HTTP/1.1 401 Unauthorized"
______________________ test_edit_group_not_global_admin _______________________

client = <starlette.testclient.TestClient object at 0x000001C654B54290>
auth_token_for_user = <function auth_token_for_user.<locals>._get_token at 0x000001C654DEF240>

    def test_edit_group_not_global_admin(client: TestClient, auth_token_for_user):
        token = auth_token_for_user("admin_group1", "password_admin_g1") # admin_group1 is not global_admin
        headers = {"Authorization": f"Bearer {token}"}
    
        edit_data = {"descricao": "Attempt by group admin"}
        response = client.put("/tools/grupos/group1", headers=headers, json=edit_data)
    
>       assert response.status_code == 403
E       assert 401 == 403
E        +  where 401 = <Response [401 Unauthorized]>.status_code

tests\integration\test_admin_groups_api.py:173: AssertionError
---------------------------- Captured stderr call -----------------------------
INFO:root:RequisiþÒo: POST http://testserver/tools/login
WARNING:app.groups.routes:Tentativa de login invßlida para usußrio 'admin_group1'
INFO:root:Resposta: 401 para POST http://testserver/tools/login
INFO:httpx:HTTP Request: POST http://testserver/tools/login "HTTP/1.1 401 Unauthorized"
INFO:root:RequisiþÒo: PUT http://testserver/tools/grupos/group1
INFO:app.auth:Auth: Validating JWT. Key used (first 10 chars): testsecret
INFO:app.auth:Auth: Received token for validation (first 20 chars): None...
INFO:app.auth:Auth: Using PyJWT version 2.8.0
WARNING:app.auth:Token invßlido
INFO:root:Resposta: 401 para PUT http://testserver/tools/grupos/group1
INFO:httpx:HTTP Request: PUT http://testserver/tools/grupos/group1 "HTTP/1.1 401 Unauthorized"
------------------------------ Captured log call ------------------------------
INFO     root:main.py:34 RequisiþÒo: POST http://testserver/tools/login
WARNING  app.groups.routes:routes.py:70 Tentativa de login invßlida para usußrio 'admin_group1'
INFO     root:main.py:36 Resposta: 401 para POST http://testserver/tools/login
INFO     httpx:_client.py:1025 HTTP Request: POST http://testserver/tools/login "HTTP/1.1 401 Unauthorized"
INFO     root:main.py:34 RequisiþÒo: PUT http://testserver/tools/grupos/group1
INFO     app.auth:auth.py:90 Auth: Validating JWT. Key used (first 10 chars): testsecret
INFO     app.auth:auth.py:91 Auth: Received token for validation (first 20 chars): None...
INFO     app.auth:auth.py:95 Auth: Using PyJWT version 2.8.0
WARNING  app.auth:auth.py:120 Token invßlido
INFO     root:main.py:36 Resposta: 401 para PUT http://testserver/tools/grupos/group1
INFO     httpx:_client.py:1025 HTTP Request: PUT http://testserver/tools/grupos/group1 "HTTP/1.1 401 Unauthorized"
__________________________ test_delete_group_success __________________________

client = <starlette.testclient.TestClient object at 0x000001C654B54290>
auth_token_for_user = <function auth_token_for_user.<locals>._get_token at 0x000001C654DEFF60>

    def test_delete_group_success(client: TestClient, auth_token_for_user):
        token = auth_token_for_user("globaladmin", "password_global")
        headers = {"Authorization": f"Bearer {token}"}
    
        # First, create a group to delete to avoid altering master data needed for other tests
        group_to_delete_name = "group_to_be_deleted_test"
        client.post("/tools/grupos", headers=headers, json={"nome": group_to_delete_name, "descricao": "temp group"})
    
        # Add a user to this group to test if user's group list is updated
        rbac_data_before_delete = load_rbac_data(WORKING_RBAC_FILE)
>       rbac_data_before_delete["usuarios"]["testuser1"]["grupos"].append(group_to_delete_name)
E       KeyError: 'testuser1'

tests\integration\test_admin_groups_api.py:186: KeyError
---------------------------- Captured stderr call -----------------------------
INFO:root:RequisiþÒo: POST http://testserver/tools/login
WARNING:app.groups.routes:Tentativa de login invßlida para usußrio 'globaladmin'
INFO:root:Resposta: 401 para POST http://testserver/tools/login
INFO:httpx:HTTP Request: POST http://testserver/tools/login "HTTP/1.1 401 Unauthorized"
INFO:root:RequisiþÒo: POST http://testserver/tools/grupos
INFO:app.auth:Auth: Validating JWT. Key used (first 10 chars): testsecret
INFO:app.auth:Auth: Received token for validation (first 20 chars): None...
INFO:app.auth:Auth: Using PyJWT version 2.8.0
WARNING:app.auth:Token invßlido
INFO:root:Resposta: 401 para POST http://testserver/tools/grupos
INFO:httpx:HTTP Request: POST http://testserver/tools/grupos "HTTP/1.1 401 Unauthorized"
------------------------------ Captured log call ------------------------------
INFO     root:main.py:34 RequisiþÒo: POST http://testserver/tools/login
WARNING  app.groups.routes:routes.py:70 Tentativa de login invßlida para usußrio 'globaladmin'
INFO     root:main.py:36 Resposta: 401 para POST http://testserver/tools/login
INFO     httpx:_client.py:1025 HTTP Request: POST http://testserver/tools/login "HTTP/1.1 401 Unauthorized"
INFO     root:main.py:34 RequisiþÒo: POST http://testserver/tools/grupos
INFO     app.auth:auth.py:90 Auth: Validating JWT. Key used (first 10 chars): testsecret
INFO     app.auth:auth.py:91 Auth: Received token for validation (first 20 chars): None...
INFO     app.auth:auth.py:95 Auth: Using PyJWT version 2.8.0
WARNING  app.auth:auth.py:120 Token invßlido
INFO     root:main.py:36 Resposta: 401 para POST http://testserver/tools/grupos
INFO     httpx:_client.py:1025 HTTP Request: POST http://testserver/tools/grupos "HTTP/1.1 401 Unauthorized"
_________________________ test_delete_group_not_found _________________________

client = <starlette.testclient.TestClient object at 0x000001C654B54290>
auth_token_for_user = <function auth_token_for_user.<locals>._get_token at 0x000001C654DEF6A0>

    def test_delete_group_not_found(client: TestClient, auth_token_for_user):
        token = auth_token_for_user("globaladmin", "password_global")
        headers = {"Authorization": f"Bearer {token}"}
    
        response = client.delete("/tools/grupos/non_existent_group_for_delete", headers=headers)
    
>       assert response.status_code == 404
E       assert 401 == 404
E        +  where 401 = <Response [401 Unauthorized]>.status_code

tests\integration\test_admin_groups_api.py:208: AssertionError
---------------------------- Captured stderr call -----------------------------
INFO:root:RequisiþÒo: POST http://testserver/tools/login
WARNING:app.groups.routes:Tentativa de login invßlida para usußrio 'globaladmin'
INFO:root:Resposta: 401 para POST http://testserver/tools/login
INFO:httpx:HTTP Request: POST http://testserver/tools/login "HTTP/1.1 401 Unauthorized"
INFO:root:RequisiþÒo: DELETE http://testserver/tools/grupos/non_existent_group_for_delete
INFO:app.auth:Auth: Validating JWT. Key used (first 10 chars): testsecret
INFO:app.auth:Auth: Received token for validation (first 20 chars): None...
INFO:app.auth:Auth: Using PyJWT version 2.8.0
WARNING:app.auth:Token invßlido
INFO:root:Resposta: 401 para DELETE http://testserver/tools/grupos/non_existent_group_for_delete
INFO:httpx:HTTP Request: DELETE http://testserver/tools/grupos/non_existent_group_for_delete "HTTP/1.1 401 Unauthorized"
------------------------------ Captured log call ------------------------------
INFO     root:main.py:34 RequisiþÒo: POST http://testserver/tools/login
WARNING  app.groups.routes:routes.py:70 Tentativa de login invßlida para usußrio 'globaladmin'
INFO     root:main.py:36 Resposta: 401 para POST http://testserver/tools/login
INFO     httpx:_client.py:1025 HTTP Request: POST http://testserver/tools/login "HTTP/1.1 401 Unauthorized"
INFO     root:main.py:34 RequisiþÒo: DELETE http://testserver/tools/grupos/non_existent_group_for_delete
INFO     app.auth:auth.py:90 Auth: Validating JWT. Key used (first 10 chars): testsecret
INFO     app.auth:auth.py:91 Auth: Received token for validation (first 20 chars): None...
INFO     app.auth:auth.py:95 Auth: Using PyJWT version 2.8.0
WARNING  app.auth:auth.py:120 Token invßlido
INFO     root:main.py:36 Resposta: 401 para DELETE http://testserver/tools/grupos/non_existent_group_for_delete
INFO     httpx:_client.py:1025 HTTP Request: DELETE http://testserver/tools/grupos/non_existent_group_for_delete "HTTP/1.1 401 Unauthorized"
_____________________ test_delete_group_not_global_admin ______________________

client = <starlette.testclient.TestClient object at 0x000001C654B54290>
auth_token_for_user = <function auth_token_for_user.<locals>._get_token at 0x000001C654E80CC0>

    def test_delete_group_not_global_admin(client: TestClient, auth_token_for_user):
        token = auth_token_for_user("admin_group1", "password_admin_g1")
        headers = {"Authorization": f"Bearer {token}"}
    
        # admin_group1 should not be able to delete group1 even if they are admin of it
        response = client.delete("/tools/grupos/group1", headers=headers)
    
>       assert response.status_code == 403
E       assert 401 == 403
E        +  where 401 = <Response [401 Unauthorized]>.status_code

tests\integration\test_admin_groups_api.py:218: AssertionError
---------------------------- Captured stderr call -----------------------------
INFO:root:RequisiþÒo: POST http://testserver/tools/login
WARNING:app.groups.routes:Tentativa de login invßlida para usußrio 'admin_group1'
INFO:root:Resposta: 401 para POST http://testserver/tools/login
INFO:httpx:HTTP Request: POST http://testserver/tools/login "HTTP/1.1 401 Unauthorized"
INFO:root:RequisiþÒo: DELETE http://testserver/tools/grupos/group1
INFO:app.auth:Auth: Validating JWT. Key used (first 10 chars): testsecret
INFO:app.auth:Auth: Received token for validation (first 20 chars): None...
INFO:app.auth:Auth: Using PyJWT version 2.8.0
WARNING:app.auth:Token invßlido
INFO:root:Resposta: 401 para DELETE http://testserver/tools/grupos/group1
INFO:httpx:HTTP Request: DELETE http://testserver/tools/grupos/group1 "HTTP/1.1 401 Unauthorized"
------------------------------ Captured log call ------------------------------
INFO     root:main.py:34 RequisiþÒo: POST http://testserver/tools/login
WARNING  app.groups.routes:routes.py:70 Tentativa de login invßlida para usußrio 'admin_group1'
INFO     root:main.py:36 Resposta: 401 para POST http://testserver/tools/login
INFO     httpx:_client.py:1025 HTTP Request: POST http://testserver/tools/login "HTTP/1.1 401 Unauthorized"
INFO     root:main.py:34 RequisiþÒo: DELETE http://testserver/tools/grupos/group1
INFO     app.auth:auth.py:90 Auth: Validating JWT. Key used (first 10 chars): testsecret
INFO     app.auth:auth.py:91 Auth: Received token for validation (first 20 chars): None...
INFO     app.auth:auth.py:95 Auth: Using PyJWT version 2.8.0
WARNING  app.auth:auth.py:120 Token invßlido
INFO     root:main.py:36 Resposta: 401 para DELETE http://testserver/tools/grupos/group1
INFO     httpx:_client.py:1025 HTTP Request: DELETE http://testserver/tools/grupos/group1 "HTTP/1.1 401 Unauthorized"
_____________________ test_add_user_to_group_global_admin _____________________

client = <starlette.testclient.TestClient object at 0x000001C654B54290>
auth_token_for_user = <function auth_token_for_user.<locals>._get_token at 0x000001C654E81800>
setup_group_for_user_management = ('user_manage_group', 'requesteruser', {'Authorization': 'Bearer None'})

    def test_add_user_to_group_global_admin(client: TestClient, auth_token_for_user, setup_group_for_user_management):
        group_name, user_to_add, headers_ga = setup_group_for_user_management
    
        response = client.post(f"/tools/grupos/{group_name}/usuarios", headers=headers_ga, json={"username": user_to_add})
>       assert response.status_code == 200, response.text
E       AssertionError: {"detail":"Token invßlido"}
E       assert 401 == 200
E        +  where 401 = <Response [401 Unauthorized]>.status_code

tests\integration\test_admin_groups_api.py:260: AssertionError
---------------------------- Captured stderr setup ----------------------------
INFO:root:RequisiþÒo: POST http://testserver/tools/login
WARNING:app.groups.routes:Tentativa de login invßlida para usußrio 'globaladmin'
INFO:root:Resposta: 401 para POST http://testserver/tools/login
INFO:httpx:HTTP Request: POST http://testserver/tools/login "HTTP/1.1 401 Unauthorized"
INFO:root:RequisiþÒo: DELETE http://testserver/tools/grupos/user_manage_group
INFO:app.auth:Auth: Validating JWT. Key used (first 10 chars): testsecret
INFO:app.auth:Auth: Received token for validation (first 20 chars): None...
INFO:app.auth:Auth: Using PyJWT version 2.8.0
WARNING:app.auth:Token invßlido
INFO:root:Resposta: 401 para DELETE http://testserver/tools/grupos/user_manage_group
INFO:httpx:HTTP Request: DELETE http://testserver/tools/grupos/user_manage_group "HTTP/1.1 401 Unauthorized"
INFO:root:RequisiþÒo: DELETE http://testserver/tools/usuarios/user_for_group_manage
INFO:app.auth:Auth: Validating JWT. Key used (first 10 chars): testsecret
INFO:app.auth:Auth: Received token for validation (first 20 chars): None...
INFO:app.auth:Auth: Using PyJWT version 2.8.0
WARNING:app.auth:Token invßlido
INFO:root:Resposta: 401 para DELETE http://testserver/tools/usuarios/user_for_group_manage
INFO:httpx:HTTP Request: DELETE http://testserver/tools/usuarios/user_for_group_manage "HTTP/1.1 401 Unauthorized"
INFO:root:RequisiþÒo: POST http://testserver/tools/grupos
INFO:app.auth:Auth: Validating JWT. Key used (first 10 chars): testsecret
INFO:app.auth:Auth: Received token for validation (first 20 chars): None...
INFO:app.auth:Auth: Using PyJWT version 2.8.0
WARNING:app.auth:Token invßlido
INFO:root:Resposta: 401 para POST http://testserver/tools/grupos
INFO:httpx:HTTP Request: POST http://testserver/tools/grupos "HTTP/1.1 401 Unauthorized"
----------------------------- Captured log setup ------------------------------
INFO     root:main.py:34 RequisiþÒo: POST http://testserver/tools/login
WARNING  app.groups.routes:routes.py:70 Tentativa de login invßlida para usußrio 'globaladmin'
INFO     root:main.py:36 Resposta: 401 para POST http://testserver/tools/login
INFO     httpx:_client.py:1025 HTTP Request: POST http://testserver/tools/login "HTTP/1.1 401 Unauthorized"
INFO     root:main.py:34 RequisiþÒo: DELETE http://testserver/tools/grupos/user_manage_group
INFO     app.auth:auth.py:90 Auth: Validating JWT. Key used (first 10 chars): testsecret
INFO     app.auth:auth.py:91 Auth: Received token for validation (first 20 chars): None...
INFO     app.auth:auth.py:95 Auth: Using PyJWT version 2.8.0
WARNING  app.auth:auth.py:120 Token invßlido
INFO     root:main.py:36 Resposta: 401 para DELETE http://testserver/tools/grupos/user_manage_group
INFO     httpx:_client.py:1025 HTTP Request: DELETE http://testserver/tools/grupos/user_manage_group "HTTP/1.1 401 Unauthorized"
INFO     root:main.py:34 RequisiþÒo: DELETE http://testserver/tools/usuarios/user_for_group_manage
INFO     app.auth:auth.py:90 Auth: Validating JWT. Key used (first 10 chars): testsecret
INFO     app.auth:auth.py:91 Auth: Received token for validation (first 20 chars): None...
INFO     app.auth:auth.py:95 Auth: Using PyJWT version 2.8.0
WARNING  app.auth:auth.py:120 Token invßlido
INFO     root:main.py:36 Resposta: 401 para DELETE http://testserver/tools/usuarios/user_for_group_manage
INFO     httpx:_client.py:1025 HTTP Request: DELETE http://testserver/tools/usuarios/user_for_group_manage "HTTP/1.1 401 Unauthorized"
INFO     root:main.py:34 RequisiþÒo: POST http://testserver/tools/grupos
INFO     app.auth:auth.py:90 Auth: Validating JWT. Key used (first 10 chars): testsecret
INFO     app.auth:auth.py:91 Auth: Received token for validation (first 20 chars): None...
INFO     app.auth:auth.py:95 Auth: Using PyJWT version 2.8.0
WARNING  app.auth:auth.py:120 Token invßlido
INFO     root:main.py:36 Resposta: 401 para POST http://testserver/tools/grupos
INFO     httpx:_client.py:1025 HTTP Request: POST http://testserver/tools/grupos "HTTP/1.1 401 Unauthorized"
---------------------------- Captured stderr call -----------------------------
INFO:root:RequisiþÒo: POST http://testserver/tools/grupos/user_manage_group/usuarios
INFO:app.auth:Auth: Validating JWT. Key used (first 10 chars): testsecret
INFO:app.auth:Auth: Received token for validation (first 20 chars): None...
INFO:app.auth:Auth: Using PyJWT version 2.8.0
WARNING:app.auth:Token invßlido
INFO:root:Resposta: 401 para POST http://testserver/tools/grupos/user_manage_group/usuarios
INFO:httpx:HTTP Request: POST http://testserver/tools/grupos/user_manage_group/usuarios "HTTP/1.1 401 Unauthorized"
------------------------------ Captured log call ------------------------------
INFO     root:main.py:34 RequisiþÒo: POST http://testserver/tools/grupos/user_manage_group/usuarios
INFO     app.auth:auth.py:90 Auth: Validating JWT. Key used (first 10 chars): testsecret
INFO     app.auth:auth.py:91 Auth: Received token for validation (first 20 chars): None...
INFO     app.auth:auth.py:95 Auth: Using PyJWT version 2.8.0
WARNING  app.auth:auth.py:120 Token invßlido
INFO     root:main.py:36 Resposta: 401 para POST http://testserver/tools/grupos/user_manage_group/usuarios
INFO     httpx:_client.py:1025 HTTP Request: POST http://testserver/tools/grupos/user_manage_group/usuarios "HTTP/1.1 401 Unauthorized"
_____________________ test_add_user_to_group_group_admin ______________________

client = <starlette.testclient.TestClient object at 0x000001C654B54290>
auth_token_for_user = <function auth_token_for_user.<locals>._get_token at 0x000001C654E800E0>
setup_group_for_user_management = ('user_manage_group', 'requesteruser', {'Authorization': 'Bearer None'})

    def test_add_user_to_group_group_admin(client: TestClient, auth_token_for_user, setup_group_for_user_management):
        group_name, user_to_add, headers_ga = setup_group_for_user_management
    
        # Adiciona 'admin_group1' como membro antes de promover a admin
        client.post(f"/tools/grupos/{group_name}/usuarios", headers=headers_ga, json={"username": "admin_group1"})
        client.post(f"/tools/grupos/{group_name}/admins", headers=headers_ga, json={"username": "admin_group1"})
        group_admin_token = auth_token_for_user("admin_group1", "password_admin_g1")
        headers_group_admin = {"Authorization": f"Bearer {group_admin_token}"}
        response = client.post(f"/tools/grupos/{group_name}/usuarios", headers=headers_group_admin, json={"username": user_to_add})
>       assert response.status_code == 200, response.text
E       AssertionError: {"detail":"Token invßlido"}
E       assert 401 == 200
E        +  where 401 = <Response [401 Unauthorized]>.status_code

tests\integration\test_admin_groups_api.py:276: AssertionError
---------------------------- Captured stderr setup ----------------------------
INFO:root:RequisiþÒo: POST http://testserver/tools/login
WARNING:app.groups.routes:Tentativa de login invßlida para usußrio 'globaladmin'
INFO:root:Resposta: 401 para POST http://testserver/tools/login
INFO:httpx:HTTP Request: POST http://testserver/tools/login "HTTP/1.1 401 Unauthorized"
INFO:root:RequisiþÒo: DELETE http://testserver/tools/grupos/user_manage_group
INFO:app.auth:Auth: Validating JWT. Key used (first 10 chars): testsecret
INFO:app.auth:Auth: Received token for validation (first 20 chars): None...
INFO:app.auth:Auth: Using PyJWT version 2.8.0
WARNING:app.auth:Token invßlido
INFO:root:Resposta: 401 para DELETE http://testserver/tools/grupos/user_manage_group
INFO:httpx:HTTP Request: DELETE http://testserver/tools/grupos/user_manage_group "HTTP/1.1 401 Unauthorized"
INFO:root:RequisiþÒo: DELETE http://testserver/tools/usuarios/user_for_group_manage
INFO:app.auth:Auth: Validating JWT. Key used (first 10 chars): testsecret
INFO:app.auth:Auth: Received token for validation (first 20 chars): None...
INFO:app.auth:Auth: Using PyJWT version 2.8.0
WARNING:app.auth:Token invßlido
INFO:root:Resposta: 401 para DELETE http://testserver/tools/usuarios/user_for_group_manage
INFO:httpx:HTTP Request: DELETE http://testserver/tools/usuarios/user_for_group_manage "HTTP/1.1 401 Unauthorized"
INFO:root:RequisiþÒo: POST http://testserver/tools/grupos
INFO:app.auth:Auth: Validating JWT. Key used (first 10 chars): testsecret
INFO:app.auth:Auth: Received token for validation (first 20 chars): None...
INFO:app.auth:Auth: Using PyJWT version 2.8.0
WARNING:app.auth:Token invßlido
INFO:root:Resposta: 401 para POST http://testserver/tools/grupos
INFO:httpx:HTTP Request: POST http://testserver/tools/grupos "HTTP/1.1 401 Unauthorized"
----------------------------- Captured log setup ------------------------------
INFO     root:main.py:34 RequisiþÒo: POST http://testserver/tools/login
WARNING  app.groups.routes:routes.py:70 Tentativa de login invßlida para usußrio 'globaladmin'
INFO     root:main.py:36 Resposta: 401 para POST http://testserver/tools/login
INFO     httpx:_client.py:1025 HTTP Request: POST http://testserver/tools/login "HTTP/1.1 401 Unauthorized"
INFO     root:main.py:34 RequisiþÒo: DELETE http://testserver/tools/grupos/user_manage_group
INFO     app.auth:auth.py:90 Auth: Validating JWT. Key used (first 10 chars): testsecret
INFO     app.auth:auth.py:91 Auth: Received token for validation (first 20 chars): None...
INFO     app.auth:auth.py:95 Auth: Using PyJWT version 2.8.0
WARNING  app.auth:auth.py:120 Token invßlido
INFO     root:main.py:36 Resposta: 401 para DELETE http://testserver/tools/grupos/user_manage_group
INFO     httpx:_client.py:1025 HTTP Request: DELETE http://testserver/tools/grupos/user_manage_group "HTTP/1.1 401 Unauthorized"
INFO     root:main.py:34 RequisiþÒo: DELETE http://testserver/tools/usuarios/user_for_group_manage
INFO     app.auth:auth.py:90 Auth: Validating JWT. Key used (first 10 chars): testsecret
INFO     app.auth:auth.py:91 Auth: Received token for validation (first 20 chars): None...
INFO     app.auth:auth.py:95 Auth: Using PyJWT version 2.8.0
WARNING  app.auth:auth.py:120 Token invßlido
INFO     root:main.py:36 Resposta: 401 para DELETE http://testserver/tools/usuarios/user_for_group_manage
INFO     httpx:_client.py:1025 HTTP Request: DELETE http://testserver/tools/usuarios/user_for_group_manage "HTTP/1.1 401 Unauthorized"
INFO     root:main.py:34 RequisiþÒo: POST http://testserver/tools/grupos
INFO     app.auth:auth.py:90 Auth: Validating JWT. Key used (first 10 chars): testsecret
INFO     app.auth:auth.py:91 Auth: Received token for validation (first 20 chars): None...
INFO     app.auth:auth.py:95 Auth: Using PyJWT version 2.8.0
WARNING  app.auth:auth.py:120 Token invßlido
INFO     root:main.py:36 Resposta: 401 para POST http://testserver/tools/grupos
INFO     httpx:_client.py:1025 HTTP Request: POST http://testserver/tools/grupos "HTTP/1.1 401 Unauthorized"
---------------------------- Captured stderr call -----------------------------
INFO:root:RequisiþÒo: POST http://testserver/tools/grupos/user_manage_group/usuarios
INFO:app.auth:Auth: Validating JWT. Key used (first 10 chars): testsecret
INFO:app.auth:Auth: Received token for validation (first 20 chars): None...
INFO:app.auth:Auth: Using PyJWT version 2.8.0
WARNING:app.auth:Token invßlido
INFO:root:Resposta: 401 para POST http://testserver/tools/grupos/user_manage_group/usuarios
INFO:httpx:HTTP Request: POST http://testserver/tools/grupos/user_manage_group/usuarios "HTTP/1.1 401 Unauthorized"
INFO:root:RequisiþÒo: POST http://testserver/tools/grupos/user_manage_group/admins
INFO:app.auth:Auth: Validating JWT. Key used (first 10 chars): testsecret
INFO:app.auth:Auth: Received token for validation (first 20 chars): None...
INFO:app.auth:Auth: Using PyJWT version 2.8.0
WARNING:app.auth:Token invßlido
INFO:root:Resposta: 401 para POST http://testserver/tools/grupos/user_manage_group/admins
INFO:httpx:HTTP Request: POST http://testserver/tools/grupos/user_manage_group/admins "HTTP/1.1 401 Unauthorized"
INFO:root:RequisiþÒo: POST http://testserver/tools/login
WARNING:app.groups.routes:Tentativa de login invßlida para usußrio 'admin_group1'
INFO:root:Resposta: 401 para POST http://testserver/tools/login
INFO:httpx:HTTP Request: POST http://testserver/tools/login "HTTP/1.1 401 Unauthorized"
INFO:root:RequisiþÒo: POST http://testserver/tools/grupos/user_manage_group/usuarios
INFO:app.auth:Auth: Validating JWT. Key used (first 10 chars): testsecret
INFO:app.auth:Auth: Received token for validation (first 20 chars): None...
INFO:app.auth:Auth: Using PyJWT version 2.8.0
WARNING:app.auth:Token invßlido
INFO:root:Resposta: 401 para POST http://testserver/tools/grupos/user_manage_group/usuarios
INFO:httpx:HTTP Request: POST http://testserver/tools/grupos/user_manage_group/usuarios "HTTP/1.1 401 Unauthorized"
------------------------------ Captured log call ------------------------------
INFO     root:main.py:34 RequisiþÒo: POST http://testserver/tools/grupos/user_manage_group/usuarios
INFO     app.auth:auth.py:90 Auth: Validating JWT. Key used (first 10 chars): testsecret
INFO     app.auth:auth.py:91 Auth: Received token for validation (first 20 chars): None...
INFO     app.auth:auth.py:95 Auth: Using PyJWT version 2.8.0
WARNING  app.auth:auth.py:120 Token invßlido
INFO     root:main.py:36 Resposta: 401 para POST http://testserver/tools/grupos/user_manage_group/usuarios
INFO     httpx:_client.py:1025 HTTP Request: POST http://testserver/tools/grupos/user_manage_group/usuarios "HTTP/1.1 401 Unauthorized"
INFO     root:main.py:34 RequisiþÒo: POST http://testserver/tools/grupos/user_manage_group/admins
INFO     app.auth:auth.py:90 Auth: Validating JWT. Key used (first 10 chars): testsecret
INFO     app.auth:auth.py:91 Auth: Received token for validation (first 20 chars): None...
INFO     app.auth:auth.py:95 Auth: Using PyJWT version 2.8.0
WARNING  app.auth:auth.py:120 Token invßlido
INFO     root:main.py:36 Resposta: 401 para POST http://testserver/tools/grupos/user_manage_group/admins
INFO     httpx:_client.py:1025 HTTP Request: POST http://testserver/tools/grupos/user_manage_group/admins "HTTP/1.1 401 Unauthorized"
INFO     root:main.py:34 RequisiþÒo: POST http://testserver/tools/login
WARNING  app.groups.routes:routes.py:70 Tentativa de login invßlida para usußrio 'admin_group1'
INFO     root:main.py:36 Resposta: 401 para POST http://testserver/tools/login
INFO     httpx:_client.py:1025 HTTP Request: POST http://testserver/tools/login "HTTP/1.1 401 Unauthorized"
INFO     root:main.py:34 RequisiþÒo: POST http://testserver/tools/grupos/user_manage_group/usuarios
INFO     app.auth:auth.py:90 Auth: Validating JWT. Key used (first 10 chars): testsecret
INFO     app.auth:auth.py:91 Auth: Received token for validation (first 20 chars): None...
INFO     app.auth:auth.py:95 Auth: Using PyJWT version 2.8.0
WARNING  app.auth:auth.py:120 Token invßlido
INFO     root:main.py:36 Resposta: 401 para POST http://testserver/tools/grupos/user_manage_group/usuarios
INFO     httpx:_client.py:1025 HTTP Request: POST http://testserver/tools/grupos/user_manage_group/usuarios "HTTP/1.1 401 Unauthorized"
________________ test_add_user_to_group_user_already_in_group _________________

client = <starlette.testclient.TestClient object at 0x000001C654B54290>
auth_token_for_user = <function auth_token_for_user.<locals>._get_token at 0x000001C654D7C040>
setup_group_for_user_management = ('user_manage_group', 'requesteruser', {'Authorization': 'Bearer None'})

    def test_add_user_to_group_user_already_in_group(client: TestClient, auth_token_for_user, setup_group_for_user_management):
        group_name, user_to_add, headers_ga = setup_group_for_user_management
        client.post(f"/tools/grupos/{group_name}/usuarios", headers=headers_ga, json={"username": user_to_add}) # Add first time
    
        response = client.post(f"/tools/grupos/{group_name}/usuarios", headers=headers_ga, json={"username": user_to_add}) # Try adding again
>       assert response.status_code == 200, response.text
E       AssertionError: {"detail":"Token invßlido"}
E       assert 401 == 200
E        +  where 401 = <Response [401 Unauthorized]>.status_code

tests\integration\test_admin_groups_api.py:284: AssertionError
---------------------------- Captured stderr setup ----------------------------
INFO:root:RequisiþÒo: POST http://testserver/tools/login
WARNING:app.groups.routes:Tentativa de login invßlida para usußrio 'globaladmin'
INFO:root:Resposta: 401 para POST http://testserver/tools/login
INFO:httpx:HTTP Request: POST http://testserver/tools/login "HTTP/1.1 401 Unauthorized"
INFO:root:RequisiþÒo: DELETE http://testserver/tools/grupos/user_manage_group
INFO:app.auth:Auth: Validating JWT. Key used (first 10 chars): testsecret
INFO:app.auth:Auth: Received token for validation (first 20 chars): None...
INFO:app.auth:Auth: Using PyJWT version 2.8.0
WARNING:app.auth:Token invßlido
INFO:root:Resposta: 401 para DELETE http://testserver/tools/grupos/user_manage_group
INFO:httpx:HTTP Request: DELETE http://testserver/tools/grupos/user_manage_group "HTTP/1.1 401 Unauthorized"
INFO:root:RequisiþÒo: DELETE http://testserver/tools/usuarios/user_for_group_manage
INFO:app.auth:Auth: Validating JWT. Key used (first 10 chars): testsecret
INFO:app.auth:Auth: Received token for validation (first 20 chars): None...
INFO:app.auth:Auth: Using PyJWT version 2.8.0
WARNING:app.auth:Token invßlido
INFO:root:Resposta: 401 para DELETE http://testserver/tools/usuarios/user_for_group_manage
INFO:httpx:HTTP Request: DELETE http://testserver/tools/usuarios/user_for_group_manage "HTTP/1.1 401 Unauthorized"
INFO:root:RequisiþÒo: POST http://testserver/tools/grupos
INFO:app.auth:Auth: Validating JWT. Key used (first 10 chars): testsecret
INFO:app.auth:Auth: Received token for validation (first 20 chars): None...
INFO:app.auth:Auth: Using PyJWT version 2.8.0
WARNING:app.auth:Token invßlido
INFO:root:Resposta: 401 para POST http://testserver/tools/grupos
INFO:httpx:HTTP Request: POST http://testserver/tools/grupos "HTTP/1.1 401 Unauthorized"
----------------------------- Captured log setup ------------------------------
INFO     root:main.py:34 RequisiþÒo: POST http://testserver/tools/login
WARNING  app.groups.routes:routes.py:70 Tentativa de login invßlida para usußrio 'globaladmin'
INFO     root:main.py:36 Resposta: 401 para POST http://testserver/tools/login
INFO     httpx:_client.py:1025 HTTP Request: POST http://testserver/tools/login "HTTP/1.1 401 Unauthorized"
INFO     root:main.py:34 RequisiþÒo: DELETE http://testserver/tools/grupos/user_manage_group
INFO     app.auth:auth.py:90 Auth: Validating JWT. Key used (first 10 chars): testsecret
INFO     app.auth:auth.py:91 Auth: Received token for validation (first 20 chars): None...
INFO     app.auth:auth.py:95 Auth: Using PyJWT version 2.8.0
WARNING  app.auth:auth.py:120 Token invßlido
INFO     root:main.py:36 Resposta: 401 para DELETE http://testserver/tools/grupos/user_manage_group
INFO     httpx:_client.py:1025 HTTP Request: DELETE http://testserver/tools/grupos/user_manage_group "HTTP/1.1 401 Unauthorized"
INFO     root:main.py:34 RequisiþÒo: DELETE http://testserver/tools/usuarios/user_for_group_manage
INFO     app.auth:auth.py:90 Auth: Validating JWT. Key used (first 10 chars): testsecret
INFO     app.auth:auth.py:91 Auth: Received token for validation (first 20 chars): None...
INFO     app.auth:auth.py:95 Auth: Using PyJWT version 2.8.0
WARNING  app.auth:auth.py:120 Token invßlido
INFO     root:main.py:36 Resposta: 401 para DELETE http://testserver/tools/usuarios/user_for_group_manage
INFO     httpx:_client.py:1025 HTTP Request: DELETE http://testserver/tools/usuarios/user_for_group_manage "HTTP/1.1 401 Unauthorized"
INFO     root:main.py:34 RequisiþÒo: POST http://testserver/tools/grupos
INFO     app.auth:auth.py:90 Auth: Validating JWT. Key used (first 10 chars): testsecret
INFO     app.auth:auth.py:91 Auth: Received token for validation (first 20 chars): None...
INFO     app.auth:auth.py:95 Auth: Using PyJWT version 2.8.0
WARNING  app.auth:auth.py:120 Token invßlido
INFO     root:main.py:36 Resposta: 401 para POST http://testserver/tools/grupos
INFO     httpx:_client.py:1025 HTTP Request: POST http://testserver/tools/grupos "HTTP/1.1 401 Unauthorized"
---------------------------- Captured stderr call -----------------------------
INFO:root:RequisiþÒo: POST http://testserver/tools/grupos/user_manage_group/usuarios
INFO:app.auth:Auth: Validating JWT. Key used (first 10 chars): testsecret
INFO:app.auth:Auth: Received token for validation (first 20 chars): None...
INFO:app.auth:Auth: Using PyJWT version 2.8.0
WARNING:app.auth:Token invßlido
INFO:root:Resposta: 401 para POST http://testserver/tools/grupos/user_manage_group/usuarios
INFO:httpx:HTTP Request: POST http://testserver/tools/grupos/user_manage_group/usuarios "HTTP/1.1 401 Unauthorized"
INFO:root:RequisiþÒo: POST http://testserver/tools/grupos/user_manage_group/usuarios
INFO:app.auth:Auth: Validating JWT. Key used (first 10 chars): testsecret
INFO:app.auth:Auth: Received token for validation (first 20 chars): None...
INFO:app.auth:Auth: Using PyJWT version 2.8.0
WARNING:app.auth:Token invßlido
INFO:root:Resposta: 401 para POST http://testserver/tools/grupos/user_manage_group/usuarios
INFO:httpx:HTTP Request: POST http://testserver/tools/grupos/user_manage_group/usuarios "HTTP/1.1 401 Unauthorized"
------------------------------ Captured log call ------------------------------
INFO     root:main.py:34 RequisiþÒo: POST http://testserver/tools/grupos/user_manage_group/usuarios
INFO     app.auth:auth.py:90 Auth: Validating JWT. Key used (first 10 chars): testsecret
INFO     app.auth:auth.py:91 Auth: Received token for validation (first 20 chars): None...
INFO     app.auth:auth.py:95 Auth: Using PyJWT version 2.8.0
WARNING  app.auth:auth.py:120 Token invßlido
INFO     root:main.py:36 Resposta: 401 para POST http://testserver/tools/grupos/user_manage_group/usuarios
INFO     httpx:_client.py:1025 HTTP Request: POST http://testserver/tools/grupos/user_manage_group/usuarios "HTTP/1.1 401 Unauthorized"
INFO     root:main.py:34 RequisiþÒo: POST http://testserver/tools/grupos/user_manage_group/usuarios
INFO     app.auth:auth.py:90 Auth: Validating JWT. Key used (first 10 chars): testsecret
INFO     app.auth:auth.py:91 Auth: Received token for validation (first 20 chars): None...
INFO     app.auth:auth.py:95 Auth: Using PyJWT version 2.8.0
WARNING  app.auth:auth.py:120 Token invßlido
INFO     root:main.py:36 Resposta: 401 para POST http://testserver/tools/grupos/user_manage_group/usuarios
INFO     httpx:_client.py:1025 HTTP Request: POST http://testserver/tools/grupos/user_manage_group/usuarios "HTTP/1.1 401 Unauthorized"
____________________ test_add_user_to_group_user_not_exist ____________________

client = <starlette.testclient.TestClient object at 0x000001C654B54290>
auth_token_for_user = <function auth_token_for_user.<locals>._get_token at 0x000001C654DEF560>
setup_group_for_user_management = ('user_manage_group', 'requesteruser', {'Authorization': 'Bearer None'})

    def test_add_user_to_group_user_not_exist(client: TestClient, auth_token_for_user, setup_group_for_user_management):
        group_name, _, headers_ga = setup_group_for_user_management
        response = client.post(f"/tools/grupos/{group_name}/usuarios", headers=headers_ga, json={"username": "non_existent_user_for_add"})
>       assert response.status_code == 400, response.text
E       AssertionError: {"detail":"Token invßlido"}
E       assert 401 == 400
E        +  where 401 = <Response [401 Unauthorized]>.status_code

tests\integration\test_admin_groups_api.py:294: AssertionError
---------------------------- Captured stderr setup ----------------------------
INFO:root:RequisiþÒo: POST http://testserver/tools/login
WARNING:app.groups.routes:Tentativa de login invßlida para usußrio 'globaladmin'
INFO:root:Resposta: 401 para POST http://testserver/tools/login
INFO:httpx:HTTP Request: POST http://testserver/tools/login "HTTP/1.1 401 Unauthorized"
INFO:root:RequisiþÒo: DELETE http://testserver/tools/grupos/user_manage_group
INFO:app.auth:Auth: Validating JWT. Key used (first 10 chars): testsecret
INFO:app.auth:Auth: Received token for validation (first 20 chars): None...
INFO:app.auth:Auth: Using PyJWT version 2.8.0
WARNING:app.auth:Token invßlido
INFO:root:Resposta: 401 para DELETE http://testserver/tools/grupos/user_manage_group
INFO:httpx:HTTP Request: DELETE http://testserver/tools/grupos/user_manage_group "HTTP/1.1 401 Unauthorized"
INFO:root:RequisiþÒo: DELETE http://testserver/tools/usuarios/user_for_group_manage
INFO:app.auth:Auth: Validating JWT. Key used (first 10 chars): testsecret
INFO:app.auth:Auth: Received token for validation (first 20 chars): None...
INFO:app.auth:Auth: Using PyJWT version 2.8.0
WARNING:app.auth:Token invßlido
INFO:root:Resposta: 401 para DELETE http://testserver/tools/usuarios/user_for_group_manage
INFO:httpx:HTTP Request: DELETE http://testserver/tools/usuarios/user_for_group_manage "HTTP/1.1 401 Unauthorized"
INFO:root:RequisiþÒo: POST http://testserver/tools/grupos
INFO:app.auth:Auth: Validating JWT. Key used (first 10 chars): testsecret
INFO:app.auth:Auth: Received token for validation (first 20 chars): None...
INFO:app.auth:Auth: Using PyJWT version 2.8.0
WARNING:app.auth:Token invßlido
INFO:root:Resposta: 401 para POST http://testserver/tools/grupos
INFO:httpx:HTTP Request: POST http://testserver/tools/grupos "HTTP/1.1 401 Unauthorized"
----------------------------- Captured log setup ------------------------------
INFO     root:main.py:34 RequisiþÒo: POST http://testserver/tools/login
WARNING  app.groups.routes:routes.py:70 Tentativa de login invßlida para usußrio 'globaladmin'
INFO     root:main.py:36 Resposta: 401 para POST http://testserver/tools/login
INFO     httpx:_client.py:1025 HTTP Request: POST http://testserver/tools/login "HTTP/1.1 401 Unauthorized"
INFO     root:main.py:34 RequisiþÒo: DELETE http://testserver/tools/grupos/user_manage_group
INFO     app.auth:auth.py:90 Auth: Validating JWT. Key used (first 10 chars): testsecret
INFO     app.auth:auth.py:91 Auth: Received token for validation (first 20 chars): None...
INFO     app.auth:auth.py:95 Auth: Using PyJWT version 2.8.0
WARNING  app.auth:auth.py:120 Token invßlido
INFO     root:main.py:36 Resposta: 401 para DELETE http://testserver/tools/grupos/user_manage_group
INFO     httpx:_client.py:1025 HTTP Request: DELETE http://testserver/tools/grupos/user_manage_group "HTTP/1.1 401 Unauthorized"
INFO     root:main.py:34 RequisiþÒo: DELETE http://testserver/tools/usuarios/user_for_group_manage
INFO     app.auth:auth.py:90 Auth: Validating JWT. Key used (first 10 chars): testsecret
INFO     app.auth:auth.py:91 Auth: Received token for validation (first 20 chars): None...
INFO     app.auth:auth.py:95 Auth: Using PyJWT version 2.8.0
WARNING  app.auth:auth.py:120 Token invßlido
INFO     root:main.py:36 Resposta: 401 para DELETE http://testserver/tools/usuarios/user_for_group_manage
INFO     httpx:_client.py:1025 HTTP Request: DELETE http://testserver/tools/usuarios/user_for_group_manage "HTTP/1.1 401 Unauthorized"
INFO     root:main.py:34 RequisiþÒo: POST http://testserver/tools/grupos
INFO     app.auth:auth.py:90 Auth: Validating JWT. Key used (first 10 chars): testsecret
INFO     app.auth:auth.py:91 Auth: Received token for validation (first 20 chars): None...
INFO     app.auth:auth.py:95 Auth: Using PyJWT version 2.8.0
WARNING  app.auth:auth.py:120 Token invßlido
INFO     root:main.py:36 Resposta: 401 para POST http://testserver/tools/grupos
INFO     httpx:_client.py:1025 HTTP Request: POST http://testserver/tools/grupos "HTTP/1.1 401 Unauthorized"
---------------------------- Captured stderr call -----------------------------
INFO:root:RequisiþÒo: POST http://testserver/tools/grupos/user_manage_group/usuarios
INFO:app.auth:Auth: Validating JWT. Key used (first 10 chars): testsecret
INFO:app.auth:Auth: Received token for validation (first 20 chars): None...
INFO:app.auth:Auth: Using PyJWT version 2.8.0
WARNING:app.auth:Token invßlido
INFO:root:Resposta: 401 para POST http://testserver/tools/grupos/user_manage_group/usuarios
INFO:httpx:HTTP Request: POST http://testserver/tools/grupos/user_manage_group/usuarios "HTTP/1.1 401 Unauthorized"
------------------------------ Captured log call ------------------------------
INFO     root:main.py:34 RequisiþÒo: POST http://testserver/tools/grupos/user_manage_group/usuarios
INFO     app.auth:auth.py:90 Auth: Validating JWT. Key used (first 10 chars): testsecret
INFO     app.auth:auth.py:91 Auth: Received token for validation (first 20 chars): None...
INFO     app.auth:auth.py:95 Auth: Using PyJWT version 2.8.0
WARNING  app.auth:auth.py:120 Token invßlido
INFO     root:main.py:36 Resposta: 401 para POST http://testserver/tools/grupos/user_manage_group/usuarios
INFO     httpx:_client.py:1025 HTTP Request: POST http://testserver/tools/grupos/user_manage_group/usuarios "HTTP/1.1 401 Unauthorized"
___________________ test_add_user_to_group_group_not_exist ____________________

client = <starlette.testclient.TestClient object at 0x000001C654B54290>
auth_token_for_user = <function auth_token_for_user.<locals>._get_token at 0x000001C654D6FA60>

    def test_add_user_to_group_group_not_exist(client: TestClient, auth_token_for_user):
        token = auth_token_for_user("globaladmin", "password_global")
        headers = {"Authorization": f"Bearer {token}"}
        response = client.post("/tools/grupos/non_existent_group_for_user_add/usuarios", headers=headers, json={"username": "testuser1"})
>       assert response.status_code == 404, response.text
E       AssertionError: {"detail":"Token invßlido"}
E       assert 401 == 404
E        +  where 401 = <Response [401 Unauthorized]>.status_code

tests\integration\test_admin_groups_api.py:301: AssertionError
---------------------------- Captured stderr call -----------------------------
INFO:root:RequisiþÒo: POST http://testserver/tools/login
WARNING:app.groups.routes:Tentativa de login invßlida para usußrio 'globaladmin'
INFO:root:Resposta: 401 para POST http://testserver/tools/login
INFO:httpx:HTTP Request: POST http://testserver/tools/login "HTTP/1.1 401 Unauthorized"
INFO:root:RequisiþÒo: POST http://testserver/tools/grupos/non_existent_group_for_user_add/usuarios
INFO:app.auth:Auth: Validating JWT. Key used (first 10 chars): testsecret
INFO:app.auth:Auth: Received token for validation (first 20 chars): None...
INFO:app.auth:Auth: Using PyJWT version 2.8.0
WARNING:app.auth:Token invßlido
INFO:root:Resposta: 401 para POST http://testserver/tools/grupos/non_existent_group_for_user_add/usuarios
INFO:httpx:HTTP Request: POST http://testserver/tools/grupos/non_existent_group_for_user_add/usuarios "HTTP/1.1 401 Unauthorized"
------------------------------ Captured log call ------------------------------
INFO     root:main.py:34 RequisiþÒo: POST http://testserver/tools/login
WARNING  app.groups.routes:routes.py:70 Tentativa de login invßlida para usußrio 'globaladmin'
INFO     root:main.py:36 Resposta: 401 para POST http://testserver/tools/login
INFO     httpx:_client.py:1025 HTTP Request: POST http://testserver/tools/login "HTTP/1.1 401 Unauthorized"
INFO     root:main.py:34 RequisiþÒo: POST http://testserver/tools/grupos/non_existent_group_for_user_add/usuarios
INFO     app.auth:auth.py:90 Auth: Validating JWT. Key used (first 10 chars): testsecret
INFO     app.auth:auth.py:91 Auth: Received token for validation (first 20 chars): None...
INFO     app.auth:auth.py:95 Auth: Using PyJWT version 2.8.0
WARNING  app.auth:auth.py:120 Token invßlido
INFO     root:main.py:36 Resposta: 401 para POST http://testserver/tools/grupos/non_existent_group_for_user_add/usuarios
INFO     httpx:_client.py:1025 HTTP Request: POST http://testserver/tools/grupos/non_existent_group_for_user_add/usuarios "HTTP/1.1 401 Unauthorized"
____________________ test_add_user_to_group_no_permission _____________________

client = <starlette.testclient.TestClient object at 0x000001C654B54290>
auth_token_for_user = <function auth_token_for_user.<locals>._get_token at 0x000001C654D22660>
setup_group_for_user_management = ('user_manage_group', 'requesteruser', {'Authorization': 'Bearer None'})

    def test_add_user_to_group_no_permission(client: TestClient, auth_token_for_user, setup_group_for_user_management):
        group_name, user_to_add, _ = setup_group_for_user_management
        regular_user_token = auth_token_for_user("testuser1", "password123") # testuser1 is not admin of group_name or global
        headers_user = {"Authorization": f"Bearer {regular_user_token}"}
        response = client.post(f"/tools/grupos/{group_name}/usuarios", headers=headers_user, json={"username": user_to_add})
>       assert response.status_code == 403, response.text
E       AssertionError: {"detail":"Token invßlido"}
E       assert 401 == 403
E        +  where 401 = <Response [401 Unauthorized]>.status_code

tests\integration\test_admin_groups_api.py:309: AssertionError
---------------------------- Captured stderr setup ----------------------------
INFO:root:RequisiþÒo: POST http://testserver/tools/login
WARNING:app.groups.routes:Tentativa de login invßlida para usußrio 'globaladmin'
INFO:root:Resposta: 401 para POST http://testserver/tools/login
INFO:httpx:HTTP Request: POST http://testserver/tools/login "HTTP/1.1 401 Unauthorized"
INFO:root:RequisiþÒo: DELETE http://testserver/tools/grupos/user_manage_group
INFO:app.auth:Auth: Validating JWT. Key used (first 10 chars): testsecret
INFO:app.auth:Auth: Received token for validation (first 20 chars): None...
INFO:app.auth:Auth: Using PyJWT version 2.8.0
WARNING:app.auth:Token invßlido
INFO:root:Resposta: 401 para DELETE http://testserver/tools/grupos/user_manage_group
INFO:httpx:HTTP Request: DELETE http://testserver/tools/grupos/user_manage_group "HTTP/1.1 401 Unauthorized"
INFO:root:RequisiþÒo: DELETE http://testserver/tools/usuarios/user_for_group_manage
INFO:app.auth:Auth: Validating JWT. Key used (first 10 chars): testsecret
INFO:app.auth:Auth: Received token for validation (first 20 chars): None...
INFO:app.auth:Auth: Using PyJWT version 2.8.0
WARNING:app.auth:Token invßlido
INFO:root:Resposta: 401 para DELETE http://testserver/tools/usuarios/user_for_group_manage
INFO:httpx:HTTP Request: DELETE http://testserver/tools/usuarios/user_for_group_manage "HTTP/1.1 401 Unauthorized"
INFO:root:RequisiþÒo: POST http://testserver/tools/grupos
INFO:app.auth:Auth: Validating JWT. Key used (first 10 chars): testsecret
INFO:app.auth:Auth: Received token for validation (first 20 chars): None...
INFO:app.auth:Auth: Using PyJWT version 2.8.0
WARNING:app.auth:Token invßlido
INFO:root:Resposta: 401 para POST http://testserver/tools/grupos
INFO:httpx:HTTP Request: POST http://testserver/tools/grupos "HTTP/1.1 401 Unauthorized"
----------------------------- Captured log setup ------------------------------
INFO     root:main.py:34 RequisiþÒo: POST http://testserver/tools/login
WARNING  app.groups.routes:routes.py:70 Tentativa de login invßlida para usußrio 'globaladmin'
INFO     root:main.py:36 Resposta: 401 para POST http://testserver/tools/login
INFO     httpx:_client.py:1025 HTTP Request: POST http://testserver/tools/login "HTTP/1.1 401 Unauthorized"
INFO     root:main.py:34 RequisiþÒo: DELETE http://testserver/tools/grupos/user_manage_group
INFO     app.auth:auth.py:90 Auth: Validating JWT. Key used (first 10 chars): testsecret
INFO     app.auth:auth.py:91 Auth: Received token for validation (first 20 chars): None...
INFO     app.auth:auth.py:95 Auth: Using PyJWT version 2.8.0
WARNING  app.auth:auth.py:120 Token invßlido
INFO     root:main.py:36 Resposta: 401 para DELETE http://testserver/tools/grupos/user_manage_group
INFO     httpx:_client.py:1025 HTTP Request: DELETE http://testserver/tools/grupos/user_manage_group "HTTP/1.1 401 Unauthorized"
INFO     root:main.py:34 RequisiþÒo: DELETE http://testserver/tools/usuarios/user_for_group_manage
INFO     app.auth:auth.py:90 Auth: Validating JWT. Key used (first 10 chars): testsecret
INFO     app.auth:auth.py:91 Auth: Received token for validation (first 20 chars): None...
INFO     app.auth:auth.py:95 Auth: Using PyJWT version 2.8.0
WARNING  app.auth:auth.py:120 Token invßlido
INFO     root:main.py:36 Resposta: 401 para DELETE http://testserver/tools/usuarios/user_for_group_manage
INFO     httpx:_client.py:1025 HTTP Request: DELETE http://testserver/tools/usuarios/user_for_group_manage "HTTP/1.1 401 Unauthorized"
INFO     root:main.py:34 RequisiþÒo: POST http://testserver/tools/grupos
INFO     app.auth:auth.py:90 Auth: Validating JWT. Key used (first 10 chars): testsecret
INFO     app.auth:auth.py:91 Auth: Received token for validation (first 20 chars): None...
INFO     app.auth:auth.py:95 Auth: Using PyJWT version 2.8.0
WARNING  app.auth:auth.py:120 Token invßlido
INFO     root:main.py:36 Resposta: 401 para POST http://testserver/tools/grupos
INFO     httpx:_client.py:1025 HTTP Request: POST http://testserver/tools/grupos "HTTP/1.1 401 Unauthorized"
---------------------------- Captured stderr call -----------------------------
INFO:root:RequisiþÒo: POST http://testserver/tools/login
WARNING:app.groups.routes:Tentativa de login invßlida para usußrio 'testuser1'
INFO:root:Resposta: 401 para POST http://testserver/tools/login
INFO:httpx:HTTP Request: POST http://testserver/tools/login "HTTP/1.1 401 Unauthorized"
INFO:root:RequisiþÒo: POST http://testserver/tools/grupos/user_manage_group/usuarios
INFO:app.auth:Auth: Validating JWT. Key used (first 10 chars): testsecret
INFO:app.auth:Auth: Received token for validation (first 20 chars): None...
INFO:app.auth:Auth: Using PyJWT version 2.8.0
WARNING:app.auth:Token invßlido
INFO:root:Resposta: 401 para POST http://testserver/tools/grupos/user_manage_group/usuarios
INFO:httpx:HTTP Request: POST http://testserver/tools/grupos/user_manage_group/usuarios "HTTP/1.1 401 Unauthorized"
------------------------------ Captured log call ------------------------------
INFO     root:main.py:34 RequisiþÒo: POST http://testserver/tools/login
WARNING  app.groups.routes:routes.py:70 Tentativa de login invßlida para usußrio 'testuser1'
INFO     root:main.py:36 Resposta: 401 para POST http://testserver/tools/login
INFO     httpx:_client.py:1025 HTTP Request: POST http://testserver/tools/login "HTTP/1.1 401 Unauthorized"
INFO     root:main.py:34 RequisiþÒo: POST http://testserver/tools/grupos/user_manage_group/usuarios
INFO     app.auth:auth.py:90 Auth: Validating JWT. Key used (first 10 chars): testsecret
INFO     app.auth:auth.py:91 Auth: Received token for validation (first 20 chars): None...
INFO     app.auth:auth.py:95 Auth: Using PyJWT version 2.8.0
WARNING  app.auth:auth.py:120 Token invßlido
INFO     root:main.py:36 Resposta: 401 para POST http://testserver/tools/grupos/user_manage_group/usuarios
INFO     httpx:_client.py:1025 HTTP Request: POST http://testserver/tools/grupos/user_manage_group/usuarios "HTTP/1.1 401 Unauthorized"
__________________ test_remove_user_from_group_global_admin ___________________

client = <starlette.testclient.TestClient object at 0x000001C654B54290>
auth_token_for_user = <function auth_token_for_user.<locals>._get_token at 0x000001C654D20400>
setup_group_for_user_management = ('user_manage_group', 'requesteruser', {'Authorization': 'Bearer None'})

    def test_remove_user_from_group_global_admin(client: TestClient, auth_token_for_user, setup_group_for_user_management):
        group_name, user_to_manage, headers_ga = setup_group_for_user_management
        client.post(f"/tools/grupos/{group_name}/usuarios", headers=headers_ga, json={"username": user_to_manage}) # Add user first
    
        response = client.delete(f"/tools/grupos/{group_name}/usuarios/{user_to_manage}", headers=headers_ga)
>       assert response.status_code == 200, response.text
E       AssertionError: {"detail":"Token invßlido"}
E       assert 401 == 200
E        +  where 401 = <Response [401 Unauthorized]>.status_code

tests\integration\test_admin_groups_api.py:318: AssertionError
---------------------------- Captured stderr setup ----------------------------
INFO:root:RequisiþÒo: POST http://testserver/tools/login
WARNING:app.groups.routes:Tentativa de login invßlida para usußrio 'globaladmin'
INFO:root:Resposta: 401 para POST http://testserver/tools/login
INFO:httpx:HTTP Request: POST http://testserver/tools/login "HTTP/1.1 401 Unauthorized"
INFO:root:RequisiþÒo: DELETE http://testserver/tools/grupos/user_manage_group
INFO:app.auth:Auth: Validating JWT. Key used (first 10 chars): testsecret
INFO:app.auth:Auth: Received token for validation (first 20 chars): None...
INFO:app.auth:Auth: Using PyJWT version 2.8.0
WARNING:app.auth:Token invßlido
INFO:root:Resposta: 401 para DELETE http://testserver/tools/grupos/user_manage_group
INFO:httpx:HTTP Request: DELETE http://testserver/tools/grupos/user_manage_group "HTTP/1.1 401 Unauthorized"
INFO:root:RequisiþÒo: DELETE http://testserver/tools/usuarios/user_for_group_manage
INFO:app.auth:Auth: Validating JWT. Key used (first 10 chars): testsecret
INFO:app.auth:Auth: Received token for validation (first 20 chars): None...
INFO:app.auth:Auth: Using PyJWT version 2.8.0
WARNING:app.auth:Token invßlido
INFO:root:Resposta: 401 para DELETE http://testserver/tools/usuarios/user_for_group_manage
INFO:httpx:HTTP Request: DELETE http://testserver/tools/usuarios/user_for_group_manage "HTTP/1.1 401 Unauthorized"
INFO:root:RequisiþÒo: POST http://testserver/tools/grupos
INFO:app.auth:Auth: Validating JWT. Key used (first 10 chars): testsecret
INFO:app.auth:Auth: Received token for validation (first 20 chars): None...
INFO:app.auth:Auth: Using PyJWT version 2.8.0
WARNING:app.auth:Token invßlido
INFO:root:Resposta: 401 para POST http://testserver/tools/grupos
INFO:httpx:HTTP Request: POST http://testserver/tools/grupos "HTTP/1.1 401 Unauthorized"
----------------------------- Captured log setup ------------------------------
INFO     root:main.py:34 RequisiþÒo: POST http://testserver/tools/login
WARNING  app.groups.routes:routes.py:70 Tentativa de login invßlida para usußrio 'globaladmin'
INFO     root:main.py:36 Resposta: 401 para POST http://testserver/tools/login
INFO     httpx:_client.py:1025 HTTP Request: POST http://testserver/tools/login "HTTP/1.1 401 Unauthorized"
INFO     root:main.py:34 RequisiþÒo: DELETE http://testserver/tools/grupos/user_manage_group
INFO     app.auth:auth.py:90 Auth: Validating JWT. Key used (first 10 chars): testsecret
INFO     app.auth:auth.py:91 Auth: Received token for validation (first 20 chars): None...
INFO     app.auth:auth.py:95 Auth: Using PyJWT version 2.8.0
WARNING  app.auth:auth.py:120 Token invßlido
INFO     root:main.py:36 Resposta: 401 para DELETE http://testserver/tools/grupos/user_manage_group
INFO     httpx:_client.py:1025 HTTP Request: DELETE http://testserver/tools/grupos/user_manage_group "HTTP/1.1 401 Unauthorized"
INFO     root:main.py:34 RequisiþÒo: DELETE http://testserver/tools/usuarios/user_for_group_manage
INFO     app.auth:auth.py:90 Auth: Validating JWT. Key used (first 10 chars): testsecret
INFO     app.auth:auth.py:91 Auth: Received token for validation (first 20 chars): None...
INFO     app.auth:auth.py:95 Auth: Using PyJWT version 2.8.0
WARNING  app.auth:auth.py:120 Token invßlido
INFO     root:main.py:36 Resposta: 401 para DELETE http://testserver/tools/usuarios/user_for_group_manage
INFO     httpx:_client.py:1025 HTTP Request: DELETE http://testserver/tools/usuarios/user_for_group_manage "HTTP/1.1 401 Unauthorized"
INFO     root:main.py:34 RequisiþÒo: POST http://testserver/tools/grupos
INFO     app.auth:auth.py:90 Auth: Validating JWT. Key used (first 10 chars): testsecret
INFO     app.auth:auth.py:91 Auth: Received token for validation (first 20 chars): None...
INFO     app.auth:auth.py:95 Auth: Using PyJWT version 2.8.0
WARNING  app.auth:auth.py:120 Token invßlido
INFO     root:main.py:36 Resposta: 401 para POST http://testserver/tools/grupos
INFO     httpx:_client.py:1025 HTTP Request: POST http://testserver/tools/grupos "HTTP/1.1 401 Unauthorized"
---------------------------- Captured stderr call -----------------------------
INFO:root:RequisiþÒo: POST http://testserver/tools/grupos/user_manage_group/usuarios
INFO:app.auth:Auth: Validating JWT. Key used (first 10 chars): testsecret
INFO:app.auth:Auth: Received token for validation (first 20 chars): None...
INFO:app.auth:Auth: Using PyJWT version 2.8.0
WARNING:app.auth:Token invßlido
INFO:root:Resposta: 401 para POST http://testserver/tools/grupos/user_manage_group/usuarios
INFO:httpx:HTTP Request: POST http://testserver/tools/grupos/user_manage_group/usuarios "HTTP/1.1 401 Unauthorized"
INFO:root:RequisiþÒo: DELETE http://testserver/tools/grupos/user_manage_group/usuarios/requesteruser
INFO:app.auth:Auth: Validating JWT. Key used (first 10 chars): testsecret
INFO:app.auth:Auth: Received token for validation (first 20 chars): None...
INFO:app.auth:Auth: Using PyJWT version 2.8.0
WARNING:app.auth:Token invßlido
INFO:root:Resposta: 401 para DELETE http://testserver/tools/grupos/user_manage_group/usuarios/requesteruser
INFO:httpx:HTTP Request: DELETE http://testserver/tools/grupos/user_manage_group/usuarios/requesteruser "HTTP/1.1 401 Unauthorized"
------------------------------ Captured log call ------------------------------
INFO     root:main.py:34 RequisiþÒo: POST http://testserver/tools/grupos/user_manage_group/usuarios
INFO     app.auth:auth.py:90 Auth: Validating JWT. Key used (first 10 chars): testsecret
INFO     app.auth:auth.py:91 Auth: Received token for validation (first 20 chars): None...
INFO     app.auth:auth.py:95 Auth: Using PyJWT version 2.8.0
WARNING  app.auth:auth.py:120 Token invßlido
INFO     root:main.py:36 Resposta: 401 para POST http://testserver/tools/grupos/user_manage_group/usuarios
INFO     httpx:_client.py:1025 HTTP Request: POST http://testserver/tools/grupos/user_manage_group/usuarios "HTTP/1.1 401 Unauthorized"
INFO     root:main.py:34 RequisiþÒo: DELETE http://testserver/tools/grupos/user_manage_group/usuarios/requesteruser
INFO     app.auth:auth.py:90 Auth: Validating JWT. Key used (first 10 chars): testsecret
INFO     app.auth:auth.py:91 Auth: Received token for validation (first 20 chars): None...
INFO     app.auth:auth.py:95 Auth: Using PyJWT version 2.8.0
WARNING  app.auth:auth.py:120 Token invßlido
INFO     root:main.py:36 Resposta: 401 para DELETE http://testserver/tools/grupos/user_manage_group/usuarios/requesteruser
INFO     httpx:_client.py:1025 HTTP Request: DELETE http://testserver/tools/grupos/user_manage_group/usuarios/requesteruser "HTTP/1.1 401 Unauthorized"
___________________ test_remove_user_from_group_group_admin ___________________

client = <starlette.testclient.TestClient object at 0x000001C654B54290>
auth_token_for_user = <function auth_token_for_user.<locals>._get_token at 0x000001C654DEF880>
setup_group_for_user_management = ('user_manage_group', 'requesteruser', {'Authorization': 'Bearer None'})

    def test_remove_user_from_group_group_admin(client: TestClient, auth_token_for_user, setup_group_for_user_management):
        group_name, user_to_manage, headers_ga = setup_group_for_user_management
    
        # Adiciona 'admin_group1' como membro antes de promover a admin
        client.post(f"/tools/grupos/{group_name}/usuarios", headers=headers_ga, json={"username": "admin_group1"})
        client.post(f"/tools/grupos/{group_name}/admins", headers=headers_ga, json={"username": "admin_group1"})
        group_admin_token = auth_token_for_user("admin_group1", "password_admin_g1")
        headers_group_admin = {"Authorization": f"Bearer {group_admin_token}"}
        response = client.delete(f"/tools/grupos/{group_name}/usuarios/{user_to_manage}", headers=headers_group_admin)
>       assert response.status_code == 200, response.text
E       AssertionError: {"detail":"Token invßlido"}
E       assert 401 == 200
E        +  where 401 = <Response [401 Unauthorized]>.status_code

tests\integration\test_admin_groups_api.py:336: AssertionError
---------------------------- Captured stderr setup ----------------------------
INFO:root:RequisiþÒo: POST http://testserver/tools/login
WARNING:app.groups.routes:Tentativa de login invßlida para usußrio 'globaladmin'
INFO:root:Resposta: 401 para POST http://testserver/tools/login
INFO:httpx:HTTP Request: POST http://testserver/tools/login "HTTP/1.1 401 Unauthorized"
INFO:root:RequisiþÒo: DELETE http://testserver/tools/grupos/user_manage_group
INFO:app.auth:Auth: Validating JWT. Key used (first 10 chars): testsecret
INFO:app.auth:Auth: Received token for validation (first 20 chars): None...
INFO:app.auth:Auth: Using PyJWT version 2.8.0
WARNING:app.auth:Token invßlido
INFO:root:Resposta: 401 para DELETE http://testserver/tools/grupos/user_manage_group
INFO:httpx:HTTP Request: DELETE http://testserver/tools/grupos/user_manage_group "HTTP/1.1 401 Unauthorized"
INFO:root:RequisiþÒo: DELETE http://testserver/tools/usuarios/user_for_group_manage
INFO:app.auth:Auth: Validating JWT. Key used (first 10 chars): testsecret
INFO:app.auth:Auth: Received token for validation (first 20 chars): None...
INFO:app.auth:Auth: Using PyJWT version 2.8.0
WARNING:app.auth:Token invßlido
INFO:root:Resposta: 401 para DELETE http://testserver/tools/usuarios/user_for_group_manage
INFO:httpx:HTTP Request: DELETE http://testserver/tools/usuarios/user_for_group_manage "HTTP/1.1 401 Unauthorized"
INFO:root:RequisiþÒo: POST http://testserver/tools/grupos
INFO:app.auth:Auth: Validating JWT. Key used (first 10 chars): testsecret
INFO:app.auth:Auth: Received token for validation (first 20 chars): None...
INFO:app.auth:Auth: Using PyJWT version 2.8.0
WARNING:app.auth:Token invßlido
INFO:root:Resposta: 401 para POST http://testserver/tools/grupos
INFO:httpx:HTTP Request: POST http://testserver/tools/grupos "HTTP/1.1 401 Unauthorized"
----------------------------- Captured log setup ------------------------------
INFO     root:main.py:34 RequisiþÒo: POST http://testserver/tools/login
WARNING  app.groups.routes:routes.py:70 Tentativa de login invßlida para usußrio 'globaladmin'
INFO     root:main.py:36 Resposta: 401 para POST http://testserver/tools/login
INFO     httpx:_client.py:1025 HTTP Request: POST http://testserver/tools/login "HTTP/1.1 401 Unauthorized"
INFO     root:main.py:34 RequisiþÒo: DELETE http://testserver/tools/grupos/user_manage_group
INFO     app.auth:auth.py:90 Auth: Validating JWT. Key used (first 10 chars): testsecret
INFO     app.auth:auth.py:91 Auth: Received token for validation (first 20 chars): None...
INFO     app.auth:auth.py:95 Auth: Using PyJWT version 2.8.0
WARNING  app.auth:auth.py:120 Token invßlido
INFO     root:main.py:36 Resposta: 401 para DELETE http://testserver/tools/grupos/user_manage_group
INFO     httpx:_client.py:1025 HTTP Request: DELETE http://testserver/tools/grupos/user_manage_group "HTTP/1.1 401 Unauthorized"
INFO     root:main.py:34 RequisiþÒo: DELETE http://testserver/tools/usuarios/user_for_group_manage
INFO     app.auth:auth.py:90 Auth: Validating JWT. Key used (first 10 chars): testsecret
INFO     app.auth:auth.py:91 Auth: Received token for validation (first 20 chars): None...
INFO     app.auth:auth.py:95 Auth: Using PyJWT version 2.8.0
WARNING  app.auth:auth.py:120 Token invßlido
INFO     root:main.py:36 Resposta: 401 para DELETE http://testserver/tools/usuarios/user_for_group_manage
INFO     httpx:_client.py:1025 HTTP Request: DELETE http://testserver/tools/usuarios/user_for_group_manage "HTTP/1.1 401 Unauthorized"
INFO     root:main.py:34 RequisiþÒo: POST http://testserver/tools/grupos
INFO     app.auth:auth.py:90 Auth: Validating JWT. Key used (first 10 chars): testsecret
INFO     app.auth:auth.py:91 Auth: Received token for validation (first 20 chars): None...
INFO     app.auth:auth.py:95 Auth: Using PyJWT version 2.8.0
WARNING  app.auth:auth.py:120 Token invßlido
INFO     root:main.py:36 Resposta: 401 para POST http://testserver/tools/grupos
INFO     httpx:_client.py:1025 HTTP Request: POST http://testserver/tools/grupos "HTTP/1.1 401 Unauthorized"
---------------------------- Captured stderr call -----------------------------
INFO:root:RequisiþÒo: POST http://testserver/tools/grupos/user_manage_group/usuarios
INFO:app.auth:Auth: Validating JWT. Key used (first 10 chars): testsecret
INFO:app.auth:Auth: Received token for validation (first 20 chars): None...
INFO:app.auth:Auth: Using PyJWT version 2.8.0
WARNING:app.auth:Token invßlido
INFO:root:Resposta: 401 para POST http://testserver/tools/grupos/user_manage_group/usuarios
INFO:httpx:HTTP Request: POST http://testserver/tools/grupos/user_manage_group/usuarios "HTTP/1.1 401 Unauthorized"
INFO:root:RequisiþÒo: POST http://testserver/tools/grupos/user_manage_group/admins
INFO:app.auth:Auth: Validating JWT. Key used (first 10 chars): testsecret
INFO:app.auth:Auth: Received token for validation (first 20 chars): None...
INFO:app.auth:Auth: Using PyJWT version 2.8.0
WARNING:app.auth:Token invßlido
INFO:root:Resposta: 401 para POST http://testserver/tools/grupos/user_manage_group/admins
INFO:httpx:HTTP Request: POST http://testserver/tools/grupos/user_manage_group/admins "HTTP/1.1 401 Unauthorized"
INFO:root:RequisiþÒo: POST http://testserver/tools/login
WARNING:app.groups.routes:Tentativa de login invßlida para usußrio 'admin_group1'
INFO:root:Resposta: 401 para POST http://testserver/tools/login
INFO:httpx:HTTP Request: POST http://testserver/tools/login "HTTP/1.1 401 Unauthorized"
INFO:root:RequisiþÒo: DELETE http://testserver/tools/grupos/user_manage_group/usuarios/requesteruser
INFO:app.auth:Auth: Validating JWT. Key used (first 10 chars): testsecret
INFO:app.auth:Auth: Received token for validation (first 20 chars): None...
INFO:app.auth:Auth: Using PyJWT version 2.8.0
WARNING:app.auth:Token invßlido
INFO:root:Resposta: 401 para DELETE http://testserver/tools/grupos/user_manage_group/usuarios/requesteruser
INFO:httpx:HTTP Request: DELETE http://testserver/tools/grupos/user_manage_group/usuarios/requesteruser "HTTP/1.1 401 Unauthorized"
------------------------------ Captured log call ------------------------------
INFO     root:main.py:34 RequisiþÒo: POST http://testserver/tools/grupos/user_manage_group/usuarios
INFO     app.auth:auth.py:90 Auth: Validating JWT. Key used (first 10 chars): testsecret
INFO     app.auth:auth.py:91 Auth: Received token for validation (first 20 chars): None...
INFO     app.auth:auth.py:95 Auth: Using PyJWT version 2.8.0
WARNING  app.auth:auth.py:120 Token invßlido
INFO     root:main.py:36 Resposta: 401 para POST http://testserver/tools/grupos/user_manage_group/usuarios
INFO     httpx:_client.py:1025 HTTP Request: POST http://testserver/tools/grupos/user_manage_group/usuarios "HTTP/1.1 401 Unauthorized"
INFO     root:main.py:34 RequisiþÒo: POST http://testserver/tools/grupos/user_manage_group/admins
INFO     app.auth:auth.py:90 Auth: Validating JWT. Key used (first 10 chars): testsecret
INFO     app.auth:auth.py:91 Auth: Received token for validation (first 20 chars): None...
INFO     app.auth:auth.py:95 Auth: Using PyJWT version 2.8.0
WARNING  app.auth:auth.py:120 Token invßlido
INFO     root:main.py:36 Resposta: 401 para POST http://testserver/tools/grupos/user_manage_group/admins
INFO     httpx:_client.py:1025 HTTP Request: POST http://testserver/tools/grupos/user_manage_group/admins "HTTP/1.1 401 Unauthorized"
INFO     root:main.py:34 RequisiþÒo: POST http://testserver/tools/login
WARNING  app.groups.routes:routes.py:70 Tentativa de login invßlida para usußrio 'admin_group1'
INFO     root:main.py:36 Resposta: 401 para POST http://testserver/tools/login
INFO     httpx:_client.py:1025 HTTP Request: POST http://testserver/tools/login "HTTP/1.1 401 Unauthorized"
INFO     root:main.py:34 RequisiþÒo: DELETE http://testserver/tools/grupos/user_manage_group/usuarios/requesteruser
INFO     app.auth:auth.py:90 Auth: Validating JWT. Key used (first 10 chars): testsecret
INFO     app.auth:auth.py:91 Auth: Received token for validation (first 20 chars): None...
INFO     app.auth:auth.py:95 Auth: Using PyJWT version 2.8.0
WARNING  app.auth:auth.py:120 Token invßlido
INFO     root:main.py:36 Resposta: 401 para DELETE http://testserver/tools/grupos/user_manage_group/usuarios/requesteruser
INFO     httpx:_client.py:1025 HTTP Request: DELETE http://testserver/tools/grupos/user_manage_group/usuarios/requesteruser "HTTP/1.1 401 Unauthorized"
________________ test_remove_user_from_group_user_not_in_group ________________

client = <starlette.testclient.TestClient object at 0x000001C654B54290>
auth_token_for_user = <function auth_token_for_user.<locals>._get_token at 0x000001C654DEED40>
setup_group_for_user_management = ('user_manage_group', 'requesteruser', {'Authorization': 'Bearer None'})

    def test_remove_user_from_group_user_not_in_group(client: TestClient, auth_token_for_user, setup_group_for_user_management):
        group_name, _, headers_ga = setup_group_for_user_management
        # user 'testuser1' is not in 'group_name' initially by this fixture
        response = client.delete(f"/tools/grupos/{group_name}/usuarios/testuser1", headers=headers_ga)
>       assert response.status_code == 404, response.text
E       AssertionError: {"detail":"Token invßlido"}
E       assert 401 == 404
E        +  where 401 = <Response [401 Unauthorized]>.status_code

tests\integration\test_admin_groups_api.py:342: AssertionError
---------------------------- Captured stderr setup ----------------------------
INFO:root:RequisiþÒo: POST http://testserver/tools/login
WARNING:app.groups.routes:Tentativa de login invßlida para usußrio 'globaladmin'
INFO:root:Resposta: 401 para POST http://testserver/tools/login
INFO:httpx:HTTP Request: POST http://testserver/tools/login "HTTP/1.1 401 Unauthorized"
INFO:root:RequisiþÒo: DELETE http://testserver/tools/grupos/user_manage_group
INFO:app.auth:Auth: Validating JWT. Key used (first 10 chars): testsecret
INFO:app.auth:Auth: Received token for validation (first 20 chars): None...
INFO:app.auth:Auth: Using PyJWT version 2.8.0
WARNING:app.auth:Token invßlido
INFO:root:Resposta: 401 para DELETE http://testserver/tools/grupos/user_manage_group
INFO:httpx:HTTP Request: DELETE http://testserver/tools/grupos/user_manage_group "HTTP/1.1 401 Unauthorized"
INFO:root:RequisiþÒo: DELETE http://testserver/tools/usuarios/user_for_group_manage
INFO:app.auth:Auth: Validating JWT. Key used (first 10 chars): testsecret
INFO:app.auth:Auth: Received token for validation (first 20 chars): None...
INFO:app.auth:Auth: Using PyJWT version 2.8.0
WARNING:app.auth:Token invßlido
INFO:root:Resposta: 401 para DELETE http://testserver/tools/usuarios/user_for_group_manage
INFO:httpx:HTTP Request: DELETE http://testserver/tools/usuarios/user_for_group_manage "HTTP/1.1 401 Unauthorized"
INFO:root:RequisiþÒo: POST http://testserver/tools/grupos
INFO:app.auth:Auth: Validating JWT. Key used (first 10 chars): testsecret
INFO:app.auth:Auth: Received token for validation (first 20 chars): None...
INFO:app.auth:Auth: Using PyJWT version 2.8.0
WARNING:app.auth:Token invßlido
INFO:root:Resposta: 401 para POST http://testserver/tools/grupos
INFO:httpx:HTTP Request: POST http://testserver/tools/grupos "HTTP/1.1 401 Unauthorized"
----------------------------- Captured log setup ------------------------------
INFO     root:main.py:34 RequisiþÒo: POST http://testserver/tools/login
WARNING  app.groups.routes:routes.py:70 Tentativa de login invßlida para usußrio 'globaladmin'
INFO     root:main.py:36 Resposta: 401 para POST http://testserver/tools/login
INFO     httpx:_client.py:1025 HTTP Request: POST http://testserver/tools/login "HTTP/1.1 401 Unauthorized"
INFO     root:main.py:34 RequisiþÒo: DELETE http://testserver/tools/grupos/user_manage_group
INFO     app.auth:auth.py:90 Auth: Validating JWT. Key used (first 10 chars): testsecret
INFO     app.auth:auth.py:91 Auth: Received token for validation (first 20 chars): None...
INFO     app.auth:auth.py:95 Auth: Using PyJWT version 2.8.0
WARNING  app.auth:auth.py:120 Token invßlido
INFO     root:main.py:36 Resposta: 401 para DELETE http://testserver/tools/grupos/user_manage_group
INFO     httpx:_client.py:1025 HTTP Request: DELETE http://testserver/tools/grupos/user_manage_group "HTTP/1.1 401 Unauthorized"
INFO     root:main.py:34 RequisiþÒo: DELETE http://testserver/tools/usuarios/user_for_group_manage
INFO     app.auth:auth.py:90 Auth: Validating JWT. Key used (first 10 chars): testsecret
INFO     app.auth:auth.py:91 Auth: Received token for validation (first 20 chars): None...
INFO     app.auth:auth.py:95 Auth: Using PyJWT version 2.8.0
WARNING  app.auth:auth.py:120 Token invßlido
INFO     root:main.py:36 Resposta: 401 para DELETE http://testserver/tools/usuarios/user_for_group_manage
INFO     httpx:_client.py:1025 HTTP Request: DELETE http://testserver/tools/usuarios/user_for_group_manage "HTTP/1.1 401 Unauthorized"
INFO     root:main.py:34 RequisiþÒo: POST http://testserver/tools/grupos
INFO     app.auth:auth.py:90 Auth: Validating JWT. Key used (first 10 chars): testsecret
INFO     app.auth:auth.py:91 Auth: Received token for validation (first 20 chars): None...
INFO     app.auth:auth.py:95 Auth: Using PyJWT version 2.8.0
WARNING  app.auth:auth.py:120 Token invßlido
INFO     root:main.py:36 Resposta: 401 para POST http://testserver/tools/grupos
INFO     httpx:_client.py:1025 HTTP Request: POST http://testserver/tools/grupos "HTTP/1.1 401 Unauthorized"
---------------------------- Captured stderr call -----------------------------
INFO:root:RequisiþÒo: DELETE http://testserver/tools/grupos/user_manage_group/usuarios/testuser1
INFO:app.auth:Auth: Validating JWT. Key used (first 10 chars): testsecret
INFO:app.auth:Auth: Received token for validation (first 20 chars): None...
INFO:app.auth:Auth: Using PyJWT version 2.8.0
WARNING:app.auth:Token invßlido
INFO:root:Resposta: 401 para DELETE http://testserver/tools/grupos/user_manage_group/usuarios/testuser1
INFO:httpx:HTTP Request: DELETE http://testserver/tools/grupos/user_manage_group/usuarios/testuser1 "HTTP/1.1 401 Unauthorized"
------------------------------ Captured log call ------------------------------
INFO     root:main.py:34 RequisiþÒo: DELETE http://testserver/tools/grupos/user_manage_group/usuarios/testuser1
INFO     app.auth:auth.py:90 Auth: Validating JWT. Key used (first 10 chars): testsecret
INFO     app.auth:auth.py:91 Auth: Received token for validation (first 20 chars): None...
INFO     app.auth:auth.py:95 Auth: Using PyJWT version 2.8.0
WARNING  app.auth:auth.py:120 Token invßlido
INFO     root:main.py:36 Resposta: 401 para DELETE http://testserver/tools/grupos/user_manage_group/usuarios/testuser1
INFO     httpx:_client.py:1025 HTTP Request: DELETE http://testserver/tools/grupos/user_manage_group/usuarios/testuser1 "HTTP/1.1 401 Unauthorized"
__________________ test_remove_user_from_group_no_permission __________________

client = <starlette.testclient.TestClient object at 0x000001C654B54290>
auth_token_for_user = <function auth_token_for_user.<locals>._get_token at 0x000001C654DEEF20>
setup_group_for_user_management = ('user_manage_group', 'requesteruser', {'Authorization': 'Bearer None'})

    def test_remove_user_from_group_no_permission(client: TestClient, auth_token_for_user, setup_group_for_user_management):
        group_name, user_to_manage, headers_ga = setup_group_for_user_management
        client.post(f"/tools/grupos/{group_name}/usuarios", headers=headers_ga, json={"username": user_to_manage}) # Add user
    
        non_admin_token = auth_token_for_user("plainuser", "plainpassword") # plainuser is not admin
        headers_non_admin = {"Authorization": f"Bearer {non_admin_token}"}
        response = client.delete(f"/tools/grupos/{group_name}/usuarios/{user_to_manage}", headers=headers_non_admin)
>       assert response.status_code == 403, response.text
E       AssertionError: {"detail":"Token invßlido"}
E       assert 401 == 403
E        +  where 401 = <Response [401 Unauthorized]>.status_code

tests\integration\test_admin_groups_api.py:352: AssertionError
---------------------------- Captured stderr setup ----------------------------
INFO:root:RequisiþÒo: POST http://testserver/tools/login
WARNING:app.groups.routes:Tentativa de login invßlida para usußrio 'globaladmin'
INFO:root:Resposta: 401 para POST http://testserver/tools/login
INFO:httpx:HTTP Request: POST http://testserver/tools/login "HTTP/1.1 401 Unauthorized"
INFO:root:RequisiþÒo: DELETE http://testserver/tools/grupos/user_manage_group
INFO:app.auth:Auth: Validating JWT. Key used (first 10 chars): testsecret
INFO:app.auth:Auth: Received token for validation (first 20 chars): None...
INFO:app.auth:Auth: Using PyJWT version 2.8.0
WARNING:app.auth:Token invßlido
INFO:root:Resposta: 401 para DELETE http://testserver/tools/grupos/user_manage_group
INFO:httpx:HTTP Request: DELETE http://testserver/tools/grupos/user_manage_group "HTTP/1.1 401 Unauthorized"
INFO:root:RequisiþÒo: DELETE http://testserver/tools/usuarios/user_for_group_manage
INFO:app.auth:Auth: Validating JWT. Key used (first 10 chars): testsecret
INFO:app.auth:Auth: Received token for validation (first 20 chars): None...
INFO:app.auth:Auth: Using PyJWT version 2.8.0
WARNING:app.auth:Token invßlido
INFO:root:Resposta: 401 para DELETE http://testserver/tools/usuarios/user_for_group_manage
INFO:httpx:HTTP Request: DELETE http://testserver/tools/usuarios/user_for_group_manage "HTTP/1.1 401 Unauthorized"
INFO:root:RequisiþÒo: POST http://testserver/tools/grupos
INFO:app.auth:Auth: Validating JWT. Key used (first 10 chars): testsecret
INFO:app.auth:Auth: Received token for validation (first 20 chars): None...
INFO:app.auth:Auth: Using PyJWT version 2.8.0
WARNING:app.auth:Token invßlido
INFO:root:Resposta: 401 para POST http://testserver/tools/grupos
INFO:httpx:HTTP Request: POST http://testserver/tools/grupos "HTTP/1.1 401 Unauthorized"
----------------------------- Captured log setup ------------------------------
INFO     root:main.py:34 RequisiþÒo: POST http://testserver/tools/login
WARNING  app.groups.routes:routes.py:70 Tentativa de login invßlida para usußrio 'globaladmin'
INFO     root:main.py:36 Resposta: 401 para POST http://testserver/tools/login
INFO     httpx:_client.py:1025 HTTP Request: POST http://testserver/tools/login "HTTP/1.1 401 Unauthorized"
INFO     root:main.py:34 RequisiþÒo: DELETE http://testserver/tools/grupos/user_manage_group
INFO     app.auth:auth.py:90 Auth: Validating JWT. Key used (first 10 chars): testsecret
INFO     app.auth:auth.py:91 Auth: Received token for validation (first 20 chars): None...
INFO     app.auth:auth.py:95 Auth: Using PyJWT version 2.8.0
WARNING  app.auth:auth.py:120 Token invßlido
INFO     root:main.py:36 Resposta: 401 para DELETE http://testserver/tools/grupos/user_manage_group
INFO     httpx:_client.py:1025 HTTP Request: DELETE http://testserver/tools/grupos/user_manage_group "HTTP/1.1 401 Unauthorized"
INFO     root:main.py:34 RequisiþÒo: DELETE http://testserver/tools/usuarios/user_for_group_manage
INFO     app.auth:auth.py:90 Auth: Validating JWT. Key used (first 10 chars): testsecret
INFO     app.auth:auth.py:91 Auth: Received token for validation (first 20 chars): None...
INFO     app.auth:auth.py:95 Auth: Using PyJWT version 2.8.0
WARNING  app.auth:auth.py:120 Token invßlido
INFO     root:main.py:36 Resposta: 401 para DELETE http://testserver/tools/usuarios/user_for_group_manage
INFO     httpx:_client.py:1025 HTTP Request: DELETE http://testserver/tools/usuarios/user_for_group_manage "HTTP/1.1 401 Unauthorized"
INFO     root:main.py:34 RequisiþÒo: POST http://testserver/tools/grupos
INFO     app.auth:auth.py:90 Auth: Validating JWT. Key used (first 10 chars): testsecret
INFO     app.auth:auth.py:91 Auth: Received token for validation (first 20 chars): None...
INFO     app.auth:auth.py:95 Auth: Using PyJWT version 2.8.0
WARNING  app.auth:auth.py:120 Token invßlido
INFO     root:main.py:36 Resposta: 401 para POST http://testserver/tools/grupos
INFO     httpx:_client.py:1025 HTTP Request: POST http://testserver/tools/grupos "HTTP/1.1 401 Unauthorized"
---------------------------- Captured stderr call -----------------------------
INFO:root:RequisiþÒo: POST http://testserver/tools/grupos/user_manage_group/usuarios
INFO:app.auth:Auth: Validating JWT. Key used (first 10 chars): testsecret
INFO:app.auth:Auth: Received token for validation (first 20 chars): None...
INFO:app.auth:Auth: Using PyJWT version 2.8.0
WARNING:app.auth:Token invßlido
INFO:root:Resposta: 401 para POST http://testserver/tools/grupos/user_manage_group/usuarios
INFO:httpx:HTTP Request: POST http://testserver/tools/grupos/user_manage_group/usuarios "HTTP/1.1 401 Unauthorized"
INFO:root:RequisiþÒo: POST http://testserver/tools/login
WARNING:app.groups.routes:Tentativa de login invßlida para usußrio 'plainuser'
INFO:root:Resposta: 401 para POST http://testserver/tools/login
INFO:httpx:HTTP Request: POST http://testserver/tools/login "HTTP/1.1 401 Unauthorized"
INFO:root:RequisiþÒo: DELETE http://testserver/tools/grupos/user_manage_group/usuarios/requesteruser
INFO:app.auth:Auth: Validating JWT. Key used (first 10 chars): testsecret
INFO:app.auth:Auth: Received token for validation (first 20 chars): None...
INFO:app.auth:Auth: Using PyJWT version 2.8.0
WARNING:app.auth:Token invßlido
INFO:root:Resposta: 401 para DELETE http://testserver/tools/grupos/user_manage_group/usuarios/requesteruser
INFO:httpx:HTTP Request: DELETE http://testserver/tools/grupos/user_manage_group/usuarios/requesteruser "HTTP/1.1 401 Unauthorized"
------------------------------ Captured log call ------------------------------
INFO     root:main.py:34 RequisiþÒo: POST http://testserver/tools/grupos/user_manage_group/usuarios
INFO     app.auth:auth.py:90 Auth: Validating JWT. Key used (first 10 chars): testsecret
INFO     app.auth:auth.py:91 Auth: Received token for validation (first 20 chars): None...
INFO     app.auth:auth.py:95 Auth: Using PyJWT version 2.8.0
WARNING  app.auth:auth.py:120 Token invßlido
INFO     root:main.py:36 Resposta: 401 para POST http://testserver/tools/grupos/user_manage_group/usuarios
INFO     httpx:_client.py:1025 HTTP Request: POST http://testserver/tools/grupos/user_manage_group/usuarios "HTTP/1.1 401 Unauthorized"
INFO     root:main.py:34 RequisiþÒo: POST http://testserver/tools/login
WARNING  app.groups.routes:routes.py:70 Tentativa de login invßlida para usußrio 'plainuser'
INFO     root:main.py:36 Resposta: 401 para POST http://testserver/tools/login
INFO     httpx:_client.py:1025 HTTP Request: POST http://testserver/tools/login "HTTP/1.1 401 Unauthorized"
INFO     root:main.py:34 RequisiþÒo: DELETE http://testserver/tools/grupos/user_manage_group/usuarios/requesteruser
INFO     app.auth:auth.py:90 Auth: Validating JWT. Key used (first 10 chars): testsecret
INFO     app.auth:auth.py:91 Auth: Received token for validation (first 20 chars): None...
INFO     app.auth:auth.py:95 Auth: Using PyJWT version 2.8.0
WARNING  app.auth:auth.py:120 Token invßlido
INFO     root:main.py:36 Resposta: 401 para DELETE http://testserver/tools/grupos/user_manage_group/usuarios/requesteruser
INFO     httpx:_client.py:1025 HTTP Request: DELETE http://testserver/tools/grupos/user_manage_group/usuarios/requesteruser "HTTP/1.1 401 Unauthorized"
___________________ test_designate_group_admin_global_admin ___________________

client = <starlette.testclient.TestClient object at 0x000001C654B54290>
auth_token_for_user = <function auth_token_for_user.<locals>._get_token at 0x000001C654E800E0>
setup_group_for_user_management = ('user_manage_group', 'requesteruser', {'Authorization': 'Bearer None'})

    def test_designate_group_admin_global_admin(client: TestClient, auth_token_for_user, setup_group_for_user_management):
        group_name, user_to_promote, headers_ga = setup_group_for_user_management
        # Add user to group first, as per API logic (must be member to be admin)
        client.post(f"/tools/grupos/{group_name}/usuarios", headers=headers_ga, json={"username": user_to_promote})
    
        response = client.post(f"/tools/grupos/{group_name}/admins", headers=headers_ga, json={"username": user_to_promote})
>       assert response.status_code == 200, response.text
E       AssertionError: {"detail":"Token invßlido"}
E       assert 401 == 200
E        +  where 401 = <Response [401 Unauthorized]>.status_code

tests\integration\test_admin_groups_api.py:362: AssertionError
---------------------------- Captured stderr setup ----------------------------
INFO:root:RequisiþÒo: POST http://testserver/tools/login
WARNING:app.groups.routes:Tentativa de login invßlida para usußrio 'globaladmin'
INFO:root:Resposta: 401 para POST http://testserver/tools/login
INFO:httpx:HTTP Request: POST http://testserver/tools/login "HTTP/1.1 401 Unauthorized"
INFO:root:RequisiþÒo: DELETE http://testserver/tools/grupos/user_manage_group
INFO:app.auth:Auth: Validating JWT. Key used (first 10 chars): testsecret
INFO:app.auth:Auth: Received token for validation (first 20 chars): None...
INFO:app.auth:Auth: Using PyJWT version 2.8.0
WARNING:app.auth:Token invßlido
INFO:root:Resposta: 401 para DELETE http://testserver/tools/grupos/user_manage_group
INFO:httpx:HTTP Request: DELETE http://testserver/tools/grupos/user_manage_group "HTTP/1.1 401 Unauthorized"
INFO:root:RequisiþÒo: DELETE http://testserver/tools/usuarios/user_for_group_manage
INFO:app.auth:Auth: Validating JWT. Key used (first 10 chars): testsecret
INFO:app.auth:Auth: Received token for validation (first 20 chars): None...
INFO:app.auth:Auth: Using PyJWT version 2.8.0
WARNING:app.auth:Token invßlido
INFO:root:Resposta: 401 para DELETE http://testserver/tools/usuarios/user_for_group_manage
INFO:httpx:HTTP Request: DELETE http://testserver/tools/usuarios/user_for_group_manage "HTTP/1.1 401 Unauthorized"
INFO:root:RequisiþÒo: POST http://testserver/tools/grupos
INFO:app.auth:Auth: Validating JWT. Key used (first 10 chars): testsecret
INFO:app.auth:Auth: Received token for validation (first 20 chars): None...
INFO:app.auth:Auth: Using PyJWT version 2.8.0
WARNING:app.auth:Token invßlido
INFO:root:Resposta: 401 para POST http://testserver/tools/grupos
INFO:httpx:HTTP Request: POST http://testserver/tools/grupos "HTTP/1.1 401 Unauthorized"
----------------------------- Captured log setup ------------------------------
INFO     root:main.py:34 RequisiþÒo: POST http://testserver/tools/login
WARNING  app.groups.routes:routes.py:70 Tentativa de login invßlida para usußrio 'globaladmin'
INFO     root:main.py:36 Resposta: 401 para POST http://testserver/tools/login
INFO     httpx:_client.py:1025 HTTP Request: POST http://testserver/tools/login "HTTP/1.1 401 Unauthorized"
INFO     root:main.py:34 RequisiþÒo: DELETE http://testserver/tools/grupos/user_manage_group
INFO     app.auth:auth.py:90 Auth: Validating JWT. Key used (first 10 chars): testsecret
INFO     app.auth:auth.py:91 Auth: Received token for validation (first 20 chars): None...
INFO     app.auth:auth.py:95 Auth: Using PyJWT version 2.8.0
WARNING  app.auth:auth.py:120 Token invßlido
INFO     root:main.py:36 Resposta: 401 para DELETE http://testserver/tools/grupos/user_manage_group
INFO     httpx:_client.py:1025 HTTP Request: DELETE http://testserver/tools/grupos/user_manage_group "HTTP/1.1 401 Unauthorized"
INFO     root:main.py:34 RequisiþÒo: DELETE http://testserver/tools/usuarios/user_for_group_manage
INFO     app.auth:auth.py:90 Auth: Validating JWT. Key used (first 10 chars): testsecret
INFO     app.auth:auth.py:91 Auth: Received token for validation (first 20 chars): None...
INFO     app.auth:auth.py:95 Auth: Using PyJWT version 2.8.0
WARNING  app.auth:auth.py:120 Token invßlido
INFO     root:main.py:36 Resposta: 401 para DELETE http://testserver/tools/usuarios/user_for_group_manage
INFO     httpx:_client.py:1025 HTTP Request: DELETE http://testserver/tools/usuarios/user_for_group_manage "HTTP/1.1 401 Unauthorized"
INFO     root:main.py:34 RequisiþÒo: POST http://testserver/tools/grupos
INFO     app.auth:auth.py:90 Auth: Validating JWT. Key used (first 10 chars): testsecret
INFO     app.auth:auth.py:91 Auth: Received token for validation (first 20 chars): None...
INFO     app.auth:auth.py:95 Auth: Using PyJWT version 2.8.0
WARNING  app.auth:auth.py:120 Token invßlido
INFO     root:main.py:36 Resposta: 401 para POST http://testserver/tools/grupos
INFO     httpx:_client.py:1025 HTTP Request: POST http://testserver/tools/grupos "HTTP/1.1 401 Unauthorized"
---------------------------- Captured stderr call -----------------------------
INFO:root:RequisiþÒo: POST http://testserver/tools/grupos/user_manage_group/usuarios
INFO:app.auth:Auth: Validating JWT. Key used (first 10 chars): testsecret
INFO:app.auth:Auth: Received token for validation (first 20 chars): None...
INFO:app.auth:Auth: Using PyJWT version 2.8.0
WARNING:app.auth:Token invßlido
INFO:root:Resposta: 401 para POST http://testserver/tools/grupos/user_manage_group/usuarios
INFO:httpx:HTTP Request: POST http://testserver/tools/grupos/user_manage_group/usuarios "HTTP/1.1 401 Unauthorized"
INFO:root:RequisiþÒo: POST http://testserver/tools/grupos/user_manage_group/admins
INFO:app.auth:Auth: Validating JWT. Key used (first 10 chars): testsecret
INFO:app.auth:Auth: Received token for validation (first 20 chars): None...
INFO:app.auth:Auth: Using PyJWT version 2.8.0
WARNING:app.auth:Token invßlido
INFO:root:Resposta: 401 para POST http://testserver/tools/grupos/user_manage_group/admins
INFO:httpx:HTTP Request: POST http://testserver/tools/grupos/user_manage_group/admins "HTTP/1.1 401 Unauthorized"
------------------------------ Captured log call ------------------------------
INFO     root:main.py:34 RequisiþÒo: POST http://testserver/tools/grupos/user_manage_group/usuarios
INFO     app.auth:auth.py:90 Auth: Validating JWT. Key used (first 10 chars): testsecret
INFO     app.auth:auth.py:91 Auth: Received token for validation (first 20 chars): None...
INFO     app.auth:auth.py:95 Auth: Using PyJWT version 2.8.0
WARNING  app.auth:auth.py:120 Token invßlido
INFO     root:main.py:36 Resposta: 401 para POST http://testserver/tools/grupos/user_manage_group/usuarios
INFO     httpx:_client.py:1025 HTTP Request: POST http://testserver/tools/grupos/user_manage_group/usuarios "HTTP/1.1 401 Unauthorized"
INFO     root:main.py:34 RequisiþÒo: POST http://testserver/tools/grupos/user_manage_group/admins
INFO     app.auth:auth.py:90 Auth: Validating JWT. Key used (first 10 chars): testsecret
INFO     app.auth:auth.py:91 Auth: Received token for validation (first 20 chars): None...
INFO     app.auth:auth.py:95 Auth: Using PyJWT version 2.8.0
WARNING  app.auth:auth.py:120 Token invßlido
INFO     root:main.py:36 Resposta: 401 para POST http://testserver/tools/grupos/user_manage_group/admins
INFO     httpx:_client.py:1025 HTTP Request: POST http://testserver/tools/grupos/user_manage_group/admins "HTTP/1.1 401 Unauthorized"
________________ test_designate_group_admin_user_not_in_group _________________

client = <starlette.testclient.TestClient object at 0x000001C654B54290>
auth_token_for_user = <function auth_token_for_user.<locals>._get_token at 0x000001C654E83420>
setup_group_for_user_management = ('user_manage_group', 'requesteruser', {'Authorization': 'Bearer None'})

    def test_designate_group_admin_user_not_in_group(client: TestClient, auth_token_for_user, setup_group_for_user_management):
        group_name, user_not_in_group, headers_ga = setup_group_for_user_management
        # user_not_in_group (requesteruser) is NOT added to group_name yet
        response = client.post(f"/tools/grupos/{group_name}/admins", headers=headers_ga, json={"username": user_not_in_group})
>       assert response.status_code == 400, response.text
E       AssertionError: {"detail":"Token invßlido"}
E       assert 401 == 400
E        +  where 401 = <Response [401 Unauthorized]>.status_code

tests\integration\test_admin_groups_api.py:372: AssertionError
---------------------------- Captured stderr setup ----------------------------
INFO:root:RequisiþÒo: POST http://testserver/tools/login
WARNING:app.groups.routes:Tentativa de login invßlida para usußrio 'globaladmin'
INFO:root:Resposta: 401 para POST http://testserver/tools/login
INFO:httpx:HTTP Request: POST http://testserver/tools/login "HTTP/1.1 401 Unauthorized"
INFO:root:RequisiþÒo: DELETE http://testserver/tools/grupos/user_manage_group
INFO:app.auth:Auth: Validating JWT. Key used (first 10 chars): testsecret
INFO:app.auth:Auth: Received token for validation (first 20 chars): None...
INFO:app.auth:Auth: Using PyJWT version 2.8.0
WARNING:app.auth:Token invßlido
INFO:root:Resposta: 401 para DELETE http://testserver/tools/grupos/user_manage_group
INFO:httpx:HTTP Request: DELETE http://testserver/tools/grupos/user_manage_group "HTTP/1.1 401 Unauthorized"
INFO:root:RequisiþÒo: DELETE http://testserver/tools/usuarios/user_for_group_manage
INFO:app.auth:Auth: Validating JWT. Key used (first 10 chars): testsecret
INFO:app.auth:Auth: Received token for validation (first 20 chars): None...
INFO:app.auth:Auth: Using PyJWT version 2.8.0
WARNING:app.auth:Token invßlido
INFO:root:Resposta: 401 para DELETE http://testserver/tools/usuarios/user_for_group_manage
INFO:httpx:HTTP Request: DELETE http://testserver/tools/usuarios/user_for_group_manage "HTTP/1.1 401 Unauthorized"
INFO:root:RequisiþÒo: POST http://testserver/tools/grupos
INFO:app.auth:Auth: Validating JWT. Key used (first 10 chars): testsecret
INFO:app.auth:Auth: Received token for validation (first 20 chars): None...
INFO:app.auth:Auth: Using PyJWT version 2.8.0
WARNING:app.auth:Token invßlido
INFO:root:Resposta: 401 para POST http://testserver/tools/grupos
INFO:httpx:HTTP Request: POST http://testserver/tools/grupos "HTTP/1.1 401 Unauthorized"
----------------------------- Captured log setup ------------------------------
INFO     root:main.py:34 RequisiþÒo: POST http://testserver/tools/login
WARNING  app.groups.routes:routes.py:70 Tentativa de login invßlida para usußrio 'globaladmin'
INFO     root:main.py:36 Resposta: 401 para POST http://testserver/tools/login
INFO     httpx:_client.py:1025 HTTP Request: POST http://testserver/tools/login "HTTP/1.1 401 Unauthorized"
INFO     root:main.py:34 RequisiþÒo: DELETE http://testserver/tools/grupos/user_manage_group
INFO     app.auth:auth.py:90 Auth: Validating JWT. Key used (first 10 chars): testsecret
INFO     app.auth:auth.py:91 Auth: Received token for validation (first 20 chars): None...
INFO     app.auth:auth.py:95 Auth: Using PyJWT version 2.8.0
WARNING  app.auth:auth.py:120 Token invßlido
INFO     root:main.py:36 Resposta: 401 para DELETE http://testserver/tools/grupos/user_manage_group
INFO     httpx:_client.py:1025 HTTP Request: DELETE http://testserver/tools/grupos/user_manage_group "HTTP/1.1 401 Unauthorized"
INFO     root:main.py:34 RequisiþÒo: DELETE http://testserver/tools/usuarios/user_for_group_manage
INFO     app.auth:auth.py:90 Auth: Validating JWT. Key used (first 10 chars): testsecret
INFO     app.auth:auth.py:91 Auth: Received token for validation (first 20 chars): None...
INFO     app.auth:auth.py:95 Auth: Using PyJWT version 2.8.0
WARNING  app.auth:auth.py:120 Token invßlido
INFO     root:main.py:36 Resposta: 401 para DELETE http://testserver/tools/usuarios/user_for_group_manage
INFO     httpx:_client.py:1025 HTTP Request: DELETE http://testserver/tools/usuarios/user_for_group_manage "HTTP/1.1 401 Unauthorized"
INFO     root:main.py:34 RequisiþÒo: POST http://testserver/tools/grupos
INFO     app.auth:auth.py:90 Auth: Validating JWT. Key used (first 10 chars): testsecret
INFO     app.auth:auth.py:91 Auth: Received token for validation (first 20 chars): None...
INFO     app.auth:auth.py:95 Auth: Using PyJWT version 2.8.0
WARNING  app.auth:auth.py:120 Token invßlido
INFO     root:main.py:36 Resposta: 401 para POST http://testserver/tools/grupos
INFO     httpx:_client.py:1025 HTTP Request: POST http://testserver/tools/grupos "HTTP/1.1 401 Unauthorized"
---------------------------- Captured stderr call -----------------------------
INFO:root:RequisiþÒo: POST http://testserver/tools/grupos/user_manage_group/admins
INFO:app.auth:Auth: Validating JWT. Key used (first 10 chars): testsecret
INFO:app.auth:Auth: Received token for validation (first 20 chars): None...
INFO:app.auth:Auth: Using PyJWT version 2.8.0
WARNING:app.auth:Token invßlido
INFO:root:Resposta: 401 para POST http://testserver/tools/grupos/user_manage_group/admins
INFO:httpx:HTTP Request: POST http://testserver/tools/grupos/user_manage_group/admins "HTTP/1.1 401 Unauthorized"
------------------------------ Captured log call ------------------------------
INFO     root:main.py:34 RequisiþÒo: POST http://testserver/tools/grupos/user_manage_group/admins
INFO     app.auth:auth.py:90 Auth: Validating JWT. Key used (first 10 chars): testsecret
INFO     app.auth:auth.py:91 Auth: Received token for validation (first 20 chars): None...
INFO     app.auth:auth.py:95 Auth: Using PyJWT version 2.8.0
WARNING  app.auth:auth.py:120 Token invßlido
INFO     root:main.py:36 Resposta: 401 para POST http://testserver/tools/grupos/user_manage_group/admins
INFO     httpx:_client.py:1025 HTTP Request: POST http://testserver/tools/grupos/user_manage_group/admins "HTTP/1.1 401 Unauthorized"
____________________ test_remove_group_admin_global_admin _____________________

client = <starlette.testclient.TestClient object at 0x000001C654B54290>
auth_token_for_user = <function auth_token_for_user.<locals>._get_token at 0x000001C654E822A0>
setup_group_for_user_management = ('user_manage_group', 'requesteruser', {'Authorization': 'Bearer None'})

    def test_remove_group_admin_global_admin(client: TestClient, auth_token_for_user, setup_group_for_user_management):
        group_name, user_to_make_admin, headers_ga = setup_group_for_user_management
        client.post(f"/tools/grupos/{group_name}/usuarios", headers=headers_ga, json={"username": user_to_make_admin})
        client.post(f"/tools/grupos/{group_name}/admins", headers=headers_ga, json={"username": user_to_make_admin})
    
        response = client.delete(f"/tools/grupos/{group_name}/admins/{user_to_make_admin}", headers=headers_ga)
>       assert response.status_code == 200, response.text
E       AssertionError: {"detail":"Token invßlido"}
E       assert 401 == 200
E        +  where 401 = <Response [401 Unauthorized]>.status_code

tests\integration\test_admin_groups_api.py:381: AssertionError
---------------------------- Captured stderr setup ----------------------------
INFO:root:RequisiþÒo: POST http://testserver/tools/login
WARNING:app.groups.routes:Tentativa de login invßlida para usußrio 'globaladmin'
INFO:root:Resposta: 401 para POST http://testserver/tools/login
INFO:httpx:HTTP Request: POST http://testserver/tools/login "HTTP/1.1 401 Unauthorized"
INFO:root:RequisiþÒo: DELETE http://testserver/tools/grupos/user_manage_group
INFO:app.auth:Auth: Validating JWT. Key used (first 10 chars): testsecret
INFO:app.auth:Auth: Received token for validation (first 20 chars): None...
INFO:app.auth:Auth: Using PyJWT version 2.8.0
WARNING:app.auth:Token invßlido
INFO:root:Resposta: 401 para DELETE http://testserver/tools/grupos/user_manage_group
INFO:httpx:HTTP Request: DELETE http://testserver/tools/grupos/user_manage_group "HTTP/1.1 401 Unauthorized"
INFO:root:RequisiþÒo: DELETE http://testserver/tools/usuarios/user_for_group_manage
INFO:app.auth:Auth: Validating JWT. Key used (first 10 chars): testsecret
INFO:app.auth:Auth: Received token for validation (first 20 chars): None...
INFO:app.auth:Auth: Using PyJWT version 2.8.0
WARNING:app.auth:Token invßlido
INFO:root:Resposta: 401 para DELETE http://testserver/tools/usuarios/user_for_group_manage
INFO:httpx:HTTP Request: DELETE http://testserver/tools/usuarios/user_for_group_manage "HTTP/1.1 401 Unauthorized"
INFO:root:RequisiþÒo: POST http://testserver/tools/grupos
INFO:app.auth:Auth: Validating JWT. Key used (first 10 chars): testsecret
INFO:app.auth:Auth: Received token for validation (first 20 chars): None...
INFO:app.auth:Auth: Using PyJWT version 2.8.0
WARNING:app.auth:Token invßlido
INFO:root:Resposta: 401 para POST http://testserver/tools/grupos
INFO:httpx:HTTP Request: POST http://testserver/tools/grupos "HTTP/1.1 401 Unauthorized"
----------------------------- Captured log setup ------------------------------
INFO     root:main.py:34 RequisiþÒo: POST http://testserver/tools/login
WARNING  app.groups.routes:routes.py:70 Tentativa de login invßlida para usußrio 'globaladmin'
INFO     root:main.py:36 Resposta: 401 para POST http://testserver/tools/login
INFO     httpx:_client.py:1025 HTTP Request: POST http://testserver/tools/login "HTTP/1.1 401 Unauthorized"
INFO     root:main.py:34 RequisiþÒo: DELETE http://testserver/tools/grupos/user_manage_group
INFO     app.auth:auth.py:90 Auth: Validating JWT. Key used (first 10 chars): testsecret
INFO     app.auth:auth.py:91 Auth: Received token for validation (first 20 chars): None...
INFO     app.auth:auth.py:95 Auth: Using PyJWT version 2.8.0
WARNING  app.auth:auth.py:120 Token invßlido
INFO     root:main.py:36 Resposta: 401 para DELETE http://testserver/tools/grupos/user_manage_group
INFO     httpx:_client.py:1025 HTTP Request: DELETE http://testserver/tools/grupos/user_manage_group "HTTP/1.1 401 Unauthorized"
INFO     root:main.py:34 RequisiþÒo: DELETE http://testserver/tools/usuarios/user_for_group_manage
INFO     app.auth:auth.py:90 Auth: Validating JWT. Key used (first 10 chars): testsecret
INFO     app.auth:auth.py:91 Auth: Received token for validation (first 20 chars): None...
INFO     app.auth:auth.py:95 Auth: Using PyJWT version 2.8.0
WARNING  app.auth:auth.py:120 Token invßlido
INFO     root:main.py:36 Resposta: 401 para DELETE http://testserver/tools/usuarios/user_for_group_manage
INFO     httpx:_client.py:1025 HTTP Request: DELETE http://testserver/tools/usuarios/user_for_group_manage "HTTP/1.1 401 Unauthorized"
INFO     root:main.py:34 RequisiþÒo: POST http://testserver/tools/grupos
INFO     app.auth:auth.py:90 Auth: Validating JWT. Key used (first 10 chars): testsecret
INFO     app.auth:auth.py:91 Auth: Received token for validation (first 20 chars): None...
INFO     app.auth:auth.py:95 Auth: Using PyJWT version 2.8.0
WARNING  app.auth:auth.py:120 Token invßlido
INFO     root:main.py:36 Resposta: 401 para POST http://testserver/tools/grupos
INFO     httpx:_client.py:1025 HTTP Request: POST http://testserver/tools/grupos "HTTP/1.1 401 Unauthorized"
---------------------------- Captured stderr call -----------------------------
INFO:root:RequisiþÒo: POST http://testserver/tools/grupos/user_manage_group/usuarios
INFO:app.auth:Auth: Validating JWT. Key used (first 10 chars): testsecret
INFO:app.auth:Auth: Received token for validation (first 20 chars): None...
INFO:app.auth:Auth: Using PyJWT version 2.8.0
WARNING:app.auth:Token invßlido
INFO:root:Resposta: 401 para POST http://testserver/tools/grupos/user_manage_group/usuarios
INFO:httpx:HTTP Request: POST http://testserver/tools/grupos/user_manage_group/usuarios "HTTP/1.1 401 Unauthorized"
INFO:root:RequisiþÒo: POST http://testserver/tools/grupos/user_manage_group/admins
INFO:app.auth:Auth: Validating JWT. Key used (first 10 chars): testsecret
INFO:app.auth:Auth: Received token for validation (first 20 chars): None...
INFO:app.auth:Auth: Using PyJWT version 2.8.0
WARNING:app.auth:Token invßlido
INFO:root:Resposta: 401 para POST http://testserver/tools/grupos/user_manage_group/admins
INFO:httpx:HTTP Request: POST http://testserver/tools/grupos/user_manage_group/admins "HTTP/1.1 401 Unauthorized"
INFO:root:RequisiþÒo: DELETE http://testserver/tools/grupos/user_manage_group/admins/requesteruser
INFO:app.auth:Auth: Validating JWT. Key used (first 10 chars): testsecret
INFO:app.auth:Auth: Received token for validation (first 20 chars): None...
INFO:app.auth:Auth: Using PyJWT version 2.8.0
WARNING:app.auth:Token invßlido
INFO:root:Resposta: 401 para DELETE http://testserver/tools/grupos/user_manage_group/admins/requesteruser
INFO:httpx:HTTP Request: DELETE http://testserver/tools/grupos/user_manage_group/admins/requesteruser "HTTP/1.1 401 Unauthorized"
------------------------------ Captured log call ------------------------------
INFO     root:main.py:34 RequisiþÒo: POST http://testserver/tools/grupos/user_manage_group/usuarios
INFO     app.auth:auth.py:90 Auth: Validating JWT. Key used (first 10 chars): testsecret
INFO     app.auth:auth.py:91 Auth: Received token for validation (first 20 chars): None...
INFO     app.auth:auth.py:95 Auth: Using PyJWT version 2.8.0
WARNING  app.auth:auth.py:120 Token invßlido
INFO     root:main.py:36 Resposta: 401 para POST http://testserver/tools/grupos/user_manage_group/usuarios
INFO     httpx:_client.py:1025 HTTP Request: POST http://testserver/tools/grupos/user_manage_group/usuarios "HTTP/1.1 401 Unauthorized"
INFO     root:main.py:34 RequisiþÒo: POST http://testserver/tools/grupos/user_manage_group/admins
INFO     app.auth:auth.py:90 Auth: Validating JWT. Key used (first 10 chars): testsecret
INFO     app.auth:auth.py:91 Auth: Received token for validation (first 20 chars): None...
INFO     app.auth:auth.py:95 Auth: Using PyJWT version 2.8.0
WARNING  app.auth:auth.py:120 Token invßlido
INFO     root:main.py:36 Resposta: 401 para POST http://testserver/tools/grupos/user_manage_group/admins
INFO     httpx:_client.py:1025 HTTP Request: POST http://testserver/tools/grupos/user_manage_group/admins "HTTP/1.1 401 Unauthorized"
INFO     root:main.py:34 RequisiþÒo: DELETE http://testserver/tools/grupos/user_manage_group/admins/requesteruser
INFO     app.auth:auth.py:90 Auth: Validating JWT. Key used (first 10 chars): testsecret
INFO     app.auth:auth.py:91 Auth: Received token for validation (first 20 chars): None...
INFO     app.auth:auth.py:95 Auth: Using PyJWT version 2.8.0
WARNING  app.auth:auth.py:120 Token invßlido
INFO     root:main.py:36 Resposta: 401 para DELETE http://testserver/tools/grupos/user_manage_group/admins/requesteruser
INFO     httpx:_client.py:1025 HTTP Request: DELETE http://testserver/tools/grupos/user_manage_group/admins/requesteruser "HTTP/1.1 401 Unauthorized"
___________________ test_remove_group_admin_by_group_admin ____________________

client = <starlette.testclient.TestClient object at 0x000001C654B54290>
auth_token_for_user = <function auth_token_for_user.<locals>._get_token at 0x000001C654D6FC40>
setup_group_for_user_management = ('user_manage_group', 'requesteruser', {'Authorization': 'Bearer None'})

    def test_remove_group_admin_by_group_admin(client: TestClient, auth_token_for_user, setup_group_for_user_management):
        group_name, user_to_demote, headers_ga = setup_group_for_user_management
        acting_admin_username = "admin_group1"
    
        # Add user_to_demote to the group and make them an admin
        client.post(f"/tools/grupos/{group_name}/usuarios", headers=headers_ga, json={"username": user_to_demote})
        client.post(f"/tools/grupos/{group_name}/admins", headers=headers_ga, json={"username": user_to_demote})
        # Make acting_admin_username an admin of this group too
        client.post(f"/tools/grupos/{group_name}/usuarios", headers=headers_ga, json={"username": acting_admin_username})
        client.post(f"/tools/grupos/{group_name}/admins", headers=headers_ga, json={"username": acting_admin_username})
    
        acting_admin_token = auth_token_for_user(acting_admin_username, "password_admin_g1")
        headers_acting_admin = {"Authorization": f"Bearer {acting_admin_token}"}
    
        response = client.delete(f"/tools/grupos/{group_name}/admins/{user_to_demote}", headers=headers_acting_admin)
>       assert response.status_code == 200, response.text
E       AssertionError: {"detail":"Token invßlido"}
E       assert 401 == 200
E        +  where 401 = <Response [401 Unauthorized]>.status_code

tests\integration\test_admin_groups_api.py:402: AssertionError
---------------------------- Captured stderr setup ----------------------------
INFO:root:RequisiþÒo: POST http://testserver/tools/login
WARNING:app.groups.routes:Tentativa de login invßlida para usußrio 'globaladmin'
INFO:root:Resposta: 401 para POST http://testserver/tools/login
INFO:httpx:HTTP Request: POST http://testserver/tools/login "HTTP/1.1 401 Unauthorized"
INFO:root:RequisiþÒo: DELETE http://testserver/tools/grupos/user_manage_group
INFO:app.auth:Auth: Validating JWT. Key used (first 10 chars): testsecret
INFO:app.auth:Auth: Received token for validation (first 20 chars): None...
INFO:app.auth:Auth: Using PyJWT version 2.8.0
WARNING:app.auth:Token invßlido
INFO:root:Resposta: 401 para DELETE http://testserver/tools/grupos/user_manage_group
INFO:httpx:HTTP Request: DELETE http://testserver/tools/grupos/user_manage_group "HTTP/1.1 401 Unauthorized"
INFO:root:RequisiþÒo: DELETE http://testserver/tools/usuarios/user_for_group_manage
INFO:app.auth:Auth: Validating JWT. Key used (first 10 chars): testsecret
INFO:app.auth:Auth: Received token for validation (first 20 chars): None...
INFO:app.auth:Auth: Using PyJWT version 2.8.0
WARNING:app.auth:Token invßlido
INFO:root:Resposta: 401 para DELETE http://testserver/tools/usuarios/user_for_group_manage
INFO:httpx:HTTP Request: DELETE http://testserver/tools/usuarios/user_for_group_manage "HTTP/1.1 401 Unauthorized"
INFO:root:RequisiþÒo: POST http://testserver/tools/grupos
INFO:app.auth:Auth: Validating JWT. Key used (first 10 chars): testsecret
INFO:app.auth:Auth: Received token for validation (first 20 chars): None...
INFO:app.auth:Auth: Using PyJWT version 2.8.0
WARNING:app.auth:Token invßlido
INFO:root:Resposta: 401 para POST http://testserver/tools/grupos
INFO:httpx:HTTP Request: POST http://testserver/tools/grupos "HTTP/1.1 401 Unauthorized"
----------------------------- Captured log setup ------------------------------
INFO     root:main.py:34 RequisiþÒo: POST http://testserver/tools/login
WARNING  app.groups.routes:routes.py:70 Tentativa de login invßlida para usußrio 'globaladmin'
INFO     root:main.py:36 Resposta: 401 para POST http://testserver/tools/login
INFO     httpx:_client.py:1025 HTTP Request: POST http://testserver/tools/login "HTTP/1.1 401 Unauthorized"
INFO     root:main.py:34 RequisiþÒo: DELETE http://testserver/tools/grupos/user_manage_group
INFO     app.auth:auth.py:90 Auth: Validating JWT. Key used (first 10 chars): testsecret
INFO     app.auth:auth.py:91 Auth: Received token for validation (first 20 chars): None...
INFO     app.auth:auth.py:95 Auth: Using PyJWT version 2.8.0
WARNING  app.auth:auth.py:120 Token invßlido
INFO     root:main.py:36 Resposta: 401 para DELETE http://testserver/tools/grupos/user_manage_group
INFO     httpx:_client.py:1025 HTTP Request: DELETE http://testserver/tools/grupos/user_manage_group "HTTP/1.1 401 Unauthorized"
INFO     root:main.py:34 RequisiþÒo: DELETE http://testserver/tools/usuarios/user_for_group_manage
INFO     app.auth:auth.py:90 Auth: Validating JWT. Key used (first 10 chars): testsecret
INFO     app.auth:auth.py:91 Auth: Received token for validation (first 20 chars): None...
INFO     app.auth:auth.py:95 Auth: Using PyJWT version 2.8.0
WARNING  app.auth:auth.py:120 Token invßlido
INFO     root:main.py:36 Resposta: 401 para DELETE http://testserver/tools/usuarios/user_for_group_manage
INFO     httpx:_client.py:1025 HTTP Request: DELETE http://testserver/tools/usuarios/user_for_group_manage "HTTP/1.1 401 Unauthorized"
INFO     root:main.py:34 RequisiþÒo: POST http://testserver/tools/grupos
INFO     app.auth:auth.py:90 Auth: Validating JWT. Key used (first 10 chars): testsecret
INFO     app.auth:auth.py:91 Auth: Received token for validation (first 20 chars): None...
INFO     app.auth:auth.py:95 Auth: Using PyJWT version 2.8.0
WARNING  app.auth:auth.py:120 Token invßlido
INFO     root:main.py:36 Resposta: 401 para POST http://testserver/tools/grupos
INFO     httpx:_client.py:1025 HTTP Request: POST http://testserver/tools/grupos "HTTP/1.1 401 Unauthorized"
---------------------------- Captured stderr call -----------------------------
INFO:root:RequisiþÒo: POST http://testserver/tools/grupos/user_manage_group/usuarios
INFO:app.auth:Auth: Validating JWT. Key used (first 10 chars): testsecret
INFO:app.auth:Auth: Received token for validation (first 20 chars): None...
INFO:app.auth:Auth: Using PyJWT version 2.8.0
WARNING:app.auth:Token invßlido
INFO:root:Resposta: 401 para POST http://testserver/tools/grupos/user_manage_group/usuarios
INFO:httpx:HTTP Request: POST http://testserver/tools/grupos/user_manage_group/usuarios "HTTP/1.1 401 Unauthorized"
INFO:root:RequisiþÒo: POST http://testserver/tools/grupos/user_manage_group/admins
INFO:app.auth:Auth: Validating JWT. Key used (first 10 chars): testsecret
INFO:app.auth:Auth: Received token for validation (first 20 chars): None...
INFO:app.auth:Auth: Using PyJWT version 2.8.0
WARNING:app.auth:Token invßlido
INFO:root:Resposta: 401 para POST http://testserver/tools/grupos/user_manage_group/admins
INFO:httpx:HTTP Request: POST http://testserver/tools/grupos/user_manage_group/admins "HTTP/1.1 401 Unauthorized"
INFO:root:RequisiþÒo: POST http://testserver/tools/grupos/user_manage_group/usuarios
INFO:app.auth:Auth: Validating JWT. Key used (first 10 chars): testsecret
INFO:app.auth:Auth: Received token for validation (first 20 chars): None...
INFO:app.auth:Auth: Using PyJWT version 2.8.0
WARNING:app.auth:Token invßlido
INFO:root:Resposta: 401 para POST http://testserver/tools/grupos/user_manage_group/usuarios
INFO:httpx:HTTP Request: POST http://testserver/tools/grupos/user_manage_group/usuarios "HTTP/1.1 401 Unauthorized"
INFO:root:RequisiþÒo: POST http://testserver/tools/grupos/user_manage_group/admins
INFO:app.auth:Auth: Validating JWT. Key used (first 10 chars): testsecret
INFO:app.auth:Auth: Received token for validation (first 20 chars): None...
INFO:app.auth:Auth: Using PyJWT version 2.8.0
WARNING:app.auth:Token invßlido
INFO:root:Resposta: 401 para POST http://testserver/tools/grupos/user_manage_group/admins
INFO:httpx:HTTP Request: POST http://testserver/tools/grupos/user_manage_group/admins "HTTP/1.1 401 Unauthorized"
INFO:root:RequisiþÒo: POST http://testserver/tools/login
WARNING:app.groups.routes:Tentativa de login invßlida para usußrio 'admin_group1'
INFO:root:Resposta: 401 para POST http://testserver/tools/login
INFO:httpx:HTTP Request: POST http://testserver/tools/login "HTTP/1.1 401 Unauthorized"
INFO:root:RequisiþÒo: DELETE http://testserver/tools/grupos/user_manage_group/admins/requesteruser
INFO:app.auth:Auth: Validating JWT. Key used (first 10 chars): testsecret
INFO:app.auth:Auth: Received token for validation (first 20 chars): None...
INFO:app.auth:Auth: Using PyJWT version 2.8.0
WARNING:app.auth:Token invßlido
INFO:root:Resposta: 401 para DELETE http://testserver/tools/grupos/user_manage_group/admins/requesteruser
INFO:httpx:HTTP Request: DELETE http://testserver/tools/grupos/user_manage_group/admins/requesteruser "HTTP/1.1 401 Unauthorized"
------------------------------ Captured log call ------------------------------
INFO     root:main.py:34 RequisiþÒo: POST http://testserver/tools/grupos/user_manage_group/usuarios
INFO     app.auth:auth.py:90 Auth: Validating JWT. Key used (first 10 chars): testsecret
INFO     app.auth:auth.py:91 Auth: Received token for validation (first 20 chars): None...
INFO     app.auth:auth.py:95 Auth: Using PyJWT version 2.8.0
WARNING  app.auth:auth.py:120 Token invßlido
INFO     root:main.py:36 Resposta: 401 para POST http://testserver/tools/grupos/user_manage_group/usuarios
INFO     httpx:_client.py:1025 HTTP Request: POST http://testserver/tools/grupos/user_manage_group/usuarios "HTTP/1.1 401 Unauthorized"
INFO     root:main.py:34 RequisiþÒo: POST http://testserver/tools/grupos/user_manage_group/admins
INFO     app.auth:auth.py:90 Auth: Validating JWT. Key used (first 10 chars): testsecret
INFO     app.auth:auth.py:91 Auth: Received token for validation (first 20 chars): None...
INFO     app.auth:auth.py:95 Auth: Using PyJWT version 2.8.0
WARNING  app.auth:auth.py:120 Token invßlido
INFO     root:main.py:36 Resposta: 401 para POST http://testserver/tools/grupos/user_manage_group/admins
INFO     httpx:_client.py:1025 HTTP Request: POST http://testserver/tools/grupos/user_manage_group/admins "HTTP/1.1 401 Unauthorized"
INFO     root:main.py:34 RequisiþÒo: POST http://testserver/tools/grupos/user_manage_group/usuarios
INFO     app.auth:auth.py:90 Auth: Validating JWT. Key used (first 10 chars): testsecret
INFO     app.auth:auth.py:91 Auth: Received token for validation (first 20 chars): None...
INFO     app.auth:auth.py:95 Auth: Using PyJWT version 2.8.0
WARNING  app.auth:auth.py:120 Token invßlido
INFO     root:main.py:36 Resposta: 401 para POST http://testserver/tools/grupos/user_manage_group/usuarios
INFO     httpx:_client.py:1025 HTTP Request: POST http://testserver/tools/grupos/user_manage_group/usuarios "HTTP/1.1 401 Unauthorized"
INFO     root:main.py:34 RequisiþÒo: POST http://testserver/tools/grupos/user_manage_group/admins
INFO     app.auth:auth.py:90 Auth: Validating JWT. Key used (first 10 chars): testsecret
INFO     app.auth:auth.py:91 Auth: Received token for validation (first 20 chars): None...
INFO     app.auth:auth.py:95 Auth: Using PyJWT version 2.8.0
WARNING  app.auth:auth.py:120 Token invßlido
INFO     root:main.py:36 Resposta: 401 para POST http://testserver/tools/grupos/user_manage_group/admins
INFO     httpx:_client.py:1025 HTTP Request: POST http://testserver/tools/grupos/user_manage_group/admins "HTTP/1.1 401 Unauthorized"
INFO     root:main.py:34 RequisiþÒo: POST http://testserver/tools/login
WARNING  app.groups.routes:routes.py:70 Tentativa de login invßlida para usußrio 'admin_group1'
INFO     root:main.py:36 Resposta: 401 para POST http://testserver/tools/login
INFO     httpx:_client.py:1025 HTTP Request: POST http://testserver/tools/login "HTTP/1.1 401 Unauthorized"
INFO     root:main.py:34 RequisiþÒo: DELETE http://testserver/tools/grupos/user_manage_group/admins/requesteruser
INFO     app.auth:auth.py:90 Auth: Validating JWT. Key used (first 10 chars): testsecret
INFO     app.auth:auth.py:91 Auth: Received token for validation (first 20 chars): None...
INFO     app.auth:auth.py:95 Auth: Using PyJWT version 2.8.0
WARNING  app.auth:auth.py:120 Token invßlido
INFO     root:main.py:36 Resposta: 401 para DELETE http://testserver/tools/grupos/user_manage_group/admins/requesteruser
INFO     httpx:_client.py:1025 HTTP Request: DELETE http://testserver/tools/grupos/user_manage_group/admins/requesteruser "HTTP/1.1 401 Unauthorized"
______________ test_remove_last_group_admin_by_group_admin_fail _______________

client = <starlette.testclient.TestClient object at 0x000001C654B54290>
auth_token_for_user = <function auth_token_for_user.<locals>._get_token at 0x000001C654D22660>
setup_group_for_user_management = ('user_manage_group', 'requesteruser', {'Authorization': 'Bearer None'})

    def test_remove_last_group_admin_by_group_admin_fail(client: TestClient, auth_token_for_user, setup_group_for_user_management):
        group_name, _, headers_ga = setup_group_for_user_management
        last_admin_username = "admin_group1"
        # Add last_admin_username as the only admin
        client.post(f"/tools/grupos/{group_name}/usuarios", headers=headers_ga, json={"username": last_admin_username})
        client.post(f"/tools/grupos/{group_name}/admins", headers=headers_ga, json={"username": last_admin_username})
    
        last_admin_token = auth_token_for_user(last_admin_username, "password_admin_g1")
        headers_last_admin = {"Authorization": f"Bearer {last_admin_token}"}
    
        # Try to remove self as last admin
        response = client.delete(f"/tools/grupos/{group_name}/admins/{last_admin_username}", headers=headers_last_admin)
>       assert response.status_code == 400, response.text
E       AssertionError: {"detail":"Token invßlido"}
E       assert 401 == 400
E        +  where 401 = <Response [401 Unauthorized]>.status_code

tests\integration\test_admin_groups_api.py:418: AssertionError
---------------------------- Captured stderr setup ----------------------------
INFO:root:RequisiþÒo: POST http://testserver/tools/login
WARNING:app.groups.routes:Tentativa de login invßlida para usußrio 'globaladmin'
INFO:root:Resposta: 401 para POST http://testserver/tools/login
INFO:httpx:HTTP Request: POST http://testserver/tools/login "HTTP/1.1 401 Unauthorized"
INFO:root:RequisiþÒo: DELETE http://testserver/tools/grupos/user_manage_group
INFO:app.auth:Auth: Validating JWT. Key used (first 10 chars): testsecret
INFO:app.auth:Auth: Received token for validation (first 20 chars): None...
INFO:app.auth:Auth: Using PyJWT version 2.8.0
WARNING:app.auth:Token invßlido
INFO:root:Resposta: 401 para DELETE http://testserver/tools/grupos/user_manage_group
INFO:httpx:HTTP Request: DELETE http://testserver/tools/grupos/user_manage_group "HTTP/1.1 401 Unauthorized"
INFO:root:RequisiþÒo: DELETE http://testserver/tools/usuarios/user_for_group_manage
INFO:app.auth:Auth: Validating JWT. Key used (first 10 chars): testsecret
INFO:app.auth:Auth: Received token for validation (first 20 chars): None...
INFO:app.auth:Auth: Using PyJWT version 2.8.0
WARNING:app.auth:Token invßlido
INFO:root:Resposta: 401 para DELETE http://testserver/tools/usuarios/user_for_group_manage
INFO:httpx:HTTP Request: DELETE http://testserver/tools/usuarios/user_for_group_manage "HTTP/1.1 401 Unauthorized"
INFO:root:RequisiþÒo: POST http://testserver/tools/grupos
INFO:app.auth:Auth: Validating JWT. Key used (first 10 chars): testsecret
INFO:app.auth:Auth: Received token for validation (first 20 chars): None...
INFO:app.auth:Auth: Using PyJWT version 2.8.0
WARNING:app.auth:Token invßlido
INFO:root:Resposta: 401 para POST http://testserver/tools/grupos
INFO:httpx:HTTP Request: POST http://testserver/tools/grupos "HTTP/1.1 401 Unauthorized"
----------------------------- Captured log setup ------------------------------
INFO     root:main.py:34 RequisiþÒo: POST http://testserver/tools/login
WARNING  app.groups.routes:routes.py:70 Tentativa de login invßlida para usußrio 'globaladmin'
INFO     root:main.py:36 Resposta: 401 para POST http://testserver/tools/login
INFO     httpx:_client.py:1025 HTTP Request: POST http://testserver/tools/login "HTTP/1.1 401 Unauthorized"
INFO     root:main.py:34 RequisiþÒo: DELETE http://testserver/tools/grupos/user_manage_group
INFO     app.auth:auth.py:90 Auth: Validating JWT. Key used (first 10 chars): testsecret
INFO     app.auth:auth.py:91 Auth: Received token for validation (first 20 chars): None...
INFO     app.auth:auth.py:95 Auth: Using PyJWT version 2.8.0
WARNING  app.auth:auth.py:120 Token invßlido
INFO     root:main.py:36 Resposta: 401 para DELETE http://testserver/tools/grupos/user_manage_group
INFO     httpx:_client.py:1025 HTTP Request: DELETE http://testserver/tools/grupos/user_manage_group "HTTP/1.1 401 Unauthorized"
INFO     root:main.py:34 RequisiþÒo: DELETE http://testserver/tools/usuarios/user_for_group_manage
INFO     app.auth:auth.py:90 Auth: Validating JWT. Key used (first 10 chars): testsecret
INFO     app.auth:auth.py:91 Auth: Received token for validation (first 20 chars): None...
INFO     app.auth:auth.py:95 Auth: Using PyJWT version 2.8.0
WARNING  app.auth:auth.py:120 Token invßlido
INFO     root:main.py:36 Resposta: 401 para DELETE http://testserver/tools/usuarios/user_for_group_manage
INFO     httpx:_client.py:1025 HTTP Request: DELETE http://testserver/tools/usuarios/user_for_group_manage "HTTP/1.1 401 Unauthorized"
INFO     root:main.py:34 RequisiþÒo: POST http://testserver/tools/grupos
INFO     app.auth:auth.py:90 Auth: Validating JWT. Key used (first 10 chars): testsecret
INFO     app.auth:auth.py:91 Auth: Received token for validation (first 20 chars): None...
INFO     app.auth:auth.py:95 Auth: Using PyJWT version 2.8.0
WARNING  app.auth:auth.py:120 Token invßlido
INFO     root:main.py:36 Resposta: 401 para POST http://testserver/tools/grupos
INFO     httpx:_client.py:1025 HTTP Request: POST http://testserver/tools/grupos "HTTP/1.1 401 Unauthorized"
---------------------------- Captured stderr call -----------------------------
INFO:root:RequisiþÒo: POST http://testserver/tools/grupos/user_manage_group/usuarios
INFO:app.auth:Auth: Validating JWT. Key used (first 10 chars): testsecret
INFO:app.auth:Auth: Received token for validation (first 20 chars): None...
INFO:app.auth:Auth: Using PyJWT version 2.8.0
WARNING:app.auth:Token invßlido
INFO:root:Resposta: 401 para POST http://testserver/tools/grupos/user_manage_group/usuarios
INFO:httpx:HTTP Request: POST http://testserver/tools/grupos/user_manage_group/usuarios "HTTP/1.1 401 Unauthorized"
INFO:root:RequisiþÒo: POST http://testserver/tools/grupos/user_manage_group/admins
INFO:app.auth:Auth: Validating JWT. Key used (first 10 chars): testsecret
INFO:app.auth:Auth: Received token for validation (first 20 chars): None...
INFO:app.auth:Auth: Using PyJWT version 2.8.0
WARNING:app.auth:Token invßlido
INFO:root:Resposta: 401 para POST http://testserver/tools/grupos/user_manage_group/admins
INFO:httpx:HTTP Request: POST http://testserver/tools/grupos/user_manage_group/admins "HTTP/1.1 401 Unauthorized"
INFO:root:RequisiþÒo: POST http://testserver/tools/login
WARNING:app.groups.routes:Tentativa de login invßlida para usußrio 'admin_group1'
INFO:root:Resposta: 401 para POST http://testserver/tools/login
INFO:httpx:HTTP Request: POST http://testserver/tools/login "HTTP/1.1 401 Unauthorized"
INFO:root:RequisiþÒo: DELETE http://testserver/tools/grupos/user_manage_group/admins/admin_group1
INFO:app.auth:Auth: Validating JWT. Key used (first 10 chars): testsecret
INFO:app.auth:Auth: Received token for validation (first 20 chars): None...
INFO:app.auth:Auth: Using PyJWT version 2.8.0
WARNING:app.auth:Token invßlido
INFO:root:Resposta: 401 para DELETE http://testserver/tools/grupos/user_manage_group/admins/admin_group1
INFO:httpx:HTTP Request: DELETE http://testserver/tools/grupos/user_manage_group/admins/admin_group1 "HTTP/1.1 401 Unauthorized"
------------------------------ Captured log call ------------------------------
INFO     root:main.py:34 RequisiþÒo: POST http://testserver/tools/grupos/user_manage_group/usuarios
INFO     app.auth:auth.py:90 Auth: Validating JWT. Key used (first 10 chars): testsecret
INFO     app.auth:auth.py:91 Auth: Received token for validation (first 20 chars): None...
INFO     app.auth:auth.py:95 Auth: Using PyJWT version 2.8.0
WARNING  app.auth:auth.py:120 Token invßlido
INFO     root:main.py:36 Resposta: 401 para POST http://testserver/tools/grupos/user_manage_group/usuarios
INFO     httpx:_client.py:1025 HTTP Request: POST http://testserver/tools/grupos/user_manage_group/usuarios "HTTP/1.1 401 Unauthorized"
INFO     root:main.py:34 RequisiþÒo: POST http://testserver/tools/grupos/user_manage_group/admins
INFO     app.auth:auth.py:90 Auth: Validating JWT. Key used (first 10 chars): testsecret
INFO     app.auth:auth.py:91 Auth: Received token for validation (first 20 chars): None...
INFO     app.auth:auth.py:95 Auth: Using PyJWT version 2.8.0
WARNING  app.auth:auth.py:120 Token invßlido
INFO     root:main.py:36 Resposta: 401 para POST http://testserver/tools/grupos/user_manage_group/admins
INFO     httpx:_client.py:1025 HTTP Request: POST http://testserver/tools/grupos/user_manage_group/admins "HTTP/1.1 401 Unauthorized"
INFO     root:main.py:34 RequisiþÒo: POST http://testserver/tools/login
WARNING  app.groups.routes:routes.py:70 Tentativa de login invßlida para usußrio 'admin_group1'
INFO     root:main.py:36 Resposta: 401 para POST http://testserver/tools/login
INFO     httpx:_client.py:1025 HTTP Request: POST http://testserver/tools/login "HTTP/1.1 401 Unauthorized"
INFO     root:main.py:34 RequisiþÒo: DELETE http://testserver/tools/grupos/user_manage_group/admins/admin_group1
INFO     app.auth:auth.py:90 Auth: Validating JWT. Key used (first 10 chars): testsecret
INFO     app.auth:auth.py:91 Auth: Received token for validation (first 20 chars): None...
INFO     app.auth:auth.py:95 Auth: Using PyJWT version 2.8.0
WARNING  app.auth:auth.py:120 Token invßlido
INFO     root:main.py:36 Resposta: 401 para DELETE http://testserver/tools/grupos/user_manage_group/admins/admin_group1
INFO     httpx:_client.py:1025 HTTP Request: DELETE http://testserver/tools/grupos/user_manage_group/admins/admin_group1 "HTTP/1.1 401 Unauthorized"
____________ test_remove_last_group_admin_by_global_admin_success _____________

client = <starlette.testclient.TestClient object at 0x000001C654B54290>
auth_token_for_user = <function auth_token_for_user.<locals>._get_token at 0x000001C654DEEF20>
setup_group_for_user_management = ('user_manage_group', 'requesteruser', {'Authorization': 'Bearer None'})

    def test_remove_last_group_admin_by_global_admin_success(client: TestClient, auth_token_for_user, setup_group_for_user_management):
        group_name, _, headers_ga = setup_group_for_user_management
        last_admin_username = "admin_group1"
        client.post(f"/tools/grupos/{group_name}/usuarios", headers=headers_ga, json={"username": last_admin_username})
        client.post(f"/tools/grupos/{group_name}/admins", headers=headers_ga, json={"username": last_admin_username})
    
        # Global admin can remove the last admin
        response = client.delete(f"/tools/grupos/{group_name}/admins/{last_admin_username}", headers=headers_ga)
>       assert response.status_code == 200, response.text
E       AssertionError: {"detail":"Token invßlido"}
E       assert 401 == 200
E        +  where 401 = <Response [401 Unauthorized]>.status_code

tests\integration\test_admin_groups_api.py:429: AssertionError
---------------------------- Captured stderr setup ----------------------------
INFO:root:RequisiþÒo: POST http://testserver/tools/login
WARNING:app.groups.routes:Tentativa de login invßlida para usußrio 'globaladmin'
INFO:root:Resposta: 401 para POST http://testserver/tools/login
INFO:httpx:HTTP Request: POST http://testserver/tools/login "HTTP/1.1 401 Unauthorized"
INFO:root:RequisiþÒo: DELETE http://testserver/tools/grupos/user_manage_group
INFO:app.auth:Auth: Validating JWT. Key used (first 10 chars): testsecret
INFO:app.auth:Auth: Received token for validation (first 20 chars): None...
INFO:app.auth:Auth: Using PyJWT version 2.8.0
WARNING:app.auth:Token invßlido
INFO:root:Resposta: 401 para DELETE http://testserver/tools/grupos/user_manage_group
INFO:httpx:HTTP Request: DELETE http://testserver/tools/grupos/user_manage_group "HTTP/1.1 401 Unauthorized"
INFO:root:RequisiþÒo: DELETE http://testserver/tools/usuarios/user_for_group_manage
INFO:app.auth:Auth: Validating JWT. Key used (first 10 chars): testsecret
INFO:app.auth:Auth: Received token for validation (first 20 chars): None...
INFO:app.auth:Auth: Using PyJWT version 2.8.0
WARNING:app.auth:Token invßlido
INFO:root:Resposta: 401 para DELETE http://testserver/tools/usuarios/user_for_group_manage
INFO:httpx:HTTP Request: DELETE http://testserver/tools/usuarios/user_for_group_manage "HTTP/1.1 401 Unauthorized"
INFO:root:RequisiþÒo: POST http://testserver/tools/grupos
INFO:app.auth:Auth: Validating JWT. Key used (first 10 chars): testsecret
INFO:app.auth:Auth: Received token for validation (first 20 chars): None...
INFO:app.auth:Auth: Using PyJWT version 2.8.0
WARNING:app.auth:Token invßlido
INFO:root:Resposta: 401 para POST http://testserver/tools/grupos
INFO:httpx:HTTP Request: POST http://testserver/tools/grupos "HTTP/1.1 401 Unauthorized"
----------------------------- Captured log setup ------------------------------
INFO     root:main.py:34 RequisiþÒo: POST http://testserver/tools/login
WARNING  app.groups.routes:routes.py:70 Tentativa de login invßlida para usußrio 'globaladmin'
INFO     root:main.py:36 Resposta: 401 para POST http://testserver/tools/login
INFO     httpx:_client.py:1025 HTTP Request: POST http://testserver/tools/login "HTTP/1.1 401 Unauthorized"
INFO     root:main.py:34 RequisiþÒo: DELETE http://testserver/tools/grupos/user_manage_group
INFO     app.auth:auth.py:90 Auth: Validating JWT. Key used (first 10 chars): testsecret
INFO     app.auth:auth.py:91 Auth: Received token for validation (first 20 chars): None...
INFO     app.auth:auth.py:95 Auth: Using PyJWT version 2.8.0
WARNING  app.auth:auth.py:120 Token invßlido
INFO     root:main.py:36 Resposta: 401 para DELETE http://testserver/tools/grupos/user_manage_group
INFO     httpx:_client.py:1025 HTTP Request: DELETE http://testserver/tools/grupos/user_manage_group "HTTP/1.1 401 Unauthorized"
INFO     root:main.py:34 RequisiþÒo: DELETE http://testserver/tools/usuarios/user_for_group_manage
INFO     app.auth:auth.py:90 Auth: Validating JWT. Key used (first 10 chars): testsecret
INFO     app.auth:auth.py:91 Auth: Received token for validation (first 20 chars): None...
INFO     app.auth:auth.py:95 Auth: Using PyJWT version 2.8.0
WARNING  app.auth:auth.py:120 Token invßlido
INFO     root:main.py:36 Resposta: 401 para DELETE http://testserver/tools/usuarios/user_for_group_manage
INFO     httpx:_client.py:1025 HTTP Request: DELETE http://testserver/tools/usuarios/user_for_group_manage "HTTP/1.1 401 Unauthorized"
INFO     root:main.py:34 RequisiþÒo: POST http://testserver/tools/grupos
INFO     app.auth:auth.py:90 Auth: Validating JWT. Key used (first 10 chars): testsecret
INFO     app.auth:auth.py:91 Auth: Received token for validation (first 20 chars): None...
INFO     app.auth:auth.py:95 Auth: Using PyJWT version 2.8.0
WARNING  app.auth:auth.py:120 Token invßlido
INFO     root:main.py:36 Resposta: 401 para POST http://testserver/tools/grupos
INFO     httpx:_client.py:1025 HTTP Request: POST http://testserver/tools/grupos "HTTP/1.1 401 Unauthorized"
---------------------------- Captured stderr call -----------------------------
INFO:root:RequisiþÒo: POST http://testserver/tools/grupos/user_manage_group/usuarios
INFO:app.auth:Auth: Validating JWT. Key used (first 10 chars): testsecret
INFO:app.auth:Auth: Received token for validation (first 20 chars): None...
INFO:app.auth:Auth: Using PyJWT version 2.8.0
WARNING:app.auth:Token invßlido
INFO:root:Resposta: 401 para POST http://testserver/tools/grupos/user_manage_group/usuarios
INFO:httpx:HTTP Request: POST http://testserver/tools/grupos/user_manage_group/usuarios "HTTP/1.1 401 Unauthorized"
INFO:root:RequisiþÒo: POST http://testserver/tools/grupos/user_manage_group/admins
INFO:app.auth:Auth: Validating JWT. Key used (first 10 chars): testsecret
INFO:app.auth:Auth: Received token for validation (first 20 chars): None...
INFO:app.auth:Auth: Using PyJWT version 2.8.0
WARNING:app.auth:Token invßlido
INFO:root:Resposta: 401 para POST http://testserver/tools/grupos/user_manage_group/admins
INFO:httpx:HTTP Request: POST http://testserver/tools/grupos/user_manage_group/admins "HTTP/1.1 401 Unauthorized"
INFO:root:RequisiþÒo: DELETE http://testserver/tools/grupos/user_manage_group/admins/admin_group1
INFO:app.auth:Auth: Validating JWT. Key used (first 10 chars): testsecret
INFO:app.auth:Auth: Received token for validation (first 20 chars): None...
INFO:app.auth:Auth: Using PyJWT version 2.8.0
WARNING:app.auth:Token invßlido
INFO:root:Resposta: 401 para DELETE http://testserver/tools/grupos/user_manage_group/admins/admin_group1
INFO:httpx:HTTP Request: DELETE http://testserver/tools/grupos/user_manage_group/admins/admin_group1 "HTTP/1.1 401 Unauthorized"
------------------------------ Captured log call ------------------------------
INFO     root:main.py:34 RequisiþÒo: POST http://testserver/tools/grupos/user_manage_group/usuarios
INFO     app.auth:auth.py:90 Auth: Validating JWT. Key used (first 10 chars): testsecret
INFO     app.auth:auth.py:91 Auth: Received token for validation (first 20 chars): None...
INFO     app.auth:auth.py:95 Auth: Using PyJWT version 2.8.0
WARNING  app.auth:auth.py:120 Token invßlido
INFO     root:main.py:36 Resposta: 401 para POST http://testserver/tools/grupos/user_manage_group/usuarios
INFO     httpx:_client.py:1025 HTTP Request: POST http://testserver/tools/grupos/user_manage_group/usuarios "HTTP/1.1 401 Unauthorized"
INFO     root:main.py:34 RequisiþÒo: POST http://testserver/tools/grupos/user_manage_group/admins
INFO     app.auth:auth.py:90 Auth: Validating JWT. Key used (first 10 chars): testsecret
INFO     app.auth:auth.py:91 Auth: Received token for validation (first 20 chars): None...
INFO     app.auth:auth.py:95 Auth: Using PyJWT version 2.8.0
WARNING  app.auth:auth.py:120 Token invßlido
INFO     root:main.py:36 Resposta: 401 para POST http://testserver/tools/grupos/user_manage_group/admins
INFO     httpx:_client.py:1025 HTTP Request: POST http://testserver/tools/grupos/user_manage_group/admins "HTTP/1.1 401 Unauthorized"
INFO     root:main.py:34 RequisiþÒo: DELETE http://testserver/tools/grupos/user_manage_group/admins/admin_group1
INFO     app.auth:auth.py:90 Auth: Validating JWT. Key used (first 10 chars): testsecret
INFO     app.auth:auth.py:91 Auth: Received token for validation (first 20 chars): None...
INFO     app.auth:auth.py:95 Auth: Using PyJWT version 2.8.0
WARNING  app.auth:auth.py:120 Token invßlido
INFO     root:main.py:36 Resposta: 401 para DELETE http://testserver/tools/grupos/user_manage_group/admins/admin_group1
INFO     httpx:_client.py:1025 HTTP Request: DELETE http://testserver/tools/grupos/user_manage_group/admins/admin_group1 "HTTP/1.1 401 Unauthorized"
________________ test_promote_user_to_group_admin_global_admin ________________

client = <starlette.testclient.TestClient object at 0x000001C654B54290>
auth_token_for_user = <function auth_token_for_user.<locals>._get_token at 0x000001C654DEFE20>
setup_group_for_user_management = ('user_manage_group', 'requesteruser', {'Authorization': 'Bearer None'})

    def test_promote_user_to_group_admin_global_admin(client: TestClient, auth_token_for_user, setup_group_for_user_management):
        group_name, user_to_promote, headers_ga = setup_group_for_user_management
        client.post(f"/tools/grupos/{group_name}/usuarios", headers=headers_ga, json={"username": user_to_promote}) # Ensure user is in group
    
        response = client.post(f"/tools/grupos/{group_name}/promover-admin", headers=headers_ga, json={"username": user_to_promote})
>       assert response.status_code == 200, response.text
E       AssertionError: {"detail":"Token invßlido"}
E       assert 401 == 200
E        +  where 401 = <Response [401 Unauthorized]>.status_code

tests\integration\test_admin_groups_api.py:439: AssertionError
---------------------------- Captured stderr setup ----------------------------
INFO:root:RequisiþÒo: POST http://testserver/tools/login
WARNING:app.groups.routes:Tentativa de login invßlida para usußrio 'globaladmin'
INFO:root:Resposta: 401 para POST http://testserver/tools/login
INFO:httpx:HTTP Request: POST http://testserver/tools/login "HTTP/1.1 401 Unauthorized"
INFO:root:RequisiþÒo: DELETE http://testserver/tools/grupos/user_manage_group
INFO:app.auth:Auth: Validating JWT. Key used (first 10 chars): testsecret
INFO:app.auth:Auth: Received token for validation (first 20 chars): None...
INFO:app.auth:Auth: Using PyJWT version 2.8.0
WARNING:app.auth:Token invßlido
INFO:root:Resposta: 401 para DELETE http://testserver/tools/grupos/user_manage_group
INFO:httpx:HTTP Request: DELETE http://testserver/tools/grupos/user_manage_group "HTTP/1.1 401 Unauthorized"
INFO:root:RequisiþÒo: DELETE http://testserver/tools/usuarios/user_for_group_manage
INFO:app.auth:Auth: Validating JWT. Key used (first 10 chars): testsecret
INFO:app.auth:Auth: Received token for validation (first 20 chars): None...
INFO:app.auth:Auth: Using PyJWT version 2.8.0
WARNING:app.auth:Token invßlido
INFO:root:Resposta: 401 para DELETE http://testserver/tools/usuarios/user_for_group_manage
INFO:httpx:HTTP Request: DELETE http://testserver/tools/usuarios/user_for_group_manage "HTTP/1.1 401 Unauthorized"
INFO:root:RequisiþÒo: POST http://testserver/tools/grupos
INFO:app.auth:Auth: Validating JWT. Key used (first 10 chars): testsecret
INFO:app.auth:Auth: Received token for validation (first 20 chars): None...
INFO:app.auth:Auth: Using PyJWT version 2.8.0
WARNING:app.auth:Token invßlido
INFO:root:Resposta: 401 para POST http://testserver/tools/grupos
INFO:httpx:HTTP Request: POST http://testserver/tools/grupos "HTTP/1.1 401 Unauthorized"
----------------------------- Captured log setup ------------------------------
INFO     root:main.py:34 RequisiþÒo: POST http://testserver/tools/login
WARNING  app.groups.routes:routes.py:70 Tentativa de login invßlida para usußrio 'globaladmin'
INFO     root:main.py:36 Resposta: 401 para POST http://testserver/tools/login
INFO     httpx:_client.py:1025 HTTP Request: POST http://testserver/tools/login "HTTP/1.1 401 Unauthorized"
INFO     root:main.py:34 RequisiþÒo: DELETE http://testserver/tools/grupos/user_manage_group
INFO     app.auth:auth.py:90 Auth: Validating JWT. Key used (first 10 chars): testsecret
INFO     app.auth:auth.py:91 Auth: Received token for validation (first 20 chars): None...
INFO     app.auth:auth.py:95 Auth: Using PyJWT version 2.8.0
WARNING  app.auth:auth.py:120 Token invßlido
INFO     root:main.py:36 Resposta: 401 para DELETE http://testserver/tools/grupos/user_manage_group
INFO     httpx:_client.py:1025 HTTP Request: DELETE http://testserver/tools/grupos/user_manage_group "HTTP/1.1 401 Unauthorized"
INFO     root:main.py:34 RequisiþÒo: DELETE http://testserver/tools/usuarios/user_for_group_manage
INFO     app.auth:auth.py:90 Auth: Validating JWT. Key used (first 10 chars): testsecret
INFO     app.auth:auth.py:91 Auth: Received token for validation (first 20 chars): None...
INFO     app.auth:auth.py:95 Auth: Using PyJWT version 2.8.0
WARNING  app.auth:auth.py:120 Token invßlido
INFO     root:main.py:36 Resposta: 401 para DELETE http://testserver/tools/usuarios/user_for_group_manage
INFO     httpx:_client.py:1025 HTTP Request: DELETE http://testserver/tools/usuarios/user_for_group_manage "HTTP/1.1 401 Unauthorized"
INFO     root:main.py:34 RequisiþÒo: POST http://testserver/tools/grupos
INFO     app.auth:auth.py:90 Auth: Validating JWT. Key used (first 10 chars): testsecret
INFO     app.auth:auth.py:91 Auth: Received token for validation (first 20 chars): None...
INFO     app.auth:auth.py:95 Auth: Using PyJWT version 2.8.0
WARNING  app.auth:auth.py:120 Token invßlido
INFO     root:main.py:36 Resposta: 401 para POST http://testserver/tools/grupos
INFO     httpx:_client.py:1025 HTTP Request: POST http://testserver/tools/grupos "HTTP/1.1 401 Unauthorized"
---------------------------- Captured stderr call -----------------------------
INFO:root:RequisiþÒo: POST http://testserver/tools/grupos/user_manage_group/usuarios
INFO:app.auth:Auth: Validating JWT. Key used (first 10 chars): testsecret
INFO:app.auth:Auth: Received token for validation (first 20 chars): None...
INFO:app.auth:Auth: Using PyJWT version 2.8.0
WARNING:app.auth:Token invßlido
INFO:root:Resposta: 401 para POST http://testserver/tools/grupos/user_manage_group/usuarios
INFO:httpx:HTTP Request: POST http://testserver/tools/grupos/user_manage_group/usuarios "HTTP/1.1 401 Unauthorized"
INFO:root:RequisiþÒo: POST http://testserver/tools/grupos/user_manage_group/promover-admin
INFO:app.auth:Auth: Validating JWT. Key used (first 10 chars): testsecret
INFO:app.auth:Auth: Received token for validation (first 20 chars): None...
INFO:app.auth:Auth: Using PyJWT version 2.8.0
WARNING:app.auth:Token invßlido
INFO:root:Resposta: 401 para POST http://testserver/tools/grupos/user_manage_group/promover-admin
INFO:httpx:HTTP Request: POST http://testserver/tools/grupos/user_manage_group/promover-admin "HTTP/1.1 401 Unauthorized"
------------------------------ Captured log call ------------------------------
INFO     root:main.py:34 RequisiþÒo: POST http://testserver/tools/grupos/user_manage_group/usuarios
INFO     app.auth:auth.py:90 Auth: Validating JWT. Key used (first 10 chars): testsecret
INFO     app.auth:auth.py:91 Auth: Received token for validation (first 20 chars): None...
INFO     app.auth:auth.py:95 Auth: Using PyJWT version 2.8.0
WARNING  app.auth:auth.py:120 Token invßlido
INFO     root:main.py:36 Resposta: 401 para POST http://testserver/tools/grupos/user_manage_group/usuarios
INFO     httpx:_client.py:1025 HTTP Request: POST http://testserver/tools/grupos/user_manage_group/usuarios "HTTP/1.1 401 Unauthorized"
INFO     root:main.py:34 RequisiþÒo: POST http://testserver/tools/grupos/user_manage_group/promover-admin
INFO     app.auth:auth.py:90 Auth: Validating JWT. Key used (first 10 chars): testsecret
INFO     app.auth:auth.py:91 Auth: Received token for validation (first 20 chars): None...
INFO     app.auth:auth.py:95 Auth: Using PyJWT version 2.8.0
WARNING  app.auth:auth.py:120 Token invßlido
INFO     root:main.py:36 Resposta: 401 para POST http://testserver/tools/grupos/user_manage_group/promover-admin
INFO     httpx:_client.py:1025 HTTP Request: POST http://testserver/tools/grupos/user_manage_group/promover-admin "HTTP/1.1 401 Unauthorized"
________________ test_promote_user_to_group_admin_group_admin _________________

client = <starlette.testclient.TestClient object at 0x000001C654B54290>
auth_token_for_user = <function auth_token_for_user.<locals>._get_token at 0x000001C654DEF100>
setup_group_for_user_management = ('user_manage_group', 'requesteruser', {'Authorization': 'Bearer None'})

    def test_promote_user_to_group_admin_group_admin(client: TestClient, auth_token_for_user, setup_group_for_user_management):
        group_name, user_to_promote, headers_ga = setup_group_for_user_management
        acting_admin = "admin_group1"
        # Add user_to_promote to group
        client.post(f"/tools/grupos/{group_name}/usuarios", headers=headers_ga, json={"username": user_to_promote})
        # Make acting_admin an admin of this group
        client.post(f"/tools/grupos/{group_name}/usuarios", headers=headers_ga, json={"username": acting_admin})
        client.post(f"/tools/grupos/{group_name}/admins", headers=headers_ga, json={"username": acting_admin})
    
        group_admin_token = auth_token_for_user(acting_admin, "password_admin_g1")
        headers_group_admin = {"Authorization": f"Bearer {group_admin_token}"}
    
        response = client.post(f"/tools/grupos/{group_name}/promover-admin", headers=headers_group_admin, json={"username": user_to_promote})
>       assert response.status_code == 200, response.text
E       AssertionError: {"detail":"Token invßlido"}
E       assert 401 == 200
E        +  where 401 = <Response [401 Unauthorized]>.status_code

tests\integration\test_admin_groups_api.py:457: AssertionError
---------------------------- Captured stderr setup ----------------------------
INFO:root:RequisiþÒo: POST http://testserver/tools/login
WARNING:app.groups.routes:Tentativa de login invßlida para usußrio 'globaladmin'
INFO:root:Resposta: 401 para POST http://testserver/tools/login
INFO:httpx:HTTP Request: POST http://testserver/tools/login "HTTP/1.1 401 Unauthorized"
INFO:root:RequisiþÒo: DELETE http://testserver/tools/grupos/user_manage_group
INFO:app.auth:Auth: Validating JWT. Key used (first 10 chars): testsecret
INFO:app.auth:Auth: Received token for validation (first 20 chars): None...
INFO:app.auth:Auth: Using PyJWT version 2.8.0
WARNING:app.auth:Token invßlido
INFO:root:Resposta: 401 para DELETE http://testserver/tools/grupos/user_manage_group
INFO:httpx:HTTP Request: DELETE http://testserver/tools/grupos/user_manage_group "HTTP/1.1 401 Unauthorized"
INFO:root:RequisiþÒo: DELETE http://testserver/tools/usuarios/user_for_group_manage
INFO:app.auth:Auth: Validating JWT. Key used (first 10 chars): testsecret
INFO:app.auth:Auth: Received token for validation (first 20 chars): None...
INFO:app.auth:Auth: Using PyJWT version 2.8.0
WARNING:app.auth:Token invßlido
INFO:root:Resposta: 401 para DELETE http://testserver/tools/usuarios/user_for_group_manage
INFO:httpx:HTTP Request: DELETE http://testserver/tools/usuarios/user_for_group_manage "HTTP/1.1 401 Unauthorized"
INFO:root:RequisiþÒo: POST http://testserver/tools/grupos
INFO:app.auth:Auth: Validating JWT. Key used (first 10 chars): testsecret
INFO:app.auth:Auth: Received token for validation (first 20 chars): None...
INFO:app.auth:Auth: Using PyJWT version 2.8.0
WARNING:app.auth:Token invßlido
INFO:root:Resposta: 401 para POST http://testserver/tools/grupos
INFO:httpx:HTTP Request: POST http://testserver/tools/grupos "HTTP/1.1 401 Unauthorized"
----------------------------- Captured log setup ------------------------------
INFO     root:main.py:34 RequisiþÒo: POST http://testserver/tools/login
WARNING  app.groups.routes:routes.py:70 Tentativa de login invßlida para usußrio 'globaladmin'
INFO     root:main.py:36 Resposta: 401 para POST http://testserver/tools/login
INFO     httpx:_client.py:1025 HTTP Request: POST http://testserver/tools/login "HTTP/1.1 401 Unauthorized"
INFO     root:main.py:34 RequisiþÒo: DELETE http://testserver/tools/grupos/user_manage_group
INFO     app.auth:auth.py:90 Auth: Validating JWT. Key used (first 10 chars): testsecret
INFO     app.auth:auth.py:91 Auth: Received token for validation (first 20 chars): None...
INFO     app.auth:auth.py:95 Auth: Using PyJWT version 2.8.0
WARNING  app.auth:auth.py:120 Token invßlido
INFO     root:main.py:36 Resposta: 401 para DELETE http://testserver/tools/grupos/user_manage_group
INFO     httpx:_client.py:1025 HTTP Request: DELETE http://testserver/tools/grupos/user_manage_group "HTTP/1.1 401 Unauthorized"
INFO     root:main.py:34 RequisiþÒo: DELETE http://testserver/tools/usuarios/user_for_group_manage
INFO     app.auth:auth.py:90 Auth: Validating JWT. Key used (first 10 chars): testsecret
INFO     app.auth:auth.py:91 Auth: Received token for validation (first 20 chars): None...
INFO     app.auth:auth.py:95 Auth: Using PyJWT version 2.8.0
WARNING  app.auth:auth.py:120 Token invßlido
INFO     root:main.py:36 Resposta: 401 para DELETE http://testserver/tools/usuarios/user_for_group_manage
INFO     httpx:_client.py:1025 HTTP Request: DELETE http://testserver/tools/usuarios/user_for_group_manage "HTTP/1.1 401 Unauthorized"
INFO     root:main.py:34 RequisiþÒo: POST http://testserver/tools/grupos
INFO     app.auth:auth.py:90 Auth: Validating JWT. Key used (first 10 chars): testsecret
INFO     app.auth:auth.py:91 Auth: Received token for validation (first 20 chars): None...
INFO     app.auth:auth.py:95 Auth: Using PyJWT version 2.8.0
WARNING  app.auth:auth.py:120 Token invßlido
INFO     root:main.py:36 Resposta: 401 para POST http://testserver/tools/grupos
INFO     httpx:_client.py:1025 HTTP Request: POST http://testserver/tools/grupos "HTTP/1.1 401 Unauthorized"
---------------------------- Captured stderr call -----------------------------
INFO:root:RequisiþÒo: POST http://testserver/tools/grupos/user_manage_group/usuarios
INFO:app.auth:Auth: Validating JWT. Key used (first 10 chars): testsecret
INFO:app.auth:Auth: Received token for validation (first 20 chars): None...
INFO:app.auth:Auth: Using PyJWT version 2.8.0
WARNING:app.auth:Token invßlido
INFO:root:Resposta: 401 para POST http://testserver/tools/grupos/user_manage_group/usuarios
INFO:httpx:HTTP Request: POST http://testserver/tools/grupos/user_manage_group/usuarios "HTTP/1.1 401 Unauthorized"
INFO:root:RequisiþÒo: POST http://testserver/tools/grupos/user_manage_group/usuarios
INFO:app.auth:Auth: Validating JWT. Key used (first 10 chars): testsecret
INFO:app.auth:Auth: Received token for validation (first 20 chars): None...
INFO:app.auth:Auth: Using PyJWT version 2.8.0
WARNING:app.auth:Token invßlido
INFO:root:Resposta: 401 para POST http://testserver/tools/grupos/user_manage_group/usuarios
INFO:httpx:HTTP Request: POST http://testserver/tools/grupos/user_manage_group/usuarios "HTTP/1.1 401 Unauthorized"
INFO:root:RequisiþÒo: POST http://testserver/tools/grupos/user_manage_group/admins
INFO:app.auth:Auth: Validating JWT. Key used (first 10 chars): testsecret
INFO:app.auth:Auth: Received token for validation (first 20 chars): None...
INFO:app.auth:Auth: Using PyJWT version 2.8.0
WARNING:app.auth:Token invßlido
INFO:root:Resposta: 401 para POST http://testserver/tools/grupos/user_manage_group/admins
INFO:httpx:HTTP Request: POST http://testserver/tools/grupos/user_manage_group/admins "HTTP/1.1 401 Unauthorized"
INFO:root:RequisiþÒo: POST http://testserver/tools/login
WARNING:app.groups.routes:Tentativa de login invßlida para usußrio 'admin_group1'
INFO:root:Resposta: 401 para POST http://testserver/tools/login
INFO:httpx:HTTP Request: POST http://testserver/tools/login "HTTP/1.1 401 Unauthorized"
INFO:root:RequisiþÒo: POST http://testserver/tools/grupos/user_manage_group/promover-admin
INFO:app.auth:Auth: Validating JWT. Key used (first 10 chars): testsecret
INFO:app.auth:Auth: Received token for validation (first 20 chars): None...
INFO:app.auth:Auth: Using PyJWT version 2.8.0
WARNING:app.auth:Token invßlido
INFO:root:Resposta: 401 para POST http://testserver/tools/grupos/user_manage_group/promover-admin
INFO:httpx:HTTP Request: POST http://testserver/tools/grupos/user_manage_group/promover-admin "HTTP/1.1 401 Unauthorized"
------------------------------ Captured log call ------------------------------
INFO     root:main.py:34 RequisiþÒo: POST http://testserver/tools/grupos/user_manage_group/usuarios
INFO     app.auth:auth.py:90 Auth: Validating JWT. Key used (first 10 chars): testsecret
INFO     app.auth:auth.py:91 Auth: Received token for validation (first 20 chars): None...
INFO     app.auth:auth.py:95 Auth: Using PyJWT version 2.8.0
WARNING  app.auth:auth.py:120 Token invßlido
INFO     root:main.py:36 Resposta: 401 para POST http://testserver/tools/grupos/user_manage_group/usuarios
INFO     httpx:_client.py:1025 HTTP Request: POST http://testserver/tools/grupos/user_manage_group/usuarios "HTTP/1.1 401 Unauthorized"
INFO     root:main.py:34 RequisiþÒo: POST http://testserver/tools/grupos/user_manage_group/usuarios
INFO     app.auth:auth.py:90 Auth: Validating JWT. Key used (first 10 chars): testsecret
INFO     app.auth:auth.py:91 Auth: Received token for validation (first 20 chars): None...
INFO     app.auth:auth.py:95 Auth: Using PyJWT version 2.8.0
WARNING  app.auth:auth.py:120 Token invßlido
INFO     root:main.py:36 Resposta: 401 para POST http://testserver/tools/grupos/user_manage_group/usuarios
INFO     httpx:_client.py:1025 HTTP Request: POST http://testserver/tools/grupos/user_manage_group/usuarios "HTTP/1.1 401 Unauthorized"
INFO     root:main.py:34 RequisiþÒo: POST http://testserver/tools/grupos/user_manage_group/admins
INFO     app.auth:auth.py:90 Auth: Validating JWT. Key used (first 10 chars): testsecret
INFO     app.auth:auth.py:91 Auth: Received token for validation (first 20 chars): None...
INFO     app.auth:auth.py:95 Auth: Using PyJWT version 2.8.0
WARNING  app.auth:auth.py:120 Token invßlido
INFO     root:main.py:36 Resposta: 401 para POST http://testserver/tools/grupos/user_manage_group/admins
INFO     httpx:_client.py:1025 HTTP Request: POST http://testserver/tools/grupos/user_manage_group/admins "HTTP/1.1 401 Unauthorized"
INFO     root:main.py:34 RequisiþÒo: POST http://testserver/tools/login
WARNING  app.groups.routes:routes.py:70 Tentativa de login invßlida para usußrio 'admin_group1'
INFO     root:main.py:36 Resposta: 401 para POST http://testserver/tools/login
INFO     httpx:_client.py:1025 HTTP Request: POST http://testserver/tools/login "HTTP/1.1 401 Unauthorized"
INFO     root:main.py:34 RequisiþÒo: POST http://testserver/tools/grupos/user_manage_group/promover-admin
INFO     app.auth:auth.py:90 Auth: Validating JWT. Key used (first 10 chars): testsecret
INFO     app.auth:auth.py:91 Auth: Received token for validation (first 20 chars): None...
INFO     app.auth:auth.py:95 Auth: Using PyJWT version 2.8.0
WARNING  app.auth:auth.py:120 Token invßlido
INFO     root:main.py:36 Resposta: 401 para POST http://testserver/tools/grupos/user_manage_group/promover-admin
INFO     httpx:_client.py:1025 HTTP Request: POST http://testserver/tools/grupos/user_manage_group/promover-admin "HTTP/1.1 401 Unauthorized"
_____________ test_promote_user_to_group_admin_user_not_in_group ______________

client = <starlette.testclient.TestClient object at 0x000001C654B54290>
auth_token_for_user = <function auth_token_for_user.<locals>._get_token at 0x000001C654DEFD80>
setup_group_for_user_management = ('user_manage_group', 'requesteruser', {'Authorization': 'Bearer None'})

    def test_promote_user_to_group_admin_user_not_in_group(client: TestClient, auth_token_for_user, setup_group_for_user_management):
        group_name, user_not_member, headers_ga = setup_group_for_user_management
        # user_not_member (requesteruser) is not in group_name
        response = client.post(f"/tools/grupos/{group_name}/promover-admin", headers=headers_ga, json={"username": user_not_member})
>       assert response.status_code == 400, response.text
E       AssertionError: {"detail":"Token invßlido"}
E       assert 401 == 400
E        +  where 401 = <Response [401 Unauthorized]>.status_code

tests\integration\test_admin_groups_api.py:465: AssertionError
---------------------------- Captured stderr setup ----------------------------
INFO:root:RequisiþÒo: POST http://testserver/tools/login
WARNING:app.groups.routes:Tentativa de login invßlida para usußrio 'globaladmin'
INFO:root:Resposta: 401 para POST http://testserver/tools/login
INFO:httpx:HTTP Request: POST http://testserver/tools/login "HTTP/1.1 401 Unauthorized"
INFO:root:RequisiþÒo: DELETE http://testserver/tools/grupos/user_manage_group
INFO:app.auth:Auth: Validating JWT. Key used (first 10 chars): testsecret
INFO:app.auth:Auth: Received token for validation (first 20 chars): None...
INFO:app.auth:Auth: Using PyJWT version 2.8.0
WARNING:app.auth:Token invßlido
INFO:root:Resposta: 401 para DELETE http://testserver/tools/grupos/user_manage_group
INFO:httpx:HTTP Request: DELETE http://testserver/tools/grupos/user_manage_group "HTTP/1.1 401 Unauthorized"
INFO:root:RequisiþÒo: DELETE http://testserver/tools/usuarios/user_for_group_manage
INFO:app.auth:Auth: Validating JWT. Key used (first 10 chars): testsecret
INFO:app.auth:Auth: Received token for validation (first 20 chars): None...
INFO:app.auth:Auth: Using PyJWT version 2.8.0
WARNING:app.auth:Token invßlido
INFO:root:Resposta: 401 para DELETE http://testserver/tools/usuarios/user_for_group_manage
INFO:httpx:HTTP Request: DELETE http://testserver/tools/usuarios/user_for_group_manage "HTTP/1.1 401 Unauthorized"
INFO:root:RequisiþÒo: POST http://testserver/tools/grupos
INFO:app.auth:Auth: Validating JWT. Key used (first 10 chars): testsecret
INFO:app.auth:Auth: Received token for validation (first 20 chars): None...
INFO:app.auth:Auth: Using PyJWT version 2.8.0
WARNING:app.auth:Token invßlido
INFO:root:Resposta: 401 para POST http://testserver/tools/grupos
INFO:httpx:HTTP Request: POST http://testserver/tools/grupos "HTTP/1.1 401 Unauthorized"
----------------------------- Captured log setup ------------------------------
INFO     root:main.py:34 RequisiþÒo: POST http://testserver/tools/login
WARNING  app.groups.routes:routes.py:70 Tentativa de login invßlida para usußrio 'globaladmin'
INFO     root:main.py:36 Resposta: 401 para POST http://testserver/tools/login
INFO     httpx:_client.py:1025 HTTP Request: POST http://testserver/tools/login "HTTP/1.1 401 Unauthorized"
INFO     root:main.py:34 RequisiþÒo: DELETE http://testserver/tools/grupos/user_manage_group
INFO     app.auth:auth.py:90 Auth: Validating JWT. Key used (first 10 chars): testsecret
INFO     app.auth:auth.py:91 Auth: Received token for validation (first 20 chars): None...
INFO     app.auth:auth.py:95 Auth: Using PyJWT version 2.8.0
WARNING  app.auth:auth.py:120 Token invßlido
INFO     root:main.py:36 Resposta: 401 para DELETE http://testserver/tools/grupos/user_manage_group
INFO     httpx:_client.py:1025 HTTP Request: DELETE http://testserver/tools/grupos/user_manage_group "HTTP/1.1 401 Unauthorized"
INFO     root:main.py:34 RequisiþÒo: DELETE http://testserver/tools/usuarios/user_for_group_manage
INFO     app.auth:auth.py:90 Auth: Validating JWT. Key used (first 10 chars): testsecret
INFO     app.auth:auth.py:91 Auth: Received token for validation (first 20 chars): None...
INFO     app.auth:auth.py:95 Auth: Using PyJWT version 2.8.0
WARNING  app.auth:auth.py:120 Token invßlido
INFO     root:main.py:36 Resposta: 401 para DELETE http://testserver/tools/usuarios/user_for_group_manage
INFO     httpx:_client.py:1025 HTTP Request: DELETE http://testserver/tools/usuarios/user_for_group_manage "HTTP/1.1 401 Unauthorized"
INFO     root:main.py:34 RequisiþÒo: POST http://testserver/tools/grupos
INFO     app.auth:auth.py:90 Auth: Validating JWT. Key used (first 10 chars): testsecret
INFO     app.auth:auth.py:91 Auth: Received token for validation (first 20 chars): None...
INFO     app.auth:auth.py:95 Auth: Using PyJWT version 2.8.0
WARNING  app.auth:auth.py:120 Token invßlido
INFO     root:main.py:36 Resposta: 401 para POST http://testserver/tools/grupos
INFO     httpx:_client.py:1025 HTTP Request: POST http://testserver/tools/grupos "HTTP/1.1 401 Unauthorized"
---------------------------- Captured stderr call -----------------------------
INFO:root:RequisiþÒo: POST http://testserver/tools/grupos/user_manage_group/promover-admin
INFO:app.auth:Auth: Validating JWT. Key used (first 10 chars): testsecret
INFO:app.auth:Auth: Received token for validation (first 20 chars): None...
INFO:app.auth:Auth: Using PyJWT version 2.8.0
WARNING:app.auth:Token invßlido
INFO:root:Resposta: 401 para POST http://testserver/tools/grupos/user_manage_group/promover-admin
INFO:httpx:HTTP Request: POST http://testserver/tools/grupos/user_manage_group/promover-admin "HTTP/1.1 401 Unauthorized"
------------------------------ Captured log call ------------------------------
INFO     root:main.py:34 RequisiþÒo: POST http://testserver/tools/grupos/user_manage_group/promover-admin
INFO     app.auth:auth.py:90 Auth: Validating JWT. Key used (first 10 chars): testsecret
INFO     app.auth:auth.py:91 Auth: Received token for validation (first 20 chars): None...
INFO     app.auth:auth.py:95 Auth: Using PyJWT version 2.8.0
WARNING  app.auth:auth.py:120 Token invßlido
INFO     root:main.py:36 Resposta: 401 para POST http://testserver/tools/grupos/user_manage_group/promover-admin
INFO     httpx:_client.py:1025 HTTP Request: POST http://testserver/tools/grupos/user_manage_group/promover-admin "HTTP/1.1 401 Unauthorized"
____________________ test_list_users_in_group_global_admin ____________________

client = <starlette.testclient.TestClient object at 0x000001C654B54290>
auth_token_for_user = <function auth_token_for_user.<locals>._get_token at 0x000001C654E82FC0>

    def test_list_users_in_group_global_admin(client: TestClient, auth_token_for_user):
        token = auth_token_for_user("globaladmin", "password_global")
        headers = {"Authorization": f"Bearer {token}"}
        # group1 has admin_group1 (admin, user) and testuser1 (user)
        # Determine current name of group1 due to potential rename in test_edit_group_success_rename_and_description
        rbac_before = load_rbac_data(WORKING_RBAC_FILE)
        original_group1_current_name = "group1_renamed" if "group1_renamed" in rbac_before["grupos"] else "group1"
    
        response = client.get(f"/tools/grupos/{original_group1_current_name}/usuarios", headers=headers)
>       assert response.status_code == 200, response.text
E       AssertionError: {"detail":"Token invßlido"}
E       assert 401 == 200
E        +  where 401 = <Response [401 Unauthorized]>.status_code

tests\integration\test_admin_groups_api.py:478: AssertionError
---------------------------- Captured stderr call -----------------------------
INFO:root:RequisiþÒo: POST http://testserver/tools/login
WARNING:app.groups.routes:Tentativa de login invßlida para usußrio 'globaladmin'
INFO:root:Resposta: 401 para POST http://testserver/tools/login
INFO:httpx:HTTP Request: POST http://testserver/tools/login "HTTP/1.1 401 Unauthorized"
INFO:root:RequisiþÒo: GET http://testserver/tools/grupos/group1/usuarios
INFO:app.auth:Auth: Validating JWT. Key used (first 10 chars): testsecret
INFO:app.auth:Auth: Received token for validation (first 20 chars): None...
INFO:app.auth:Auth: Using PyJWT version 2.8.0
WARNING:app.auth:Token invßlido
INFO:root:Resposta: 401 para GET http://testserver/tools/grupos/group1/usuarios
INFO:httpx:HTTP Request: GET http://testserver/tools/grupos/group1/usuarios "HTTP/1.1 401 Unauthorized"
------------------------------ Captured log call ------------------------------
INFO     root:main.py:34 RequisiþÒo: POST http://testserver/tools/login
WARNING  app.groups.routes:routes.py:70 Tentativa de login invßlida para usußrio 'globaladmin'
INFO     root:main.py:36 Resposta: 401 para POST http://testserver/tools/login
INFO     httpx:_client.py:1025 HTTP Request: POST http://testserver/tools/login "HTTP/1.1 401 Unauthorized"
INFO     root:main.py:34 RequisiþÒo: GET http://testserver/tools/grupos/group1/usuarios
INFO     app.auth:auth.py:90 Auth: Validating JWT. Key used (first 10 chars): testsecret
INFO     app.auth:auth.py:91 Auth: Received token for validation (first 20 chars): None...
INFO     app.auth:auth.py:95 Auth: Using PyJWT version 2.8.0
WARNING  app.auth:auth.py:120 Token invßlido
INFO     root:main.py:36 Resposta: 401 para GET http://testserver/tools/grupos/group1/usuarios
INFO     httpx:_client.py:1025 HTTP Request: GET http://testserver/tools/grupos/group1/usuarios "HTTP/1.1 401 Unauthorized"
____________________ test_list_users_in_group_group_admin _____________________

client = <starlette.testclient.TestClient object at 0x000001C654B54290>
auth_token_for_user = <function auth_token_for_user.<locals>._get_token at 0x000001C654E80900>

    def test_list_users_in_group_group_admin(client: TestClient, auth_token_for_user):
        # admin_group1 is admin of group1 (or its renamed version)
        token = auth_token_for_user("admin_group1", "password_admin_g1")
        headers = {"Authorization": f"Bearer {token}"}
    
        rbac_before = load_rbac_data(WORKING_RBAC_FILE)
        original_group1_current_name = "group1_renamed" if "group1_renamed" in rbac_before["grupos"] else "group1"
    
        response = client.get(f"/tools/grupos/{original_group1_current_name}/usuarios", headers=headers)
>       assert response.status_code == 200, response.text
E       AssertionError: {"detail":"Token invßlido"}
E       assert 401 == 200
E        +  where 401 = <Response [401 Unauthorized]>.status_code

tests\integration\test_admin_groups_api.py:493: AssertionError
---------------------------- Captured stderr call -----------------------------
INFO:root:RequisiþÒo: POST http://testserver/tools/login
WARNING:app.groups.routes:Tentativa de login invßlida para usußrio 'admin_group1'
INFO:root:Resposta: 401 para POST http://testserver/tools/login
INFO:httpx:HTTP Request: POST http://testserver/tools/login "HTTP/1.1 401 Unauthorized"
INFO:root:RequisiþÒo: GET http://testserver/tools/grupos/group1/usuarios
INFO:app.auth:Auth: Validating JWT. Key used (first 10 chars): testsecret
INFO:app.auth:Auth: Received token for validation (first 20 chars): None...
INFO:app.auth:Auth: Using PyJWT version 2.8.0
WARNING:app.auth:Token invßlido
INFO:root:Resposta: 401 para GET http://testserver/tools/grupos/group1/usuarios
INFO:httpx:HTTP Request: GET http://testserver/tools/grupos/group1/usuarios "HTTP/1.1 401 Unauthorized"
------------------------------ Captured log call ------------------------------
INFO     root:main.py:34 RequisiþÒo: POST http://testserver/tools/login
WARNING  app.groups.routes:routes.py:70 Tentativa de login invßlida para usußrio 'admin_group1'
INFO     root:main.py:36 Resposta: 401 para POST http://testserver/tools/login
INFO     httpx:_client.py:1025 HTTP Request: POST http://testserver/tools/login "HTTP/1.1 401 Unauthorized"
INFO     root:main.py:34 RequisiþÒo: GET http://testserver/tools/grupos/group1/usuarios
INFO     app.auth:auth.py:90 Auth: Validating JWT. Key used (first 10 chars): testsecret
INFO     app.auth:auth.py:91 Auth: Received token for validation (first 20 chars): None...
INFO     app.auth:auth.py:95 Auth: Using PyJWT version 2.8.0
WARNING  app.auth:auth.py:120 Token invßlido
INFO     root:main.py:36 Resposta: 401 para GET http://testserver/tools/grupos/group1/usuarios
INFO     httpx:_client.py:1025 HTTP Request: GET http://testserver/tools/grupos/group1/usuarios "HTTP/1.1 401 Unauthorized"
____________________ test_list_users_in_group_group_member ____________________

client = <starlette.testclient.TestClient object at 0x000001C654B54290>
auth_token_for_user = <function auth_token_for_user.<locals>._get_token at 0x000001C654E82B60>

    def test_list_users_in_group_group_member(client: TestClient, auth_token_for_user):
        # testuser1 is a member of group1 (or its renamed version), but not an admin of it.
        token = auth_token_for_user("testuser1", "password123")
        headers = {"Authorization": f"Bearer {token}"}
    
        rbac_before = load_rbac_data(WORKING_RBAC_FILE)
        original_group1_current_name = "group1_renamed" if "group1_renamed" in rbac_before["grupos"] else "group1"
    
        response = client.get(f"/tools/grupos/{original_group1_current_name}/usuarios", headers=headers)
>       assert response.status_code == 200, response.text # Members can view user list of their group
E       AssertionError: {"detail":"Token invßlido"}
E       assert 401 == 200
E        +  where 401 = <Response [401 Unauthorized]>.status_code

tests\integration\test_admin_groups_api.py:507: AssertionError
---------------------------- Captured stderr call -----------------------------
INFO:root:RequisiþÒo: POST http://testserver/tools/login
WARNING:app.groups.routes:Tentativa de login invßlida para usußrio 'testuser1'
INFO:root:Resposta: 401 para POST http://testserver/tools/login
INFO:httpx:HTTP Request: POST http://testserver/tools/login "HTTP/1.1 401 Unauthorized"
INFO:root:RequisiþÒo: GET http://testserver/tools/grupos/group1/usuarios
INFO:app.auth:Auth: Validating JWT. Key used (first 10 chars): testsecret
INFO:app.auth:Auth: Received token for validation (first 20 chars): None...
INFO:app.auth:Auth: Using PyJWT version 2.8.0
WARNING:app.auth:Token invßlido
INFO:root:Resposta: 401 para GET http://testserver/tools/grupos/group1/usuarios
INFO:httpx:HTTP Request: GET http://testserver/tools/grupos/group1/usuarios "HTTP/1.1 401 Unauthorized"
------------------------------ Captured log call ------------------------------
INFO     root:main.py:34 RequisiþÒo: POST http://testserver/tools/login
WARNING  app.groups.routes:routes.py:70 Tentativa de login invßlida para usußrio 'testuser1'
INFO     root:main.py:36 Resposta: 401 para POST http://testserver/tools/login
INFO     httpx:_client.py:1025 HTTP Request: POST http://testserver/tools/login "HTTP/1.1 401 Unauthorized"
INFO     root:main.py:34 RequisiþÒo: GET http://testserver/tools/grupos/group1/usuarios
INFO     app.auth:auth.py:90 Auth: Validating JWT. Key used (first 10 chars): testsecret
INFO     app.auth:auth.py:91 Auth: Received token for validation (first 20 chars): None...
INFO     app.auth:auth.py:95 Auth: Using PyJWT version 2.8.0
WARNING  app.auth:auth.py:120 Token invßlido
INFO     root:main.py:36 Resposta: 401 para GET http://testserver/tools/grupos/group1/usuarios
INFO     httpx:_client.py:1025 HTTP Request: GET http://testserver/tools/grupos/group1/usuarios "HTTP/1.1 401 Unauthorized"
___________________ test_list_users_in_group_no_permission ____________________

client = <starlette.testclient.TestClient object at 0x000001C654B54290>
auth_token_for_user = <function auth_token_for_user.<locals>._get_token at 0x000001C654E80180>

    def test_list_users_in_group_no_permission(client: TestClient, auth_token_for_user):
        # plainuser is not a member or admin of group1 (or its renamed version)
        token = auth_token_for_user("plainuser", "plainpassword")
        headers = {"Authorization": f"Bearer {token}"}
    
        rbac_before = load_rbac_data(WORKING_RBAC_FILE)
        original_group1_current_name = "group1_renamed" if "group1_renamed" in rbac_before["grupos"] else "group1"
    
        response = client.get(f"/tools/grupos/{original_group1_current_name}/usuarios", headers=headers)
>       assert response.status_code == 403, response.text
E       AssertionError: {"detail":"Token invßlido"}
E       assert 401 == 403
E        +  where 401 = <Response [401 Unauthorized]>.status_code

tests\integration\test_admin_groups_api.py:521: AssertionError
---------------------------- Captured stderr call -----------------------------
INFO:root:RequisiþÒo: POST http://testserver/tools/login
WARNING:app.groups.routes:Tentativa de login invßlida para usußrio 'plainuser'
INFO:root:Resposta: 401 para POST http://testserver/tools/login
INFO:httpx:HTTP Request: POST http://testserver/tools/login "HTTP/1.1 401 Unauthorized"
INFO:root:RequisiþÒo: GET http://testserver/tools/grupos/group1/usuarios
INFO:app.auth:Auth: Validating JWT. Key used (first 10 chars): testsecret
INFO:app.auth:Auth: Received token for validation (first 20 chars): None...
INFO:app.auth:Auth: Using PyJWT version 2.8.0
WARNING:app.auth:Token invßlido
INFO:root:Resposta: 401 para GET http://testserver/tools/grupos/group1/usuarios
INFO:httpx:HTTP Request: GET http://testserver/tools/grupos/group1/usuarios "HTTP/1.1 401 Unauthorized"
------------------------------ Captured log call ------------------------------
INFO     root:main.py:34 RequisiþÒo: POST http://testserver/tools/login
WARNING  app.groups.routes:routes.py:70 Tentativa de login invßlida para usußrio 'plainuser'
INFO     root:main.py:36 Resposta: 401 para POST http://testserver/tools/login
INFO     httpx:_client.py:1025 HTTP Request: POST http://testserver/tools/login "HTTP/1.1 401 Unauthorized"
INFO     root:main.py:34 RequisiþÒo: GET http://testserver/tools/grupos/group1/usuarios
INFO     app.auth:auth.py:90 Auth: Validating JWT. Key used (first 10 chars): testsecret
INFO     app.auth:auth.py:91 Auth: Received token for validation (first 20 chars): None...
INFO     app.auth:auth.py:95 Auth: Using PyJWT version 2.8.0
WARNING  app.auth:auth.py:120 Token invßlido
INFO     root:main.py:36 Resposta: 401 para GET http://testserver/tools/grupos/group1/usuarios
INFO     httpx:_client.py:1025 HTTP Request: GET http://testserver/tools/grupos/group1/usuarios "HTTP/1.1 401 Unauthorized"
_____________________ test_add_tool_to_group_global_admin _____________________

client = <starlette.testclient.TestClient object at 0x000001C654B54290>
auth_token_for_user = <function auth_token_for_user.<locals>._get_token at 0x000001C654E825C0>
setup_group_for_tool_management = ('tool_manage_group', 'tool_y', {'Authorization': 'Bearer None'})

    def test_add_tool_to_group_global_admin(client: TestClient, auth_token_for_user, setup_group_for_tool_management):
        group_name, tool_id, headers_ga = setup_group_for_tool_management
    
        response = client.post(f"/tools/grupos/{group_name}/ferramentas", headers=headers_ga, json={"tool_id": tool_id})
>       assert response.status_code == 200, response.text
E       AssertionError: {"detail":"Token invßlido"}
E       assert 401 == 200
E        +  where 401 = <Response [401 Unauthorized]>.status_code

tests\integration\test_admin_groups_api.py:544: AssertionError
---------------------------- Captured stderr setup ----------------------------
INFO:root:RequisiþÒo: POST http://testserver/tools/login
WARNING:app.groups.routes:Tentativa de login invßlida para usußrio 'globaladmin'
INFO:root:Resposta: 401 para POST http://testserver/tools/login
INFO:httpx:HTTP Request: POST http://testserver/tools/login "HTTP/1.1 401 Unauthorized"
INFO:root:RequisiþÒo: DELETE http://testserver/tools/grupos/tool_manage_group
INFO:app.auth:Auth: Validating JWT. Key used (first 10 chars): testsecret
INFO:app.auth:Auth: Received token for validation (first 20 chars): None...
INFO:app.auth:Auth: Using PyJWT version 2.8.0
WARNING:app.auth:Token invßlido
INFO:root:Resposta: 401 para DELETE http://testserver/tools/grupos/tool_manage_group
INFO:httpx:HTTP Request: DELETE http://testserver/tools/grupos/tool_manage_group "HTTP/1.1 401 Unauthorized"
INFO:root:RequisiþÒo: POST http://testserver/tools/grupos
INFO:app.auth:Auth: Validating JWT. Key used (first 10 chars): testsecret
INFO:app.auth:Auth: Received token for validation (first 20 chars): None...
INFO:app.auth:Auth: Using PyJWT version 2.8.0
WARNING:app.auth:Token invßlido
INFO:root:Resposta: 401 para POST http://testserver/tools/grupos
INFO:httpx:HTTP Request: POST http://testserver/tools/grupos "HTTP/1.1 401 Unauthorized"
----------------------------- Captured log setup ------------------------------
INFO     root:main.py:34 RequisiþÒo: POST http://testserver/tools/login
WARNING  app.groups.routes:routes.py:70 Tentativa de login invßlida para usußrio 'globaladmin'
INFO     root:main.py:36 Resposta: 401 para POST http://testserver/tools/login
INFO     httpx:_client.py:1025 HTTP Request: POST http://testserver/tools/login "HTTP/1.1 401 Unauthorized"
INFO     root:main.py:34 RequisiþÒo: DELETE http://testserver/tools/grupos/tool_manage_group
INFO     app.auth:auth.py:90 Auth: Validating JWT. Key used (first 10 chars): testsecret
INFO     app.auth:auth.py:91 Auth: Received token for validation (first 20 chars): None...
INFO     app.auth:auth.py:95 Auth: Using PyJWT version 2.8.0
WARNING  app.auth:auth.py:120 Token invßlido
INFO     root:main.py:36 Resposta: 401 para DELETE http://testserver/tools/grupos/tool_manage_group
INFO     httpx:_client.py:1025 HTTP Request: DELETE http://testserver/tools/grupos/tool_manage_group "HTTP/1.1 401 Unauthorized"
INFO     root:main.py:34 RequisiþÒo: POST http://testserver/tools/grupos
INFO     app.auth:auth.py:90 Auth: Validating JWT. Key used (first 10 chars): testsecret
INFO     app.auth:auth.py:91 Auth: Received token for validation (first 20 chars): None...
INFO     app.auth:auth.py:95 Auth: Using PyJWT version 2.8.0
WARNING  app.auth:auth.py:120 Token invßlido
INFO     root:main.py:36 Resposta: 401 para POST http://testserver/tools/grupos
INFO     httpx:_client.py:1025 HTTP Request: POST http://testserver/tools/grupos "HTTP/1.1 401 Unauthorized"
---------------------------- Captured stderr call -----------------------------
INFO:root:RequisiþÒo: POST http://testserver/tools/grupos/tool_manage_group/ferramentas
INFO:app.auth:Auth: Validating JWT. Key used (first 10 chars): testsecret
INFO:app.auth:Auth: Received token for validation (first 20 chars): None...
INFO:app.auth:Auth: Using PyJWT version 2.8.0
WARNING:app.auth:Token invßlido
INFO:root:Resposta: 401 para POST http://testserver/tools/grupos/tool_manage_group/ferramentas
INFO:httpx:HTTP Request: POST http://testserver/tools/grupos/tool_manage_group/ferramentas "HTTP/1.1 401 Unauthorized"
------------------------------ Captured log call ------------------------------
INFO     root:main.py:34 RequisiþÒo: POST http://testserver/tools/grupos/tool_manage_group/ferramentas
INFO     app.auth:auth.py:90 Auth: Validating JWT. Key used (first 10 chars): testsecret
INFO     app.auth:auth.py:91 Auth: Received token for validation (first 20 chars): None...
INFO     app.auth:auth.py:95 Auth: Using PyJWT version 2.8.0
WARNING  app.auth:auth.py:120 Token invßlido
INFO     root:main.py:36 Resposta: 401 para POST http://testserver/tools/grupos/tool_manage_group/ferramentas
INFO     httpx:_client.py:1025 HTTP Request: POST http://testserver/tools/grupos/tool_manage_group/ferramentas "HTTP/1.1 401 Unauthorized"
________________ test_add_tool_to_group_tool_already_in_group _________________

client = <starlette.testclient.TestClient object at 0x000001C654B54290>
auth_token_for_user = <function auth_token_for_user.<locals>._get_token at 0x000001C654E836A0>
setup_group_for_tool_management = ('tool_manage_group', 'tool_y', {'Authorization': 'Bearer None'})

    def test_add_tool_to_group_tool_already_in_group(client: TestClient, auth_token_for_user, setup_group_for_tool_management):
        group_name, tool_id, headers_ga = setup_group_for_tool_management
        client.post(f"/tools/grupos/{group_name}/ferramentas", headers=headers_ga, json={"tool_id": tool_id}) # Add first time
    
        response = client.post(f"/tools/grupos/{group_name}/ferramentas", headers=headers_ga, json={"tool_id": tool_id}) # Try again
>       assert response.status_code == 409, response.text
E       AssertionError: {"detail":"Token invßlido"}
E       assert 401 == 409
E        +  where 401 = <Response [401 Unauthorized]>.status_code

tests\integration\test_admin_groups_api.py:555: AssertionError
---------------------------- Captured stderr setup ----------------------------
INFO:root:RequisiþÒo: POST http://testserver/tools/login
WARNING:app.groups.routes:Tentativa de login invßlida para usußrio 'globaladmin'
INFO:root:Resposta: 401 para POST http://testserver/tools/login
INFO:httpx:HTTP Request: POST http://testserver/tools/login "HTTP/1.1 401 Unauthorized"
INFO:root:RequisiþÒo: DELETE http://testserver/tools/grupos/tool_manage_group
INFO:app.auth:Auth: Validating JWT. Key used (first 10 chars): testsecret
INFO:app.auth:Auth: Received token for validation (first 20 chars): None...
INFO:app.auth:Auth: Using PyJWT version 2.8.0
WARNING:app.auth:Token invßlido
INFO:root:Resposta: 401 para DELETE http://testserver/tools/grupos/tool_manage_group
INFO:httpx:HTTP Request: DELETE http://testserver/tools/grupos/tool_manage_group "HTTP/1.1 401 Unauthorized"
INFO:root:RequisiþÒo: POST http://testserver/tools/grupos
INFO:app.auth:Auth: Validating JWT. Key used (first 10 chars): testsecret
INFO:app.auth:Auth: Received token for validation (first 20 chars): None...
INFO:app.auth:Auth: Using PyJWT version 2.8.0
WARNING:app.auth:Token invßlido
INFO:root:Resposta: 401 para POST http://testserver/tools/grupos
INFO:httpx:HTTP Request: POST http://testserver/tools/grupos "HTTP/1.1 401 Unauthorized"
----------------------------- Captured log setup ------------------------------
INFO     root:main.py:34 RequisiþÒo: POST http://testserver/tools/login
WARNING  app.groups.routes:routes.py:70 Tentativa de login invßlida para usußrio 'globaladmin'
INFO     root:main.py:36 Resposta: 401 para POST http://testserver/tools/login
INFO     httpx:_client.py:1025 HTTP Request: POST http://testserver/tools/login "HTTP/1.1 401 Unauthorized"
INFO     root:main.py:34 RequisiþÒo: DELETE http://testserver/tools/grupos/tool_manage_group
INFO     app.auth:auth.py:90 Auth: Validating JWT. Key used (first 10 chars): testsecret
INFO     app.auth:auth.py:91 Auth: Received token for validation (first 20 chars): None...
INFO     app.auth:auth.py:95 Auth: Using PyJWT version 2.8.0
WARNING  app.auth:auth.py:120 Token invßlido
INFO     root:main.py:36 Resposta: 401 para DELETE http://testserver/tools/grupos/tool_manage_group
INFO     httpx:_client.py:1025 HTTP Request: DELETE http://testserver/tools/grupos/tool_manage_group "HTTP/1.1 401 Unauthorized"
INFO     root:main.py:34 RequisiþÒo: POST http://testserver/tools/grupos
INFO     app.auth:auth.py:90 Auth: Validating JWT. Key used (first 10 chars): testsecret
INFO     app.auth:auth.py:91 Auth: Received token for validation (first 20 chars): None...
INFO     app.auth:auth.py:95 Auth: Using PyJWT version 2.8.0
WARNING  app.auth:auth.py:120 Token invßlido
INFO     root:main.py:36 Resposta: 401 para POST http://testserver/tools/grupos
INFO     httpx:_client.py:1025 HTTP Request: POST http://testserver/tools/grupos "HTTP/1.1 401 Unauthorized"
---------------------------- Captured stderr call -----------------------------
INFO:root:RequisiþÒo: POST http://testserver/tools/grupos/tool_manage_group/ferramentas
INFO:app.auth:Auth: Validating JWT. Key used (first 10 chars): testsecret
INFO:app.auth:Auth: Received token for validation (first 20 chars): None...
INFO:app.auth:Auth: Using PyJWT version 2.8.0
WARNING:app.auth:Token invßlido
INFO:root:Resposta: 401 para POST http://testserver/tools/grupos/tool_manage_group/ferramentas
INFO:httpx:HTTP Request: POST http://testserver/tools/grupos/tool_manage_group/ferramentas "HTTP/1.1 401 Unauthorized"
INFO:root:RequisiþÒo: POST http://testserver/tools/grupos/tool_manage_group/ferramentas
INFO:app.auth:Auth: Validating JWT. Key used (first 10 chars): testsecret
INFO:app.auth:Auth: Received token for validation (first 20 chars): None...
INFO:app.auth:Auth: Using PyJWT version 2.8.0
WARNING:app.auth:Token invßlido
INFO:root:Resposta: 401 para POST http://testserver/tools/grupos/tool_manage_group/ferramentas
INFO:httpx:HTTP Request: POST http://testserver/tools/grupos/tool_manage_group/ferramentas "HTTP/1.1 401 Unauthorized"
------------------------------ Captured log call ------------------------------
INFO     root:main.py:34 RequisiþÒo: POST http://testserver/tools/grupos/tool_manage_group/ferramentas
INFO     app.auth:auth.py:90 Auth: Validating JWT. Key used (first 10 chars): testsecret
INFO     app.auth:auth.py:91 Auth: Received token for validation (first 20 chars): None...
INFO     app.auth:auth.py:95 Auth: Using PyJWT version 2.8.0
WARNING  app.auth:auth.py:120 Token invßlido
INFO     root:main.py:36 Resposta: 401 para POST http://testserver/tools/grupos/tool_manage_group/ferramentas
INFO     httpx:_client.py:1025 HTTP Request: POST http://testserver/tools/grupos/tool_manage_group/ferramentas "HTTP/1.1 401 Unauthorized"
INFO     root:main.py:34 RequisiþÒo: POST http://testserver/tools/grupos/tool_manage_group/ferramentas
INFO     app.auth:auth.py:90 Auth: Validating JWT. Key used (first 10 chars): testsecret
INFO     app.auth:auth.py:91 Auth: Received token for validation (first 20 chars): None...
INFO     app.auth:auth.py:95 Auth: Using PyJWT version 2.8.0
WARNING  app.auth:auth.py:120 Token invßlido
INFO     root:main.py:36 Resposta: 401 para POST http://testserver/tools/grupos/tool_manage_group/ferramentas
INFO     httpx:_client.py:1025 HTTP Request: POST http://testserver/tools/grupos/tool_manage_group/ferramentas "HTTP/1.1 401 Unauthorized"
_______________ test_add_tool_to_group_tool_not_exist_globally ________________

client = <starlette.testclient.TestClient object at 0x000001C654B54290>
auth_token_for_user = <function auth_token_for_user.<locals>._get_token at 0x000001C654DEF6A0>
setup_group_for_tool_management = ('tool_manage_group', 'tool_y', {'Authorization': 'Bearer None'})

    def test_add_tool_to_group_tool_not_exist_globally(client: TestClient, auth_token_for_user, setup_group_for_tool_management):
        group_name, _, headers_ga = setup_group_for_tool_management
        non_existent_tool_id = "tool_non_existent"
        response = client.post(f"/tools/grupos/{group_name}/ferramentas", headers=headers_ga, json={"tool_id": non_existent_tool_id})
>       assert response.status_code == 404, response.text
E       AssertionError: {"detail":"Token invßlido"}
E       assert 401 == 404
E        +  where 401 = <Response [401 Unauthorized]>.status_code

tests\integration\test_admin_groups_api.py:562: AssertionError
---------------------------- Captured stderr setup ----------------------------
INFO:root:RequisiþÒo: POST http://testserver/tools/login
WARNING:app.groups.routes:Tentativa de login invßlida para usußrio 'globaladmin'
INFO:root:Resposta: 401 para POST http://testserver/tools/login
INFO:httpx:HTTP Request: POST http://testserver/tools/login "HTTP/1.1 401 Unauthorized"
INFO:root:RequisiþÒo: DELETE http://testserver/tools/grupos/tool_manage_group
INFO:app.auth:Auth: Validating JWT. Key used (first 10 chars): testsecret
INFO:app.auth:Auth: Received token for validation (first 20 chars): None...
INFO:app.auth:Auth: Using PyJWT version 2.8.0
WARNING:app.auth:Token invßlido
INFO:root:Resposta: 401 para DELETE http://testserver/tools/grupos/tool_manage_group
INFO:httpx:HTTP Request: DELETE http://testserver/tools/grupos/tool_manage_group "HTTP/1.1 401 Unauthorized"
INFO:root:RequisiþÒo: POST http://testserver/tools/grupos
INFO:app.auth:Auth: Validating JWT. Key used (first 10 chars): testsecret
INFO:app.auth:Auth: Received token for validation (first 20 chars): None...
INFO:app.auth:Auth: Using PyJWT version 2.8.0
WARNING:app.auth:Token invßlido
INFO:root:Resposta: 401 para POST http://testserver/tools/grupos
INFO:httpx:HTTP Request: POST http://testserver/tools/grupos "HTTP/1.1 401 Unauthorized"
----------------------------- Captured log setup ------------------------------
INFO     root:main.py:34 RequisiþÒo: POST http://testserver/tools/login
WARNING  app.groups.routes:routes.py:70 Tentativa de login invßlida para usußrio 'globaladmin'
INFO     root:main.py:36 Resposta: 401 para POST http://testserver/tools/login
INFO     httpx:_client.py:1025 HTTP Request: POST http://testserver/tools/login "HTTP/1.1 401 Unauthorized"
INFO     root:main.py:34 RequisiþÒo: DELETE http://testserver/tools/grupos/tool_manage_group
INFO     app.auth:auth.py:90 Auth: Validating JWT. Key used (first 10 chars): testsecret
INFO     app.auth:auth.py:91 Auth: Received token for validation (first 20 chars): None...
INFO     app.auth:auth.py:95 Auth: Using PyJWT version 2.8.0
WARNING  app.auth:auth.py:120 Token invßlido
INFO     root:main.py:36 Resposta: 401 para DELETE http://testserver/tools/grupos/tool_manage_group
INFO     httpx:_client.py:1025 HTTP Request: DELETE http://testserver/tools/grupos/tool_manage_group "HTTP/1.1 401 Unauthorized"
INFO     root:main.py:34 RequisiþÒo: POST http://testserver/tools/grupos
INFO     app.auth:auth.py:90 Auth: Validating JWT. Key used (first 10 chars): testsecret
INFO     app.auth:auth.py:91 Auth: Received token for validation (first 20 chars): None...
INFO     app.auth:auth.py:95 Auth: Using PyJWT version 2.8.0
WARNING  app.auth:auth.py:120 Token invßlido
INFO     root:main.py:36 Resposta: 401 para POST http://testserver/tools/grupos
INFO     httpx:_client.py:1025 HTTP Request: POST http://testserver/tools/grupos "HTTP/1.1 401 Unauthorized"
---------------------------- Captured stderr call -----------------------------
INFO:root:RequisiþÒo: POST http://testserver/tools/grupos/tool_manage_group/ferramentas
INFO:app.auth:Auth: Validating JWT. Key used (first 10 chars): testsecret
INFO:app.auth:Auth: Received token for validation (first 20 chars): None...
INFO:app.auth:Auth: Using PyJWT version 2.8.0
WARNING:app.auth:Token invßlido
INFO:root:Resposta: 401 para POST http://testserver/tools/grupos/tool_manage_group/ferramentas
INFO:httpx:HTTP Request: POST http://testserver/tools/grupos/tool_manage_group/ferramentas "HTTP/1.1 401 Unauthorized"
------------------------------ Captured log call ------------------------------
INFO     root:main.py:34 RequisiþÒo: POST http://testserver/tools/grupos/tool_manage_group/ferramentas
INFO     app.auth:auth.py:90 Auth: Validating JWT. Key used (first 10 chars): testsecret
INFO     app.auth:auth.py:91 Auth: Received token for validation (first 20 chars): None...
INFO     app.auth:auth.py:95 Auth: Using PyJWT version 2.8.0
WARNING  app.auth:auth.py:120 Token invßlido
INFO     root:main.py:36 Resposta: 401 para POST http://testserver/tools/grupos/tool_manage_group/ferramentas
INFO     httpx:_client.py:1025 HTTP Request: POST http://testserver/tools/grupos/tool_manage_group/ferramentas "HTTP/1.1 401 Unauthorized"
__________________ test_remove_tool_from_group_global_admin ___________________

client = <starlette.testclient.TestClient object at 0x000001C654B54290>
auth_token_for_user = <function auth_token_for_user.<locals>._get_token at 0x000001C654D7C040>
setup_group_for_tool_management = ('tool_manage_group', 'tool_y', {'Authorization': 'Bearer None'})

    def test_remove_tool_from_group_global_admin(client: TestClient, auth_token_for_user, setup_group_for_tool_management):
        group_name, tool_id, headers_ga = setup_group_for_tool_management
        client.post(f"/tools/grupos/{group_name}/ferramentas", headers=headers_ga, json={"tool_id": tool_id}) # Add tool first
    
        response = client.delete(f"/tools/grupos/{group_name}/ferramentas/{tool_id}", headers=headers_ga)
>       assert response.status_code == 200, response.text
E       AssertionError: {"detail":"Token invßlido"}
E       assert 401 == 200
E        +  where 401 = <Response [401 Unauthorized]>.status_code

tests\integration\test_admin_groups_api.py:570: AssertionError
---------------------------- Captured stderr setup ----------------------------
INFO:root:RequisiþÒo: POST http://testserver/tools/login
WARNING:app.groups.routes:Tentativa de login invßlida para usußrio 'globaladmin'
INFO:root:Resposta: 401 para POST http://testserver/tools/login
INFO:httpx:HTTP Request: POST http://testserver/tools/login "HTTP/1.1 401 Unauthorized"
INFO:root:RequisiþÒo: DELETE http://testserver/tools/grupos/tool_manage_group
INFO:app.auth:Auth: Validating JWT. Key used (first 10 chars): testsecret
INFO:app.auth:Auth: Received token for validation (first 20 chars): None...
INFO:app.auth:Auth: Using PyJWT version 2.8.0
WARNING:app.auth:Token invßlido
INFO:root:Resposta: 401 para DELETE http://testserver/tools/grupos/tool_manage_group
INFO:httpx:HTTP Request: DELETE http://testserver/tools/grupos/tool_manage_group "HTTP/1.1 401 Unauthorized"
INFO:root:RequisiþÒo: POST http://testserver/tools/grupos
INFO:app.auth:Auth: Validating JWT. Key used (first 10 chars): testsecret
INFO:app.auth:Auth: Received token for validation (first 20 chars): None...
INFO:app.auth:Auth: Using PyJWT version 2.8.0
WARNING:app.auth:Token invßlido
INFO:root:Resposta: 401 para POST http://testserver/tools/grupos
INFO:httpx:HTTP Request: POST http://testserver/tools/grupos "HTTP/1.1 401 Unauthorized"
----------------------------- Captured log setup ------------------------------
INFO     root:main.py:34 RequisiþÒo: POST http://testserver/tools/login
WARNING  app.groups.routes:routes.py:70 Tentativa de login invßlida para usußrio 'globaladmin'
INFO     root:main.py:36 Resposta: 401 para POST http://testserver/tools/login
INFO     httpx:_client.py:1025 HTTP Request: POST http://testserver/tools/login "HTTP/1.1 401 Unauthorized"
INFO     root:main.py:34 RequisiþÒo: DELETE http://testserver/tools/grupos/tool_manage_group
INFO     app.auth:auth.py:90 Auth: Validating JWT. Key used (first 10 chars): testsecret
INFO     app.auth:auth.py:91 Auth: Received token for validation (first 20 chars): None...
INFO     app.auth:auth.py:95 Auth: Using PyJWT version 2.8.0
WARNING  app.auth:auth.py:120 Token invßlido
INFO     root:main.py:36 Resposta: 401 para DELETE http://testserver/tools/grupos/tool_manage_group
INFO     httpx:_client.py:1025 HTTP Request: DELETE http://testserver/tools/grupos/tool_manage_group "HTTP/1.1 401 Unauthorized"
INFO     root:main.py:34 RequisiþÒo: POST http://testserver/tools/grupos
INFO     app.auth:auth.py:90 Auth: Validating JWT. Key used (first 10 chars): testsecret
INFO     app.auth:auth.py:91 Auth: Received token for validation (first 20 chars): None...
INFO     app.auth:auth.py:95 Auth: Using PyJWT version 2.8.0
WARNING  app.auth:auth.py:120 Token invßlido
INFO     root:main.py:36 Resposta: 401 para POST http://testserver/tools/grupos
INFO     httpx:_client.py:1025 HTTP Request: POST http://testserver/tools/grupos "HTTP/1.1 401 Unauthorized"
---------------------------- Captured stderr call -----------------------------
INFO:root:RequisiþÒo: POST http://testserver/tools/grupos/tool_manage_group/ferramentas
INFO:app.auth:Auth: Validating JWT. Key used (first 10 chars): testsecret
INFO:app.auth:Auth: Received token for validation (first 20 chars): None...
INFO:app.auth:Auth: Using PyJWT version 2.8.0
WARNING:app.auth:Token invßlido
INFO:root:Resposta: 401 para POST http://testserver/tools/grupos/tool_manage_group/ferramentas
INFO:httpx:HTTP Request: POST http://testserver/tools/grupos/tool_manage_group/ferramentas "HTTP/1.1 401 Unauthorized"
INFO:root:RequisiþÒo: DELETE http://testserver/tools/grupos/tool_manage_group/ferramentas/tool_y
INFO:app.auth:Auth: Validating JWT. Key used (first 10 chars): testsecret
INFO:app.auth:Auth: Received token for validation (first 20 chars): None...
INFO:app.auth:Auth: Using PyJWT version 2.8.0
WARNING:app.auth:Token invßlido
INFO:root:Resposta: 401 para DELETE http://testserver/tools/grupos/tool_manage_group/ferramentas/tool_y
INFO:httpx:HTTP Request: DELETE http://testserver/tools/grupos/tool_manage_group/ferramentas/tool_y "HTTP/1.1 401 Unauthorized"
------------------------------ Captured log call ------------------------------
INFO     root:main.py:34 RequisiþÒo: POST http://testserver/tools/grupos/tool_manage_group/ferramentas
INFO     app.auth:auth.py:90 Auth: Validating JWT. Key used (first 10 chars): testsecret
INFO     app.auth:auth.py:91 Auth: Received token for validation (first 20 chars): None...
INFO     app.auth:auth.py:95 Auth: Using PyJWT version 2.8.0
WARNING  app.auth:auth.py:120 Token invßlido
INFO     root:main.py:36 Resposta: 401 para POST http://testserver/tools/grupos/tool_manage_group/ferramentas
INFO     httpx:_client.py:1025 HTTP Request: POST http://testserver/tools/grupos/tool_manage_group/ferramentas "HTTP/1.1 401 Unauthorized"
INFO     root:main.py:34 RequisiþÒo: DELETE http://testserver/tools/grupos/tool_manage_group/ferramentas/tool_y
INFO     app.auth:auth.py:90 Auth: Validating JWT. Key used (first 10 chars): testsecret
INFO     app.auth:auth.py:91 Auth: Received token for validation (first 20 chars): None...
INFO     app.auth:auth.py:95 Auth: Using PyJWT version 2.8.0
WARNING  app.auth:auth.py:120 Token invßlido
INFO     root:main.py:36 Resposta: 401 para DELETE http://testserver/tools/grupos/tool_manage_group/ferramentas/tool_y
INFO     httpx:_client.py:1025 HTTP Request: DELETE http://testserver/tools/grupos/tool_manage_group/ferramentas/tool_y "HTTP/1.1 401 Unauthorized"
________________ test_remove_tool_from_group_tool_not_in_group ________________

client = <starlette.testclient.TestClient object at 0x000001C654B54290>
auth_token_for_user = <function auth_token_for_user.<locals>._get_token at 0x000001C654DEF740>
setup_group_for_tool_management = ('tool_manage_group', 'tool_y', {'Authorization': 'Bearer None'})

    def test_remove_tool_from_group_tool_not_in_group(client: TestClient, auth_token_for_user, setup_group_for_tool_management):
        group_name, tool_id_not_added, headers_ga = setup_group_for_tool_management
        # tool_id_not_added (tool_y) is not added to group_name by the fixture setup for this specific test path
        response = client.delete(f"/tools/grupos/{group_name}/ferramentas/{tool_id_not_added}", headers=headers_ga)
>       assert response.status_code == 404, response.text
E       AssertionError: {"detail":"Token invßlido"}
E       assert 401 == 404
E        +  where 401 = <Response [401 Unauthorized]>.status_code

tests\integration\test_admin_groups_api.py:580: AssertionError
---------------------------- Captured stderr setup ----------------------------
INFO:root:RequisiþÒo: POST http://testserver/tools/login
WARNING:app.groups.routes:Tentativa de login invßlida para usußrio 'globaladmin'
INFO:root:Resposta: 401 para POST http://testserver/tools/login
INFO:httpx:HTTP Request: POST http://testserver/tools/login "HTTP/1.1 401 Unauthorized"
INFO:root:RequisiþÒo: DELETE http://testserver/tools/grupos/tool_manage_group
INFO:app.auth:Auth: Validating JWT. Key used (first 10 chars): testsecret
INFO:app.auth:Auth: Received token for validation (first 20 chars): None...
INFO:app.auth:Auth: Using PyJWT version 2.8.0
WARNING:app.auth:Token invßlido
INFO:root:Resposta: 401 para DELETE http://testserver/tools/grupos/tool_manage_group
INFO:httpx:HTTP Request: DELETE http://testserver/tools/grupos/tool_manage_group "HTTP/1.1 401 Unauthorized"
INFO:root:RequisiþÒo: POST http://testserver/tools/grupos
INFO:app.auth:Auth: Validating JWT. Key used (first 10 chars): testsecret
INFO:app.auth:Auth: Received token for validation (first 20 chars): None...
INFO:app.auth:Auth: Using PyJWT version 2.8.0
WARNING:app.auth:Token invßlido
INFO:root:Resposta: 401 para POST http://testserver/tools/grupos
INFO:httpx:HTTP Request: POST http://testserver/tools/grupos "HTTP/1.1 401 Unauthorized"
----------------------------- Captured log setup ------------------------------
INFO     root:main.py:34 RequisiþÒo: POST http://testserver/tools/login
WARNING  app.groups.routes:routes.py:70 Tentativa de login invßlida para usußrio 'globaladmin'
INFO     root:main.py:36 Resposta: 401 para POST http://testserver/tools/login
INFO     httpx:_client.py:1025 HTTP Request: POST http://testserver/tools/login "HTTP/1.1 401 Unauthorized"
INFO     root:main.py:34 RequisiþÒo: DELETE http://testserver/tools/grupos/tool_manage_group
INFO     app.auth:auth.py:90 Auth: Validating JWT. Key used (first 10 chars): testsecret
INFO     app.auth:auth.py:91 Auth: Received token for validation (first 20 chars): None...
INFO     app.auth:auth.py:95 Auth: Using PyJWT version 2.8.0
WARNING  app.auth:auth.py:120 Token invßlido
INFO     root:main.py:36 Resposta: 401 para DELETE http://testserver/tools/grupos/tool_manage_group
INFO     httpx:_client.py:1025 HTTP Request: DELETE http://testserver/tools/grupos/tool_manage_group "HTTP/1.1 401 Unauthorized"
INFO     root:main.py:34 RequisiþÒo: POST http://testserver/tools/grupos
INFO     app.auth:auth.py:90 Auth: Validating JWT. Key used (first 10 chars): testsecret
INFO     app.auth:auth.py:91 Auth: Received token for validation (first 20 chars): None...
INFO     app.auth:auth.py:95 Auth: Using PyJWT version 2.8.0
WARNING  app.auth:auth.py:120 Token invßlido
INFO     root:main.py:36 Resposta: 401 para POST http://testserver/tools/grupos
INFO     httpx:_client.py:1025 HTTP Request: POST http://testserver/tools/grupos "HTTP/1.1 401 Unauthorized"
---------------------------- Captured stderr call -----------------------------
INFO:root:RequisiþÒo: DELETE http://testserver/tools/grupos/tool_manage_group/ferramentas/tool_y
INFO:app.auth:Auth: Validating JWT. Key used (first 10 chars): testsecret
INFO:app.auth:Auth: Received token for validation (first 20 chars): None...
INFO:app.auth:Auth: Using PyJWT version 2.8.0
WARNING:app.auth:Token invßlido
INFO:root:Resposta: 401 para DELETE http://testserver/tools/grupos/tool_manage_group/ferramentas/tool_y
INFO:httpx:HTTP Request: DELETE http://testserver/tools/grupos/tool_manage_group/ferramentas/tool_y "HTTP/1.1 401 Unauthorized"
------------------------------ Captured log call ------------------------------
INFO     root:main.py:34 RequisiþÒo: DELETE http://testserver/tools/grupos/tool_manage_group/ferramentas/tool_y
INFO     app.auth:auth.py:90 Auth: Validating JWT. Key used (first 10 chars): testsecret
INFO     app.auth:auth.py:91 Auth: Received token for validation (first 20 chars): None...
INFO     app.auth:auth.py:95 Auth: Using PyJWT version 2.8.0
WARNING  app.auth:auth.py:120 Token invßlido
INFO     root:main.py:36 Resposta: 401 para DELETE http://testserver/tools/grupos/tool_manage_group/ferramentas/tool_y
INFO     httpx:_client.py:1025 HTTP Request: DELETE http://testserver/tools/grupos/tool_manage_group/ferramentas/tool_y "HTTP/1.1 401 Unauthorized"
____________________ test_create_user_success_global_admin ____________________

client = <starlette.testclient.TestClient object at 0x000001C654B2FBD0>
auth_token_for_user = <function auth_token_for_user.<locals>._get_token at 0x000001C654DEFCE0>
manage_test_data_files = None

    def test_create_user_success_global_admin(client: TestClient, auth_token_for_user, manage_test_data_files):
        """
        Testa a criaþÒo bem-sucedida de um novo usußrio por um admin global.
        """
        token = auth_token_for_user("globaladmin", "password_global")
        headers = {"Authorization": f"Bearer {token}"}
        new_user_data = {
            "username": "novo_usuario_teste",
            "password": "password123",
            "papel": "user",
            "grupos": []
        }
        response = client.post("/tools/usuarios", headers=headers, json=new_user_data)
>       assert response.status_code == 201
E       assert 401 == 201
E        +  where 401 = <Response [401 Unauthorized]>.status_code

tests\integration\test_admin_users_api.py:38: AssertionError
---------------------------- Captured stderr call -----------------------------
INFO:root:RequisiþÒo: POST http://testserver/tools/login
WARNING:app.groups.routes:Tentativa de login invßlida para usußrio 'globaladmin'
INFO:root:Resposta: 401 para POST http://testserver/tools/login
INFO:httpx:HTTP Request: POST http://testserver/tools/login "HTTP/1.1 401 Unauthorized"
INFO:root:RequisiþÒo: POST http://testserver/tools/usuarios
INFO:app.auth:Auth: Validating JWT. Key used (first 10 chars): testsecret
INFO:app.auth:Auth: Received token for validation (first 20 chars): None...
INFO:app.auth:Auth: Using PyJWT version 2.8.0
WARNING:app.auth:Token invßlido
INFO:root:Resposta: 401 para POST http://testserver/tools/usuarios
INFO:httpx:HTTP Request: POST http://testserver/tools/usuarios "HTTP/1.1 401 Unauthorized"
------------------------------ Captured log call ------------------------------
INFO     root:main.py:34 RequisiþÒo: POST http://testserver/tools/login
WARNING  app.groups.routes:routes.py:70 Tentativa de login invßlida para usußrio 'globaladmin'
INFO     root:main.py:36 Resposta: 401 para POST http://testserver/tools/login
INFO     httpx:_client.py:1025 HTTP Request: POST http://testserver/tools/login "HTTP/1.1 401 Unauthorized"
INFO     root:main.py:34 RequisiþÒo: POST http://testserver/tools/usuarios
INFO     app.auth:auth.py:90 Auth: Validating JWT. Key used (first 10 chars): testsecret
INFO     app.auth:auth.py:91 Auth: Received token for validation (first 20 chars): None...
INFO     app.auth:auth.py:95 Auth: Using PyJWT version 2.8.0
WARNING  app.auth:auth.py:120 Token invßlido
INFO     root:main.py:36 Resposta: 401 para POST http://testserver/tools/usuarios
INFO     httpx:_client.py:1025 HTTP Request: POST http://testserver/tools/usuarios "HTTP/1.1 401 Unauthorized"
________________ test_create_user_with_initial_groups_success _________________

client = <starlette.testclient.TestClient object at 0x000001C654B2FBD0>
auth_token_for_user = <function auth_token_for_user.<locals>._get_token at 0x000001C654E83D80>
manage_test_data_files = None

    def test_create_user_with_initial_groups_success(client: TestClient, auth_token_for_user, manage_test_data_files):
        """
        Testa a criaþÒo bem-sucedida de um novo usußrio com grupos iniciais por um admin global.
        Assume que 'grupo_existente' foi criado previamente ou existe no master_rbac.
        """
        token = auth_token_for_user("globaladmin", "password_global")
        headers = {"Authorization": f"Bearer {token}"}
    
        # Ensure 'grupo_existente' exists for the test
        rbac_data = load_rbac_data()
        if "grupo_existente" not in rbac_data["grupos"]:
            rbac_data["grupos"]["grupo_existente"] = {
                "description": "Grupo para teste de criaþÒo de usußrio",
                "admins": [],
                "members": [],
                "tools": []
            }
            save_rbac_data(rbac_data)
    
        new_user_data = {
            "username": "usuario_com_grupo",
            "password": "password123",
            "papel": "user",
            "grupos": ["grupo_existente"]
        }
        response = client.post("/tools/usuarios", headers=headers, json=new_user_data)
>       assert response.status_code == 201
E       assert 401 == 201
E        +  where 401 = <Response [401 Unauthorized]>.status_code

tests\integration\test_admin_users_api.py:75: AssertionError
---------------------------- Captured stderr call -----------------------------
INFO:root:RequisiþÒo: POST http://testserver/tools/login
WARNING:app.groups.routes:Tentativa de login invßlida para usußrio 'globaladmin'
INFO:root:Resposta: 401 para POST http://testserver/tools/login
INFO:httpx:HTTP Request: POST http://testserver/tools/login "HTTP/1.1 401 Unauthorized"
INFO:root:RequisiþÒo: POST http://testserver/tools/usuarios
INFO:app.auth:Auth: Validating JWT. Key used (first 10 chars): testsecret
INFO:app.auth:Auth: Received token for validation (first 20 chars): None...
INFO:app.auth:Auth: Using PyJWT version 2.8.0
WARNING:app.auth:Token invßlido
INFO:root:Resposta: 401 para POST http://testserver/tools/usuarios
INFO:httpx:HTTP Request: POST http://testserver/tools/usuarios "HTTP/1.1 401 Unauthorized"
------------------------------ Captured log call ------------------------------
INFO     root:main.py:34 RequisiþÒo: POST http://testserver/tools/login
WARNING  app.groups.routes:routes.py:70 Tentativa de login invßlida para usußrio 'globaladmin'
INFO     root:main.py:36 Resposta: 401 para POST http://testserver/tools/login
INFO     httpx:_client.py:1025 HTTP Request: POST http://testserver/tools/login "HTTP/1.1 401 Unauthorized"
INFO     root:main.py:34 RequisiþÒo: POST http://testserver/tools/usuarios
INFO     app.auth:auth.py:90 Auth: Validating JWT. Key used (first 10 chars): testsecret
INFO     app.auth:auth.py:91 Auth: Received token for validation (first 20 chars): None...
INFO     app.auth:auth.py:95 Auth: Using PyJWT version 2.8.0
WARNING  app.auth:auth.py:120 Token invßlido
INFO     root:main.py:36 Resposta: 401 para POST http://testserver/tools/usuarios
INFO     httpx:_client.py:1025 HTTP Request: POST http://testserver/tools/usuarios "HTTP/1.1 401 Unauthorized"
__________________ test_create_user_username_already_exists ___________________

client = <starlette.testclient.TestClient object at 0x000001C654B2FBD0>
auth_token_for_user = <function auth_token_for_user.<locals>._get_token at 0x000001C654E827A0>
manage_test_data_files = None

    def test_create_user_username_already_exists(client: TestClient, auth_token_for_user, manage_test_data_files):
        """
        Testa a tentativa de criar um usußrio com um username que jß existe.
        """
        token = auth_token_for_user("globaladmin", "password_global")
        headers = {"Authorization": f"Bearer {token}"}
        existing_user_data = { # Assume 'user_comum' exists from master data
            "username": "user_comum",
            "password": "newpassword",
            "papel": "user",
            "grupos": []
        }
        response = client.post("/tools/usuarios", headers=headers, json=existing_user_data)
>       assert response.status_code == 409 # Conflict
E       assert 401 == 409
E        +  where 401 = <Response [401 Unauthorized]>.status_code

tests\integration\test_admin_users_api.py:101: AssertionError
---------------------------- Captured stderr call -----------------------------
INFO:root:RequisiþÒo: POST http://testserver/tools/login
WARNING:app.groups.routes:Tentativa de login invßlida para usußrio 'globaladmin'
INFO:root:Resposta: 401 para POST http://testserver/tools/login
INFO:httpx:HTTP Request: POST http://testserver/tools/login "HTTP/1.1 401 Unauthorized"
INFO:root:RequisiþÒo: POST http://testserver/tools/usuarios
INFO:app.auth:Auth: Validating JWT. Key used (first 10 chars): testsecret
INFO:app.auth:Auth: Received token for validation (first 20 chars): None...
INFO:app.auth:Auth: Using PyJWT version 2.8.0
WARNING:app.auth:Token invßlido
INFO:root:Resposta: 401 para POST http://testserver/tools/usuarios
INFO:httpx:HTTP Request: POST http://testserver/tools/usuarios "HTTP/1.1 401 Unauthorized"
------------------------------ Captured log call ------------------------------
INFO     root:main.py:34 RequisiþÒo: POST http://testserver/tools/login
WARNING  app.groups.routes:routes.py:70 Tentativa de login invßlida para usußrio 'globaladmin'
INFO     root:main.py:36 Resposta: 401 para POST http://testserver/tools/login
INFO     httpx:_client.py:1025 HTTP Request: POST http://testserver/tools/login "HTTP/1.1 401 Unauthorized"
INFO     root:main.py:34 RequisiþÒo: POST http://testserver/tools/usuarios
INFO     app.auth:auth.py:90 Auth: Validating JWT. Key used (first 10 chars): testsecret
INFO     app.auth:auth.py:91 Auth: Received token for validation (first 20 chars): None...
INFO     app.auth:auth.py:95 Auth: Using PyJWT version 2.8.0
WARNING  app.auth:auth.py:120 Token invßlido
INFO     root:main.py:36 Resposta: 401 para POST http://testserver/tools/usuarios
INFO     httpx:_client.py:1025 HTTP Request: POST http://testserver/tools/usuarios "HTTP/1.1 401 Unauthorized"
________________________ test_create_user_invalid_role ________________________

client = <starlette.testclient.TestClient object at 0x000001C654B2FBD0>
auth_token_for_user = <function auth_token_for_user.<locals>._get_token at 0x000001C654E81DA0>
manage_test_data_files = None

    def test_create_user_invalid_role(client: TestClient, auth_token_for_user, manage_test_data_files):
        """
        Testa a tentativa de criar um usußrio com um papel invßlido.
        """
        token = auth_token_for_user("globaladmin", "password_global")
        headers = {"Authorization": f"Bearer {token}"}
        new_user_data = {
            "username": "usuario_papel_invalido",
            "password": "password123",
            "papel": "super_mega_admin", # Papel invßlido
            "grupos": []
        }
        response = client.post("/tools/usuarios", headers=headers, json=new_user_data)
>       assert response.status_code == 400 # Bad Request or 422 Unprocessable Entity
E       assert 401 == 400
E        +  where 401 = <Response [401 Unauthorized]>.status_code

tests\integration\test_admin_users_api.py:117: AssertionError
---------------------------- Captured stderr call -----------------------------
INFO:root:RequisiþÒo: POST http://testserver/tools/login
WARNING:app.groups.routes:Tentativa de login invßlida para usußrio 'globaladmin'
INFO:root:Resposta: 401 para POST http://testserver/tools/login
INFO:httpx:HTTP Request: POST http://testserver/tools/login "HTTP/1.1 401 Unauthorized"
INFO:root:RequisiþÒo: POST http://testserver/tools/usuarios
INFO:app.auth:Auth: Validating JWT. Key used (first 10 chars): testsecret
INFO:app.auth:Auth: Received token for validation (first 20 chars): None...
INFO:app.auth:Auth: Using PyJWT version 2.8.0
WARNING:app.auth:Token invßlido
INFO:root:Resposta: 401 para POST http://testserver/tools/usuarios
INFO:httpx:HTTP Request: POST http://testserver/tools/usuarios "HTTP/1.1 401 Unauthorized"
------------------------------ Captured log call ------------------------------
INFO     root:main.py:34 RequisiþÒo: POST http://testserver/tools/login
WARNING  app.groups.routes:routes.py:70 Tentativa de login invßlida para usußrio 'globaladmin'
INFO     root:main.py:36 Resposta: 401 para POST http://testserver/tools/login
INFO     httpx:_client.py:1025 HTTP Request: POST http://testserver/tools/login "HTTP/1.1 401 Unauthorized"
INFO     root:main.py:34 RequisiþÒo: POST http://testserver/tools/usuarios
INFO     app.auth:auth.py:90 Auth: Validating JWT. Key used (first 10 chars): testsecret
INFO     app.auth:auth.py:91 Auth: Received token for validation (first 20 chars): None...
INFO     app.auth:auth.py:95 Auth: Using PyJWT version 2.8.0
WARNING  app.auth:auth.py:120 Token invßlido
INFO     root:main.py:36 Resposta: 401 para POST http://testserver/tools/usuarios
INFO     httpx:_client.py:1025 HTTP Request: POST http://testserver/tools/usuarios "HTTP/1.1 401 Unauthorized"
_________________ test_create_user_non_global_admin_forbidden _________________

client = <starlette.testclient.TestClient object at 0x000001C654B2FBD0>
auth_token_for_user = <function auth_token_for_user.<locals>._get_token at 0x000001C654E6B740>
manage_test_data_files = None

    def test_create_user_non_global_admin_forbidden(client: TestClient, auth_token_for_user, manage_test_data_files):
        """
        Testa a tentativa de criar um usußrio por um usußrio que nÒo Ú admin global (ex: user comum).
        """
        token = auth_token_for_user("user_comum", "password_user")
        headers = {"Authorization": f"Bearer {token}"}
        new_user_data = {
            "username": "outro_usuario_teste",
            "password": "password123",
            "papel": "user",
            "grupos": []
        }
        response = client.post("/tools/usuarios", headers=headers, json=new_user_data)
>       assert response.status_code == 403 # Forbidden
E       assert 401 == 403
E        +  where 401 = <Response [401 Unauthorized]>.status_code

tests\integration\test_admin_users_api.py:135: AssertionError
---------------------------- Captured stderr call -----------------------------
INFO:root:RequisiþÒo: POST http://testserver/tools/login
WARNING:app.groups.routes:Tentativa de login invßlida para usußrio 'user_comum'
INFO:root:Resposta: 401 para POST http://testserver/tools/login
INFO:httpx:HTTP Request: POST http://testserver/tools/login "HTTP/1.1 401 Unauthorized"
INFO:root:RequisiþÒo: POST http://testserver/tools/usuarios
INFO:app.auth:Auth: Validating JWT. Key used (first 10 chars): testsecret
INFO:app.auth:Auth: Received token for validation (first 20 chars): None...
INFO:app.auth:Auth: Using PyJWT version 2.8.0
WARNING:app.auth:Token invßlido
INFO:root:Resposta: 401 para POST http://testserver/tools/usuarios
INFO:httpx:HTTP Request: POST http://testserver/tools/usuarios "HTTP/1.1 401 Unauthorized"
------------------------------ Captured log call ------------------------------
INFO     root:main.py:34 RequisiþÒo: POST http://testserver/tools/login
WARNING  app.groups.routes:routes.py:70 Tentativa de login invßlida para usußrio 'user_comum'
INFO     root:main.py:36 Resposta: 401 para POST http://testserver/tools/login
INFO     httpx:_client.py:1025 HTTP Request: POST http://testserver/tools/login "HTTP/1.1 401 Unauthorized"
INFO     root:main.py:34 RequisiþÒo: POST http://testserver/tools/usuarios
INFO     app.auth:auth.py:90 Auth: Validating JWT. Key used (first 10 chars): testsecret
INFO     app.auth:auth.py:91 Auth: Received token for validation (first 20 chars): None...
INFO     app.auth:auth.py:95 Auth: Using PyJWT version 2.8.0
WARNING  app.auth:auth.py:120 Token invßlido
INFO     root:main.py:36 Resposta: 401 para POST http://testserver/tools/usuarios
INFO     httpx:_client.py:1025 HTTP Request: POST http://testserver/tools/usuarios "HTTP/1.1 401 Unauthorized"
___________________ test_create_user_admin_grupo_forbidden ____________________

client = <starlette.testclient.TestClient object at 0x000001C654B2FBD0>
auth_token_for_user = <function auth_token_for_user.<locals>._get_token at 0x000001C654E6BCE0>
manage_test_data_files = None

    def test_create_user_admin_grupo_forbidden(client: TestClient, auth_token_for_user, manage_test_data_files):
        """
        Testa a tentativa de criar um usußrio por um admin de grupo (que nÒo Ú admin global).
        """
        token = auth_token_for_user("admin_grupo_A", "password_admin_grupo_A")
        headers = {"Authorization": f"Bearer {token}"}
        new_user_data = {
            "username": "mais_um_usuario_teste",
            "password": "password123",
            "papel": "user",
            "grupos": []
        }
        response = client.post("/tools/usuarios", headers=headers, json=new_user_data)
>       assert response.status_code == 403 # Forbidden
E       assert 401 == 403
E        +  where 401 = <Response [401 Unauthorized]>.status_code

tests\integration\test_admin_users_api.py:150: AssertionError
---------------------------- Captured stderr call -----------------------------
INFO:root:RequisiþÒo: POST http://testserver/tools/login
WARNING:app.groups.routes:Tentativa de login invßlida para usußrio 'admin_grupo_A'
INFO:root:Resposta: 401 para POST http://testserver/tools/login
INFO:httpx:HTTP Request: POST http://testserver/tools/login "HTTP/1.1 401 Unauthorized"
INFO:root:RequisiþÒo: POST http://testserver/tools/usuarios
INFO:app.auth:Auth: Validating JWT. Key used (first 10 chars): testsecret
INFO:app.auth:Auth: Received token for validation (first 20 chars): None...
INFO:app.auth:Auth: Using PyJWT version 2.8.0
WARNING:app.auth:Token invßlido
INFO:root:Resposta: 401 para POST http://testserver/tools/usuarios
INFO:httpx:HTTP Request: POST http://testserver/tools/usuarios "HTTP/1.1 401 Unauthorized"
------------------------------ Captured log call ------------------------------
INFO     root:main.py:34 RequisiþÒo: POST http://testserver/tools/login
WARNING  app.groups.routes:routes.py:70 Tentativa de login invßlida para usußrio 'admin_grupo_A'
INFO     root:main.py:36 Resposta: 401 para POST http://testserver/tools/login
INFO     httpx:_client.py:1025 HTTP Request: POST http://testserver/tools/login "HTTP/1.1 401 Unauthorized"
INFO     root:main.py:34 RequisiþÒo: POST http://testserver/tools/usuarios
INFO     app.auth:auth.py:90 Auth: Validating JWT. Key used (first 10 chars): testsecret
INFO     app.auth:auth.py:91 Auth: Received token for validation (first 20 chars): None...
INFO     app.auth:auth.py:95 Auth: Using PyJWT version 2.8.0
WARNING  app.auth:auth.py:120 Token invßlido
INFO     root:main.py:36 Resposta: 401 para POST http://testserver/tools/usuarios
INFO     httpx:_client.py:1025 HTTP Request: POST http://testserver/tools/usuarios "HTTP/1.1 401 Unauthorized"
______________________ test_create_user_missing_username ______________________

client = <starlette.testclient.TestClient object at 0x000001C654B2FBD0>
auth_token_for_user = <function auth_token_for_user.<locals>._get_token at 0x000001C654E68AE0>
manage_test_data_files = None

    def test_create_user_missing_username(client: TestClient, auth_token_for_user, manage_test_data_files):
        """
        Testa a tentativa de criar um usußrio sem o campo username.
        """
        token = auth_token_for_user("globaladmin", "password_global")
        headers = {"Authorization": f"Bearer {token}"}
        new_user_data = {
            # "username": "usuario_sem_nome",
            "password": "password123",
            "papel": "user",
            "grupos": []
        }
        response = client.post("/tools/usuarios", headers=headers, json=new_user_data)
>       assert response.status_code == 422 # Unprocessable Entity (FastAPI default for Pydantic validation)
E       assert 401 == 422
E        +  where 401 = <Response [401 Unauthorized]>.status_code

tests\integration\test_admin_users_api.py:165: AssertionError
---------------------------- Captured stderr call -----------------------------
INFO:root:RequisiþÒo: POST http://testserver/tools/login
WARNING:app.groups.routes:Tentativa de login invßlida para usußrio 'globaladmin'
INFO:root:Resposta: 401 para POST http://testserver/tools/login
INFO:httpx:HTTP Request: POST http://testserver/tools/login "HTTP/1.1 401 Unauthorized"
INFO:root:RequisiþÒo: POST http://testserver/tools/usuarios
INFO:app.auth:Auth: Validating JWT. Key used (first 10 chars): testsecret
INFO:app.auth:Auth: Received token for validation (first 20 chars): None...
INFO:app.auth:Auth: Using PyJWT version 2.8.0
WARNING:app.auth:Token invßlido
INFO:root:Resposta: 401 para POST http://testserver/tools/usuarios
INFO:httpx:HTTP Request: POST http://testserver/tools/usuarios "HTTP/1.1 401 Unauthorized"
------------------------------ Captured log call ------------------------------
INFO     root:main.py:34 RequisiþÒo: POST http://testserver/tools/login
WARNING  app.groups.routes:routes.py:70 Tentativa de login invßlida para usußrio 'globaladmin'
INFO     root:main.py:36 Resposta: 401 para POST http://testserver/tools/login
INFO     httpx:_client.py:1025 HTTP Request: POST http://testserver/tools/login "HTTP/1.1 401 Unauthorized"
INFO     root:main.py:34 RequisiþÒo: POST http://testserver/tools/usuarios
INFO     app.auth:auth.py:90 Auth: Validating JWT. Key used (first 10 chars): testsecret
INFO     app.auth:auth.py:91 Auth: Received token for validation (first 20 chars): None...
INFO     app.auth:auth.py:95 Auth: Using PyJWT version 2.8.0
WARNING  app.auth:auth.py:120 Token invßlido
INFO     root:main.py:36 Resposta: 401 para POST http://testserver/tools/usuarios
INFO     httpx:_client.py:1025 HTTP Request: POST http://testserver/tools/usuarios "HTTP/1.1 401 Unauthorized"
______________________ test_create_user_missing_password ______________________

client = <starlette.testclient.TestClient object at 0x000001C654B2FBD0>
auth_token_for_user = <function auth_token_for_user.<locals>._get_token at 0x000001C654E6BBA0>
manage_test_data_files = None

    def test_create_user_missing_password(client: TestClient, auth_token_for_user, manage_test_data_files):
        """
        Testa a tentativa de criar um usußrio sem o campo password.
        """
        token = auth_token_for_user("globaladmin", "password_global")
        headers = {"Authorization": f"Bearer {token}"}
        new_user_data = {
            "username": "usuario_sem_senha",
            # "password": "password123",
            "papel": "user",
            "grupos": []
        }
        response = client.post("/tools/usuarios", headers=headers, json=new_user_data)
>       assert response.status_code == 422 # Unprocessable Entity
E       assert 401 == 422
E        +  where 401 = <Response [401 Unauthorized]>.status_code

tests\integration\test_admin_users_api.py:180: AssertionError
---------------------------- Captured stderr call -----------------------------
INFO:root:RequisiþÒo: POST http://testserver/tools/login
WARNING:app.groups.routes:Tentativa de login invßlida para usußrio 'globaladmin'
INFO:root:Resposta: 401 para POST http://testserver/tools/login
INFO:httpx:HTTP Request: POST http://testserver/tools/login "HTTP/1.1 401 Unauthorized"
INFO:root:RequisiþÒo: POST http://testserver/tools/usuarios
INFO:app.auth:Auth: Validating JWT. Key used (first 10 chars): testsecret
INFO:app.auth:Auth: Received token for validation (first 20 chars): None...
INFO:app.auth:Auth: Using PyJWT version 2.8.0
WARNING:app.auth:Token invßlido
INFO:root:Resposta: 401 para POST http://testserver/tools/usuarios
INFO:httpx:HTTP Request: POST http://testserver/tools/usuarios "HTTP/1.1 401 Unauthorized"
------------------------------ Captured log call ------------------------------
INFO     root:main.py:34 RequisiþÒo: POST http://testserver/tools/login
WARNING  app.groups.routes:routes.py:70 Tentativa de login invßlida para usußrio 'globaladmin'
INFO     root:main.py:36 Resposta: 401 para POST http://testserver/tools/login
INFO     httpx:_client.py:1025 HTTP Request: POST http://testserver/tools/login "HTTP/1.1 401 Unauthorized"
INFO     root:main.py:34 RequisiþÒo: POST http://testserver/tools/usuarios
INFO     app.auth:auth.py:90 Auth: Validating JWT. Key used (first 10 chars): testsecret
INFO     app.auth:auth.py:91 Auth: Received token for validation (first 20 chars): None...
INFO     app.auth:auth.py:95 Auth: Using PyJWT version 2.8.0
WARNING  app.auth:auth.py:120 Token invßlido
INFO     root:main.py:36 Resposta: 401 para POST http://testserver/tools/usuarios
INFO     httpx:_client.py:1025 HTTP Request: POST http://testserver/tools/usuarios "HTTP/1.1 401 Unauthorized"
________________________ test_create_user_missing_role ________________________

client = <starlette.testclient.TestClient object at 0x000001C654B2FBD0>
auth_token_for_user = <function auth_token_for_user.<locals>._get_token at 0x000001C654E69800>
manage_test_data_files = None

    def test_create_user_missing_role(client: TestClient, auth_token_for_user, manage_test_data_files):
        """
        Testa a tentativa de criar um usußrio sem o campo papel.
        """
        token = auth_token_for_user("globaladmin", "password_global")
        headers = {"Authorization": f"Bearer {token}"}
        new_user_data = {
            "username": "usuario_sem_papel",
            "password": "password123",
            # "papel": "user",
            "grupos": []
        }
        response = client.post("/tools/usuarios", headers=headers, json=new_user_data)
>       assert response.status_code == 422 # Unprocessable Entity
E       assert 401 == 422
E        +  where 401 = <Response [401 Unauthorized]>.status_code

tests\integration\test_admin_users_api.py:195: AssertionError
---------------------------- Captured stderr call -----------------------------
INFO:root:RequisiþÒo: POST http://testserver/tools/login
WARNING:app.groups.routes:Tentativa de login invßlida para usußrio 'globaladmin'
INFO:root:Resposta: 401 para POST http://testserver/tools/login
INFO:httpx:HTTP Request: POST http://testserver/tools/login "HTTP/1.1 401 Unauthorized"
INFO:root:RequisiþÒo: POST http://testserver/tools/usuarios
INFO:app.auth:Auth: Validating JWT. Key used (first 10 chars): testsecret
INFO:app.auth:Auth: Received token for validation (first 20 chars): None...
INFO:app.auth:Auth: Using PyJWT version 2.8.0
WARNING:app.auth:Token invßlido
INFO:root:Resposta: 401 para POST http://testserver/tools/usuarios
INFO:httpx:HTTP Request: POST http://testserver/tools/usuarios "HTTP/1.1 401 Unauthorized"
------------------------------ Captured log call ------------------------------
INFO     root:main.py:34 RequisiþÒo: POST http://testserver/tools/login
WARNING  app.groups.routes:routes.py:70 Tentativa de login invßlida para usußrio 'globaladmin'
INFO     root:main.py:36 Resposta: 401 para POST http://testserver/tools/login
INFO     httpx:_client.py:1025 HTTP Request: POST http://testserver/tools/login "HTTP/1.1 401 Unauthorized"
INFO     root:main.py:34 RequisiþÒo: POST http://testserver/tools/usuarios
INFO     app.auth:auth.py:90 Auth: Validating JWT. Key used (first 10 chars): testsecret
INFO     app.auth:auth.py:91 Auth: Received token for validation (first 20 chars): None...
INFO     app.auth:auth.py:95 Auth: Using PyJWT version 2.8.0
WARNING  app.auth:auth.py:120 Token invßlido
INFO     root:main.py:36 Resposta: 401 para POST http://testserver/tools/usuarios
INFO     httpx:_client.py:1025 HTTP Request: POST http://testserver/tools/usuarios "HTTP/1.1 401 Unauthorized"
_____________________ test_create_user_non_existent_group _____________________

client = <starlette.testclient.TestClient object at 0x000001C654B2FBD0>
auth_token_for_user = <function auth_token_for_user.<locals>._get_token at 0x000001C654E69940>
manage_test_data_files = None

    def test_create_user_non_existent_group(client: TestClient, auth_token_for_user, manage_test_data_files):
        """
        Testa a criaþÒo de um usußrio com um grupo inicial que nÒo existe.
        """
        token = auth_token_for_user("globaladmin", "password_global")
        headers = {"Authorization": f"Bearer {token}"}
        new_user_data = {
            "username": "usuario_com_grupo_inexistente",
            "password": "password123",
            "papel": "user",
            "grupos": ["grupo_que_nao_existe_12345"]
        }
        response = client.post("/tools/usuarios", headers=headers, json=new_user_data)
>       assert response.status_code == 400 # Bad Request
E       assert 401 == 400
E        +  where 401 = <Response [401 Unauthorized]>.status_code

tests\integration\test_admin_users_api.py:210: AssertionError
---------------------------- Captured stderr call -----------------------------
INFO:root:RequisiþÒo: POST http://testserver/tools/login
WARNING:app.groups.routes:Tentativa de login invßlida para usußrio 'globaladmin'
INFO:root:Resposta: 401 para POST http://testserver/tools/login
INFO:httpx:HTTP Request: POST http://testserver/tools/login "HTTP/1.1 401 Unauthorized"
INFO:root:RequisiþÒo: POST http://testserver/tools/usuarios
INFO:app.auth:Auth: Validating JWT. Key used (first 10 chars): testsecret
INFO:app.auth:Auth: Received token for validation (first 20 chars): None...
INFO:app.auth:Auth: Using PyJWT version 2.8.0
WARNING:app.auth:Token invßlido
INFO:root:Resposta: 401 para POST http://testserver/tools/usuarios
INFO:httpx:HTTP Request: POST http://testserver/tools/usuarios "HTTP/1.1 401 Unauthorized"
------------------------------ Captured log call ------------------------------
INFO     root:main.py:34 RequisiþÒo: POST http://testserver/tools/login
WARNING  app.groups.routes:routes.py:70 Tentativa de login invßlida para usußrio 'globaladmin'
INFO     root:main.py:36 Resposta: 401 para POST http://testserver/tools/login
INFO     httpx:_client.py:1025 HTTP Request: POST http://testserver/tools/login "HTTP/1.1 401 Unauthorized"
INFO     root:main.py:34 RequisiþÒo: POST http://testserver/tools/usuarios
INFO     app.auth:auth.py:90 Auth: Validating JWT. Key used (first 10 chars): testsecret
INFO     app.auth:auth.py:91 Auth: Received token for validation (first 20 chars): None...
INFO     app.auth:auth.py:95 Auth: Using PyJWT version 2.8.0
WARNING  app.auth:auth.py:120 Token invßlido
INFO     root:main.py:36 Resposta: 401 para POST http://testserver/tools/usuarios
INFO     httpx:_client.py:1025 HTTP Request: POST http://testserver/tools/usuarios "HTTP/1.1 401 Unauthorized"
____________________ test_list_users_success_global_admin _____________________

client = <starlette.testclient.TestClient object at 0x000001C654B2FBD0>
auth_token_for_user = <function auth_token_for_user.<locals>._get_token at 0x000001C654DEF560>
manage_test_data_files = None

    def test_list_users_success_global_admin(client: TestClient, auth_token_for_user, manage_test_data_files):
        """
        Testa a listagem bem-sucedida de usußrios por um admin global.
        """
        token = auth_token_for_user("globaladmin", "password_global")
        headers = {"Authorization": f"Bearer {token}"}
        response = client.get("/tools/usuarios", headers=headers)
>       assert response.status_code == 200
E       assert 401 == 200
E        +  where 401 = <Response [401 Unauthorized]>.status_code

tests\integration\test_admin_users_api.py:223: AssertionError
---------------------------- Captured stderr call -----------------------------
INFO:root:RequisiþÒo: POST http://testserver/tools/login
WARNING:app.groups.routes:Tentativa de login invßlida para usußrio 'globaladmin'
INFO:root:Resposta: 401 para POST http://testserver/tools/login
INFO:httpx:HTTP Request: POST http://testserver/tools/login "HTTP/1.1 401 Unauthorized"
INFO:root:RequisiþÒo: GET http://testserver/tools/usuarios
INFO:app.auth:Auth: Validating JWT. Key used (first 10 chars): testsecret
INFO:app.auth:Auth: Received token for validation (first 20 chars): None...
INFO:app.auth:Auth: Using PyJWT version 2.8.0
WARNING:app.auth:Token invßlido
INFO:root:Resposta: 401 para GET http://testserver/tools/usuarios
INFO:httpx:HTTP Request: GET http://testserver/tools/usuarios "HTTP/1.1 401 Unauthorized"
------------------------------ Captured log call ------------------------------
INFO     root:main.py:34 RequisiþÒo: POST http://testserver/tools/login
WARNING  app.groups.routes:routes.py:70 Tentativa de login invßlida para usußrio 'globaladmin'
INFO     root:main.py:36 Resposta: 401 para POST http://testserver/tools/login
INFO     httpx:_client.py:1025 HTTP Request: POST http://testserver/tools/login "HTTP/1.1 401 Unauthorized"
INFO     root:main.py:34 RequisiþÒo: GET http://testserver/tools/usuarios
INFO     app.auth:auth.py:90 Auth: Validating JWT. Key used (first 10 chars): testsecret
INFO     app.auth:auth.py:91 Auth: Received token for validation (first 20 chars): None...
INFO     app.auth:auth.py:95 Auth: Using PyJWT version 2.8.0
WARNING  app.auth:auth.py:120 Token invßlido
INFO     root:main.py:36 Resposta: 401 para GET http://testserver/tools/usuarios
INFO     httpx:_client.py:1025 HTTP Request: GET http://testserver/tools/usuarios "HTTP/1.1 401 Unauthorized"
____________________ test_list_users_forbidden_group_admin ____________________

client = <starlette.testclient.TestClient object at 0x000001C654B2FBD0>
auth_token_for_user = <function auth_token_for_user.<locals>._get_token at 0x000001C654D211C0>
manage_test_data_files = None

    def test_list_users_forbidden_group_admin(client: TestClient, auth_token_for_user, manage_test_data_files):
        """
        Testa que um admin de grupo (nÒo global) nÒo pode listar todos os usußrios.
        """
        token = auth_token_for_user("admin_grupo_A", "password_admin_grupo_A")
        headers = {"Authorization": f"Bearer {token}"}
        response = client.get("/tools/usuarios", headers=headers)
>       assert response.status_code == 403 # Forbidden
E       assert 401 == 403
E        +  where 401 = <Response [401 Unauthorized]>.status_code

tests\integration\test_admin_users_api.py:248: AssertionError
---------------------------- Captured stderr call -----------------------------
INFO:root:RequisiþÒo: POST http://testserver/tools/login
WARNING:app.groups.routes:Tentativa de login invßlida para usußrio 'admin_grupo_A'
INFO:root:Resposta: 401 para POST http://testserver/tools/login
INFO:httpx:HTTP Request: POST http://testserver/tools/login "HTTP/1.1 401 Unauthorized"
INFO:root:RequisiþÒo: GET http://testserver/tools/usuarios
INFO:app.auth:Auth: Validating JWT. Key used (first 10 chars): testsecret
INFO:app.auth:Auth: Received token for validation (first 20 chars): None...
INFO:app.auth:Auth: Using PyJWT version 2.8.0
WARNING:app.auth:Token invßlido
INFO:root:Resposta: 401 para GET http://testserver/tools/usuarios
INFO:httpx:HTTP Request: GET http://testserver/tools/usuarios "HTTP/1.1 401 Unauthorized"
------------------------------ Captured log call ------------------------------
INFO     root:main.py:34 RequisiþÒo: POST http://testserver/tools/login
WARNING  app.groups.routes:routes.py:70 Tentativa de login invßlida para usußrio 'admin_grupo_A'
INFO     root:main.py:36 Resposta: 401 para POST http://testserver/tools/login
INFO     httpx:_client.py:1025 HTTP Request: POST http://testserver/tools/login "HTTP/1.1 401 Unauthorized"
INFO     root:main.py:34 RequisiþÒo: GET http://testserver/tools/usuarios
INFO     app.auth:auth.py:90 Auth: Validating JWT. Key used (first 10 chars): testsecret
INFO     app.auth:auth.py:91 Auth: Received token for validation (first 20 chars): None...
INFO     app.auth:auth.py:95 Auth: Using PyJWT version 2.8.0
WARNING  app.auth:auth.py:120 Token invßlido
INFO     root:main.py:36 Resposta: 401 para GET http://testserver/tools/usuarios
INFO     httpx:_client.py:1025 HTTP Request: GET http://testserver/tools/usuarios "HTTP/1.1 401 Unauthorized"
___________________ test_list_users_forbidden_regular_user ____________________

client = <starlette.testclient.TestClient object at 0x000001C654B2FBD0>
auth_token_for_user = <function auth_token_for_user.<locals>._get_token at 0x000001C654D20C20>
manage_test_data_files = None

    def test_list_users_forbidden_regular_user(client: TestClient, auth_token_for_user, manage_test_data_files):
        """
        Testa que um usußrio comum nÒo pode listar todos os usußrios.
        """
        token = auth_token_for_user("user_comum", "password_user")
        headers = {"Authorization": f"Bearer {token}"}
        response = client.get("/tools/usuarios", headers=headers)
>       assert response.status_code == 403 # Forbidden
E       assert 401 == 403
E        +  where 401 = <Response [401 Unauthorized]>.status_code

tests\integration\test_admin_users_api.py:257: AssertionError
---------------------------- Captured stderr call -----------------------------
INFO:root:RequisiþÒo: POST http://testserver/tools/login
WARNING:app.groups.routes:Tentativa de login invßlida para usußrio 'user_comum'
INFO:root:Resposta: 401 para POST http://testserver/tools/login
INFO:httpx:HTTP Request: POST http://testserver/tools/login "HTTP/1.1 401 Unauthorized"
INFO:root:RequisiþÒo: GET http://testserver/tools/usuarios
INFO:app.auth:Auth: Validating JWT. Key used (first 10 chars): testsecret
INFO:app.auth:Auth: Received token for validation (first 20 chars): None...
INFO:app.auth:Auth: Using PyJWT version 2.8.0
WARNING:app.auth:Token invßlido
INFO:root:Resposta: 401 para GET http://testserver/tools/usuarios
INFO:httpx:HTTP Request: GET http://testserver/tools/usuarios "HTTP/1.1 401 Unauthorized"
------------------------------ Captured log call ------------------------------
INFO     root:main.py:34 RequisiþÒo: POST http://testserver/tools/login
WARNING  app.groups.routes:routes.py:70 Tentativa de login invßlida para usußrio 'user_comum'
INFO     root:main.py:36 Resposta: 401 para POST http://testserver/tools/login
INFO     httpx:_client.py:1025 HTTP Request: POST http://testserver/tools/login "HTTP/1.1 401 Unauthorized"
INFO     root:main.py:34 RequisiþÒo: GET http://testserver/tools/usuarios
INFO     app.auth:auth.py:90 Auth: Validating JWT. Key used (first 10 chars): testsecret
INFO     app.auth:auth.py:91 Auth: Received token for validation (first 20 chars): None...
INFO     app.auth:auth.py:95 Auth: Using PyJWT version 2.8.0
WARNING  app.auth:auth.py:120 Token invßlido
INFO     root:main.py:36 Resposta: 401 para GET http://testserver/tools/usuarios
INFO     httpx:_client.py:1025 HTTP Request: GET http://testserver/tools/usuarios "HTTP/1.1 401 Unauthorized"
_______________________ test_list_users_unauthenticated _______________________

client = <starlette.testclient.TestClient object at 0x000001C654B2FBD0>
manage_test_data_files = None

    def test_list_users_unauthenticated(client: TestClient, manage_test_data_files):
        """
        Testa que um usußrio nÒo autenticado nÒo pode listar usußrios.
        """
        response = client.get("/tools/usuarios")
>       assert response.status_code == 401 # Unauthorized
E       assert 403 == 401
E        +  where 403 = <Response [403 Forbidden]>.status_code

tests\integration\test_admin_users_api.py:264: AssertionError
---------------------------- Captured stderr call -----------------------------
INFO:root:RequisiþÒo: GET http://testserver/tools/usuarios
INFO:root:Resposta: 403 para GET http://testserver/tools/usuarios
INFO:httpx:HTTP Request: GET http://testserver/tools/usuarios "HTTP/1.1 403 Forbidden"
------------------------------ Captured log call ------------------------------
INFO     root:main.py:34 RequisiþÒo: GET http://testserver/tools/usuarios
INFO     root:main.py:36 Resposta: 403 para GET http://testserver/tools/usuarios
INFO     httpx:_client.py:1025 HTTP Request: GET http://testserver/tools/usuarios "HTTP/1.1 403 Forbidden"
_________________ test_get_user_details_success_global_admin __________________

client = <starlette.testclient.TestClient object at 0x000001C654B2FBD0>
auth_token_for_user = <function auth_token_for_user.<locals>._get_token at 0x000001C654E837E0>
manage_test_data_files = None

    def test_get_user_details_success_global_admin(client: TestClient, auth_token_for_user, manage_test_data_files):
        """
        Testa a obtenþÒo bem-sucedida dos detalhes de um usußrio por um admin global.
        """
        token = auth_token_for_user("globaladmin", "password_global")
        headers = {"Authorization": f"Bearer {token}"}
        target_username = "user_comum" # Usußrio existente do master data
        response = client.get(f"/tools/usuarios/{target_username}", headers=headers)
>       assert response.status_code == 200
E       assert 401 == 200
E        +  where 401 = <Response [401 Unauthorized]>.status_code

tests\integration\test_admin_users_api.py:276: AssertionError
---------------------------- Captured stderr call -----------------------------
INFO:root:RequisiþÒo: POST http://testserver/tools/login
WARNING:app.groups.routes:Tentativa de login invßlida para usußrio 'globaladmin'
INFO:root:Resposta: 401 para POST http://testserver/tools/login
INFO:httpx:HTTP Request: POST http://testserver/tools/login "HTTP/1.1 401 Unauthorized"
INFO:root:RequisiþÒo: GET http://testserver/tools/usuarios/user_comum
INFO:app.auth:Auth: Validating JWT. Key used (first 10 chars): testsecret
INFO:app.auth:Auth: Received token for validation (first 20 chars): None...
INFO:app.auth:Auth: Using PyJWT version 2.8.0
WARNING:app.auth:Token invßlido
INFO:root:Resposta: 401 para GET http://testserver/tools/usuarios/user_comum
INFO:httpx:HTTP Request: GET http://testserver/tools/usuarios/user_comum "HTTP/1.1 401 Unauthorized"
------------------------------ Captured log call ------------------------------
INFO     root:main.py:34 RequisiþÒo: POST http://testserver/tools/login
WARNING  app.groups.routes:routes.py:70 Tentativa de login invßlida para usußrio 'globaladmin'
INFO     root:main.py:36 Resposta: 401 para POST http://testserver/tools/login
INFO     httpx:_client.py:1025 HTTP Request: POST http://testserver/tools/login "HTTP/1.1 401 Unauthorized"
INFO     root:main.py:34 RequisiþÒo: GET http://testserver/tools/usuarios/user_comum
INFO     app.auth:auth.py:90 Auth: Validating JWT. Key used (first 10 chars): testsecret
INFO     app.auth:auth.py:91 Auth: Received token for validation (first 20 chars): None...
INFO     app.auth:auth.py:95 Auth: Using PyJWT version 2.8.0
WARNING  app.auth:auth.py:120 Token invßlido
INFO     root:main.py:36 Resposta: 401 para GET http://testserver/tools/usuarios/user_comum
INFO     httpx:_client.py:1025 HTTP Request: GET http://testserver/tools/usuarios/user_comum "HTTP/1.1 401 Unauthorized"
_____________________ test_get_user_details_self_success ______________________

client = <starlette.testclient.TestClient object at 0x000001C654B2FBD0>
auth_token_for_user = <function auth_token_for_user.<locals>._get_token at 0x000001C654E82DE0>
manage_test_data_files = None

    def test_get_user_details_self_success(client: TestClient, auth_token_for_user, manage_test_data_files):
        """
        Testa se um usußrio pode obter seus pr¾prios detalhes.
        """
        target_username = "user_comum"
        token = auth_token_for_user(target_username, "password_user")
        headers = {"Authorization": f"Bearer {token}"}
        response = client.get(f"/tools/usuarios/{target_username}", headers=headers)
>       assert response.status_code == 200
E       assert 401 == 200
E        +  where 401 = <Response [401 Unauthorized]>.status_code

tests\integration\test_admin_users_api.py:299: AssertionError
---------------------------- Captured stderr call -----------------------------
INFO:root:RequisiþÒo: POST http://testserver/tools/login
WARNING:app.groups.routes:Tentativa de login invßlida para usußrio 'user_comum'
INFO:root:Resposta: 401 para POST http://testserver/tools/login
INFO:httpx:HTTP Request: POST http://testserver/tools/login "HTTP/1.1 401 Unauthorized"
INFO:root:RequisiþÒo: GET http://testserver/tools/usuarios/user_comum
INFO:app.auth:Auth: Validating JWT. Key used (first 10 chars): testsecret
INFO:app.auth:Auth: Received token for validation (first 20 chars): None...
INFO:app.auth:Auth: Using PyJWT version 2.8.0
WARNING:app.auth:Token invßlido
INFO:root:Resposta: 401 para GET http://testserver/tools/usuarios/user_comum
INFO:httpx:HTTP Request: GET http://testserver/tools/usuarios/user_comum "HTTP/1.1 401 Unauthorized"
------------------------------ Captured log call ------------------------------
INFO     root:main.py:34 RequisiþÒo: POST http://testserver/tools/login
WARNING  app.groups.routes:routes.py:70 Tentativa de login invßlida para usußrio 'user_comum'
INFO     root:main.py:36 Resposta: 401 para POST http://testserver/tools/login
INFO     httpx:_client.py:1025 HTTP Request: POST http://testserver/tools/login "HTTP/1.1 401 Unauthorized"
INFO     root:main.py:34 RequisiþÒo: GET http://testserver/tools/usuarios/user_comum
INFO     app.auth:auth.py:90 Auth: Validating JWT. Key used (first 10 chars): testsecret
INFO     app.auth:auth.py:91 Auth: Received token for validation (first 20 chars): None...
INFO     app.auth:auth.py:95 Auth: Using PyJWT version 2.8.0
WARNING  app.auth:auth.py:120 Token invßlido
INFO     root:main.py:36 Resposta: 401 para GET http://testserver/tools/usuarios/user_comum
INFO     httpx:_client.py:1025 HTTP Request: GET http://testserver/tools/usuarios/user_comum "HTTP/1.1 401 Unauthorized"
_________________ test_get_user_details_forbidden_other_user __________________

client = <starlette.testclient.TestClient object at 0x000001C654B2FBD0>
auth_token_for_user = <function auth_token_for_user.<locals>._get_token at 0x000001C654E69620>
manage_test_data_files = None

    def test_get_user_details_forbidden_other_user(client: TestClient, auth_token_for_user, manage_test_data_files):
        """
        Testa que um usußrio comum nÒo pode obter detalhes de outro usußrio.
        """
        token = auth_token_for_user("user_comum", "password_user") # user_comum tentando ver admin_grupo_A
        headers = {"Authorization": f"Bearer {token}"}
        target_username = "admin_grupo_A"
        response = client.get(f"/tools/usuarios/{target_username}", headers=headers)
>       assert response.status_code == 403 # Forbidden
E       assert 401 == 403
E        +  where 401 = <Response [401 Unauthorized]>.status_code

tests\integration\test_admin_users_api.py:311: AssertionError
---------------------------- Captured stderr call -----------------------------
INFO:root:RequisiþÒo: POST http://testserver/tools/login
WARNING:app.groups.routes:Tentativa de login invßlida para usußrio 'user_comum'
INFO:root:Resposta: 401 para POST http://testserver/tools/login
INFO:httpx:HTTP Request: POST http://testserver/tools/login "HTTP/1.1 401 Unauthorized"
INFO:root:RequisiþÒo: GET http://testserver/tools/usuarios/admin_grupo_A
INFO:app.auth:Auth: Validating JWT. Key used (first 10 chars): testsecret
INFO:app.auth:Auth: Received token for validation (first 20 chars): None...
INFO:app.auth:Auth: Using PyJWT version 2.8.0
WARNING:app.auth:Token invßlido
INFO:root:Resposta: 401 para GET http://testserver/tools/usuarios/admin_grupo_A
INFO:httpx:HTTP Request: GET http://testserver/tools/usuarios/admin_grupo_A "HTTP/1.1 401 Unauthorized"
------------------------------ Captured log call ------------------------------
INFO     root:main.py:34 RequisiþÒo: POST http://testserver/tools/login
WARNING  app.groups.routes:routes.py:70 Tentativa de login invßlida para usußrio 'user_comum'
INFO     root:main.py:36 Resposta: 401 para POST http://testserver/tools/login
INFO     httpx:_client.py:1025 HTTP Request: POST http://testserver/tools/login "HTTP/1.1 401 Unauthorized"
INFO     root:main.py:34 RequisiþÒo: GET http://testserver/tools/usuarios/admin_grupo_A
INFO     app.auth:auth.py:90 Auth: Validating JWT. Key used (first 10 chars): testsecret
INFO     app.auth:auth.py:91 Auth: Received token for validation (first 20 chars): None...
INFO     app.auth:auth.py:95 Auth: Using PyJWT version 2.8.0
WARNING  app.auth:auth.py:120 Token invßlido
INFO     root:main.py:36 Resposta: 401 para GET http://testserver/tools/usuarios/admin_grupo_A
INFO     httpx:_client.py:1025 HTTP Request: GET http://testserver/tools/usuarios/admin_grupo_A "HTTP/1.1 401 Unauthorized"
_______ test_get_user_details_forbidden_group_admin_for_unrelated_user ________

client = <starlette.testclient.TestClient object at 0x000001C654B2FBD0>
auth_token_for_user = <function auth_token_for_user.<locals>._get_token at 0x000001C654E6A160>
manage_test_data_files = None

    def test_get_user_details_forbidden_group_admin_for_unrelated_user(client: TestClient, auth_token_for_user, manage_test_data_files):
        """
        Testa que um admin de grupo nÒo pode obter detalhes de um usußrio nÒo relacionado ao seu grupo.
        """
        token = auth_token_for_user("admin_grupo_A", "password_admin_grupo_A") # admin_grupo_A
        headers = {"Authorization": f"Bearer {token}"}
        target_username = "user_sem_grupo" # user_sem_grupo nÒo estß no grupo_A
        response = client.get(f"/tools/usuarios/{target_username}", headers=headers)
>       assert response.status_code == 403 # Forbidden
E       assert 401 == 403
E        +  where 401 = <Response [401 Unauthorized]>.status_code

tests\integration\test_admin_users_api.py:321: AssertionError
---------------------------- Captured stderr call -----------------------------
INFO:root:RequisiþÒo: POST http://testserver/tools/login
WARNING:app.groups.routes:Tentativa de login invßlida para usußrio 'admin_grupo_A'
INFO:root:Resposta: 401 para POST http://testserver/tools/login
INFO:httpx:HTTP Request: POST http://testserver/tools/login "HTTP/1.1 401 Unauthorized"
INFO:root:RequisiþÒo: GET http://testserver/tools/usuarios/user_sem_grupo
INFO:app.auth:Auth: Validating JWT. Key used (first 10 chars): testsecret
INFO:app.auth:Auth: Received token for validation (first 20 chars): None...
INFO:app.auth:Auth: Using PyJWT version 2.8.0
WARNING:app.auth:Token invßlido
INFO:root:Resposta: 401 para GET http://testserver/tools/usuarios/user_sem_grupo
INFO:httpx:HTTP Request: GET http://testserver/tools/usuarios/user_sem_grupo "HTTP/1.1 401 Unauthorized"
------------------------------ Captured log call ------------------------------
INFO     root:main.py:34 RequisiþÒo: POST http://testserver/tools/login
WARNING  app.groups.routes:routes.py:70 Tentativa de login invßlida para usußrio 'admin_grupo_A'
INFO     root:main.py:36 Resposta: 401 para POST http://testserver/tools/login
INFO     httpx:_client.py:1025 HTTP Request: POST http://testserver/tools/login "HTTP/1.1 401 Unauthorized"
INFO     root:main.py:34 RequisiþÒo: GET http://testserver/tools/usuarios/user_sem_grupo
INFO     app.auth:auth.py:90 Auth: Validating JWT. Key used (first 10 chars): testsecret
INFO     app.auth:auth.py:91 Auth: Received token for validation (first 20 chars): None...
INFO     app.auth:auth.py:95 Auth: Using PyJWT version 2.8.0
WARNING  app.auth:auth.py:120 Token invßlido
INFO     root:main.py:36 Resposta: 401 para GET http://testserver/tools/usuarios/user_sem_grupo
INFO     httpx:_client.py:1025 HTTP Request: GET http://testserver/tools/usuarios/user_sem_grupo "HTTP/1.1 401 Unauthorized"
_______________________ test_get_user_details_not_found _______________________

client = <starlette.testclient.TestClient object at 0x000001C654B2FBD0>
auth_token_for_user = <function auth_token_for_user.<locals>._get_token at 0x000001C654E69300>
manage_test_data_files = None

    def test_get_user_details_not_found(client: TestClient, auth_token_for_user, manage_test_data_files):
        """
        Testa a tentativa de obter detalhes de um usußrio inexistente.
        """
        token = auth_token_for_user("globaladmin", "password_global")
        headers = {"Authorization": f"Bearer {token}"}
        target_username = "usuario_que_nao_existe_999"
        response = client.get(f"/tools/usuarios/{target_username}", headers=headers)
>       assert response.status_code == 404 # Not Found
E       assert 401 == 404
E        +  where 401 = <Response [401 Unauthorized]>.status_code

tests\integration\test_admin_users_api.py:331: AssertionError
---------------------------- Captured stderr call -----------------------------
INFO:root:RequisiþÒo: POST http://testserver/tools/login
WARNING:app.groups.routes:Tentativa de login invßlida para usußrio 'globaladmin'
INFO:root:Resposta: 401 para POST http://testserver/tools/login
INFO:httpx:HTTP Request: POST http://testserver/tools/login "HTTP/1.1 401 Unauthorized"
INFO:root:RequisiþÒo: GET http://testserver/tools/usuarios/usuario_que_nao_existe_999
INFO:app.auth:Auth: Validating JWT. Key used (first 10 chars): testsecret
INFO:app.auth:Auth: Received token for validation (first 20 chars): None...
INFO:app.auth:Auth: Using PyJWT version 2.8.0
WARNING:app.auth:Token invßlido
INFO:root:Resposta: 401 para GET http://testserver/tools/usuarios/usuario_que_nao_existe_999
INFO:httpx:HTTP Request: GET http://testserver/tools/usuarios/usuario_que_nao_existe_999 "HTTP/1.1 401 Unauthorized"
------------------------------ Captured log call ------------------------------
INFO     root:main.py:34 RequisiþÒo: POST http://testserver/tools/login
WARNING  app.groups.routes:routes.py:70 Tentativa de login invßlida para usußrio 'globaladmin'
INFO     root:main.py:36 Resposta: 401 para POST http://testserver/tools/login
INFO     httpx:_client.py:1025 HTTP Request: POST http://testserver/tools/login "HTTP/1.1 401 Unauthorized"
INFO     root:main.py:34 RequisiþÒo: GET http://testserver/tools/usuarios/usuario_que_nao_existe_999
INFO     app.auth:auth.py:90 Auth: Validating JWT. Key used (first 10 chars): testsecret
INFO     app.auth:auth.py:91 Auth: Received token for validation (first 20 chars): None...
INFO     app.auth:auth.py:95 Auth: Using PyJWT version 2.8.0
WARNING  app.auth:auth.py:120 Token invßlido
INFO     root:main.py:36 Resposta: 401 para GET http://testserver/tools/usuarios/usuario_que_nao_existe_999
INFO     httpx:_client.py:1025 HTTP Request: GET http://testserver/tools/usuarios/usuario_que_nao_existe_999 "HTTP/1.1 401 Unauthorized"
____________________ test_get_user_details_unauthenticated ____________________

client = <starlette.testclient.TestClient object at 0x000001C654B2FBD0>
manage_test_data_files = None

    def test_get_user_details_unauthenticated(client: TestClient, manage_test_data_files):
        """
        Testa que um usußrio nÒo autenticado nÒo pode obter detalhes de um usußrio.
        """
        target_username = "user_comum"
        response = client.get(f"/tools/usuarios/{target_username}")
>       assert response.status_code == 401 # Unauthorized
E       assert 403 == 401
E        +  where 403 = <Response [403 Forbidden]>.status_code

tests\integration\test_admin_users_api.py:340: AssertionError
---------------------------- Captured stderr call -----------------------------
INFO:root:RequisiþÒo: GET http://testserver/tools/usuarios/user_comum
INFO:root:Resposta: 403 para GET http://testserver/tools/usuarios/user_comum
INFO:httpx:HTTP Request: GET http://testserver/tools/usuarios/user_comum "HTTP/1.1 403 Forbidden"
------------------------------ Captured log call ------------------------------
INFO     root:main.py:34 RequisiþÒo: GET http://testserver/tools/usuarios/user_comum
INFO     root:main.py:36 Resposta: 403 para GET http://testserver/tools/usuarios/user_comum
INFO     httpx:_client.py:1025 HTTP Request: GET http://testserver/tools/usuarios/user_comum "HTTP/1.1 403 Forbidden"
_________________ test_update_user_role_success_global_admin __________________

client = <starlette.testclient.TestClient object at 0x000001C654B2FBD0>
auth_token_for_user = <function auth_token_for_user.<locals>._get_token at 0x000001C654E691C0>
manage_test_data_files = None

    def test_update_user_role_success_global_admin(client: TestClient, auth_token_for_user, manage_test_data_files):
        """GA atualiza o papel de um usußrio (user -> admin de grupo_A)."""
        token = auth_token_for_user("globaladmin", "password_global")
        headers = {"Authorization": f"Bearer {token}"}
        target_username = "user_comum" # Existe no master data com papel "user"
    
        update_data = {"papel": "admin"} # Tenta mudar para admin sem especificar admin_de_grupos explicitamente
                                        # A l¾gica do endpoint deve lidar com isso,
                                        # mas admin_de_grupos Ú mais gerenciado via /grupos endpoints.
                                        # Para este endpoint, mudar papel para 'admin' sem grupos em admin_de_grupos Ú vßlido.
    
        response = client.put(f"/tools/usuarios/{target_username}", headers=headers, json=update_data)
>       assert response.status_code == 200
E       assert 401 == 200
E        +  where 401 = <Response [401 Unauthorized]>.status_code

tests\integration\test_admin_users_api.py:356: AssertionError
---------------------------- Captured stderr call -----------------------------
INFO:root:RequisiþÒo: POST http://testserver/tools/login
WARNING:app.groups.routes:Tentativa de login invßlida para usußrio 'globaladmin'
INFO:root:Resposta: 401 para POST http://testserver/tools/login
INFO:httpx:HTTP Request: POST http://testserver/tools/login "HTTP/1.1 401 Unauthorized"
INFO:root:RequisiþÒo: PUT http://testserver/tools/usuarios/user_comum
INFO:app.auth:Auth: Validating JWT. Key used (first 10 chars): testsecret
INFO:app.auth:Auth: Received token for validation (first 20 chars): None...
INFO:app.auth:Auth: Using PyJWT version 2.8.0
WARNING:app.auth:Token invßlido
INFO:root:Resposta: 401 para PUT http://testserver/tools/usuarios/user_comum
INFO:httpx:HTTP Request: PUT http://testserver/tools/usuarios/user_comum "HTTP/1.1 401 Unauthorized"
------------------------------ Captured log call ------------------------------
INFO     root:main.py:34 RequisiþÒo: POST http://testserver/tools/login
WARNING  app.groups.routes:routes.py:70 Tentativa de login invßlida para usußrio 'globaladmin'
INFO     root:main.py:36 Resposta: 401 para POST http://testserver/tools/login
INFO     httpx:_client.py:1025 HTTP Request: POST http://testserver/tools/login "HTTP/1.1 401 Unauthorized"
INFO     root:main.py:34 RequisiþÒo: PUT http://testserver/tools/usuarios/user_comum
INFO     app.auth:auth.py:90 Auth: Validating JWT. Key used (first 10 chars): testsecret
INFO     app.auth:auth.py:91 Auth: Received token for validation (first 20 chars): None...
INFO     app.auth:auth.py:95 Auth: Using PyJWT version 2.8.0
WARNING  app.auth:auth.py:120 Token invßlido
INFO     root:main.py:36 Resposta: 401 para PUT http://testserver/tools/usuarios/user_comum
INFO     httpx:_client.py:1025 HTTP Request: PUT http://testserver/tools/usuarios/user_comum "HTTP/1.1 401 Unauthorized"
________________ test_update_user_groups_success_global_admin _________________

client = <starlette.testclient.TestClient object at 0x000001C654B2FBD0>
auth_token_for_user = <function auth_token_for_user.<locals>._get_token at 0x000001C654E6A2A0>
manage_test_data_files = None

    def test_update_user_groups_success_global_admin(client: TestClient, auth_token_for_user, manage_test_data_files):
        """GA atualiza os grupos de um usußrio."""
        token = auth_token_for_user("globaladmin", "password_global")
        headers = {"Authorization": f"Bearer {token}"}
        target_username = "user_sem_grupo" # Existe no master data sem grupos
    
        # Garante que grupo_A e grupo_B existem
        rbac_data_initial = load_rbac_data()
        if "grupo_A" not in rbac_data_initial["grupos"]:
            rbac_data_initial["grupos"]["grupo_A"] = {"description": "Test Group A", "admins": [], "members": [], "tools": []}
        if "grupo_B" not in rbac_data_initial["grupos"]:
            rbac_data_initial["grupos"]["grupo_B"] = {"description": "Test Group B", "admins": [], "members": [], "tools": []}
        save_rbac_data(rbac_data_initial)
    
        update_data = {"grupos": ["grupo_A", "grupo_B"]}
        response = client.put(f"/tools/usuarios/{target_username}", headers=headers, json=update_data)
>       assert response.status_code == 200
E       assert 401 == 200
E        +  where 401 = <Response [401 Unauthorized]>.status_code

tests\integration\test_admin_users_api.py:381: AssertionError
---------------------------- Captured stderr call -----------------------------
INFO:root:RequisiþÒo: POST http://testserver/tools/login
WARNING:app.groups.routes:Tentativa de login invßlida para usußrio 'globaladmin'
INFO:root:Resposta: 401 para POST http://testserver/tools/login
INFO:httpx:HTTP Request: POST http://testserver/tools/login "HTTP/1.1 401 Unauthorized"
INFO:root:RequisiþÒo: PUT http://testserver/tools/usuarios/user_sem_grupo
INFO:app.auth:Auth: Validating JWT. Key used (first 10 chars): testsecret
INFO:app.auth:Auth: Received token for validation (first 20 chars): None...
INFO:app.auth:Auth: Using PyJWT version 2.8.0
WARNING:app.auth:Token invßlido
INFO:root:Resposta: 401 para PUT http://testserver/tools/usuarios/user_sem_grupo
INFO:httpx:HTTP Request: PUT http://testserver/tools/usuarios/user_sem_grupo "HTTP/1.1 401 Unauthorized"
------------------------------ Captured log call ------------------------------
INFO     root:main.py:34 RequisiþÒo: POST http://testserver/tools/login
WARNING  app.groups.routes:routes.py:70 Tentativa de login invßlida para usußrio 'globaladmin'
INFO     root:main.py:36 Resposta: 401 para POST http://testserver/tools/login
INFO     httpx:_client.py:1025 HTTP Request: POST http://testserver/tools/login "HTTP/1.1 401 Unauthorized"
INFO     root:main.py:34 RequisiþÒo: PUT http://testserver/tools/usuarios/user_sem_grupo
INFO     app.auth:auth.py:90 Auth: Validating JWT. Key used (first 10 chars): testsecret
INFO     app.auth:auth.py:91 Auth: Received token for validation (first 20 chars): None...
INFO     app.auth:auth.py:95 Auth: Using PyJWT version 2.8.0
WARNING  app.auth:auth.py:120 Token invßlido
INFO     root:main.py:36 Resposta: 401 para PUT http://testserver/tools/usuarios/user_sem_grupo
INFO     httpx:_client.py:1025 HTTP Request: PUT http://testserver/tools/usuarios/user_sem_grupo "HTTP/1.1 401 Unauthorized"
____________ test_update_user_role_and_groups_success_global_admin ____________

client = <starlette.testclient.TestClient object at 0x000001C654B2FBD0>
auth_token_for_user = <function auth_token_for_user.<locals>._get_token at 0x000001C654E69EE0>
manage_test_data_files = None

    def test_update_user_role_and_groups_success_global_admin(client: TestClient, auth_token_for_user, manage_test_data_files):
        """GA atualiza o papel e os grupos de um usußrio."""
        token = auth_token_for_user("globaladmin", "password_global")
        headers = {"Authorization": f"Bearer {token}"}
        target_username = "user_comum" # Papel "user", grupos ["grupo_A"] no master
    
        rbac_data_initial = load_rbac_data()
        if "grupo_B" not in rbac_data_initial["grupos"]:
            rbac_data_initial["grupos"]["grupo_B"] = {"description": "Test Group B", "admins": [], "members": [], "tools": []}
            save_rbac_data(rbac_data_initial)
    
        update_data = {"papel": "admin", "grupos": ["grupo_B"]}
        response = client.put(f"/tools/usuarios/{target_username}", headers=headers, json=update_data)
>       assert response.status_code == 200
E       assert 401 == 200
E        +  where 401 = <Response [401 Unauthorized]>.status_code

tests\integration\test_admin_users_api.py:421: AssertionError
---------------------------- Captured stderr call -----------------------------
INFO:root:RequisiþÒo: POST http://testserver/tools/login
WARNING:app.groups.routes:Tentativa de login invßlida para usußrio 'globaladmin'
INFO:root:Resposta: 401 para POST http://testserver/tools/login
INFO:httpx:HTTP Request: POST http://testserver/tools/login "HTTP/1.1 401 Unauthorized"
INFO:root:RequisiþÒo: PUT http://testserver/tools/usuarios/user_comum
INFO:app.auth:Auth: Validating JWT. Key used (first 10 chars): testsecret
INFO:app.auth:Auth: Received token for validation (first 20 chars): None...
INFO:app.auth:Auth: Using PyJWT version 2.8.0
WARNING:app.auth:Token invßlido
INFO:root:Resposta: 401 para PUT http://testserver/tools/usuarios/user_comum
INFO:httpx:HTTP Request: PUT http://testserver/tools/usuarios/user_comum "HTTP/1.1 401 Unauthorized"
------------------------------ Captured log call ------------------------------
INFO     root:main.py:34 RequisiþÒo: POST http://testserver/tools/login
WARNING  app.groups.routes:routes.py:70 Tentativa de login invßlida para usußrio 'globaladmin'
INFO     root:main.py:36 Resposta: 401 para POST http://testserver/tools/login
INFO     httpx:_client.py:1025 HTTP Request: POST http://testserver/tools/login "HTTP/1.1 401 Unauthorized"
INFO     root:main.py:34 RequisiþÒo: PUT http://testserver/tools/usuarios/user_comum
INFO     app.auth:auth.py:90 Auth: Validating JWT. Key used (first 10 chars): testsecret
INFO     app.auth:auth.py:91 Auth: Received token for validation (first 20 chars): None...
INFO     app.auth:auth.py:95 Auth: Using PyJWT version 2.8.0
WARNING  app.auth:auth.py:120 Token invßlido
INFO     root:main.py:36 Resposta: 401 para PUT http://testserver/tools/usuarios/user_comum
INFO     httpx:_client.py:1025 HTTP Request: PUT http://testserver/tools/usuarios/user_comum "HTTP/1.1 401 Unauthorized"
__________________ test_update_user_to_global_admin_success ___________________

client = <starlette.testclient.TestClient object at 0x000001C654B2FBD0>
auth_token_for_user = <function auth_token_for_user.<locals>._get_token at 0x000001C654E81C60>
manage_test_data_files = None

    def test_update_user_to_global_admin_success(client: TestClient, auth_token_for_user, manage_test_data_files):
        """GA promove um usußrio para global_admin."""
        token = auth_token_for_user("globaladmin", "password_global")
        headers = {"Authorization": f"Bearer {token}"}
        target_username = "user_comum"
    
        update_data = {"papel": "global_admin"}
        response = client.put(f"/tools/usuarios/{target_username}", headers=headers, json=update_data)
>       assert response.status_code == 200
E       assert 401 == 200
E        +  where 401 = <Response [401 Unauthorized]>.status_code

tests\integration\test_admin_users_api.py:440: AssertionError
---------------------------- Captured stderr call -----------------------------
INFO:root:RequisiþÒo: POST http://testserver/tools/login
WARNING:app.groups.routes:Tentativa de login invßlida para usußrio 'globaladmin'
INFO:root:Resposta: 401 para POST http://testserver/tools/login
INFO:httpx:HTTP Request: POST http://testserver/tools/login "HTTP/1.1 401 Unauthorized"
INFO:root:RequisiþÒo: PUT http://testserver/tools/usuarios/user_comum
INFO:app.auth:Auth: Validating JWT. Key used (first 10 chars): testsecret
INFO:app.auth:Auth: Received token for validation (first 20 chars): None...
INFO:app.auth:Auth: Using PyJWT version 2.8.0
WARNING:app.auth:Token invßlido
INFO:root:Resposta: 401 para PUT http://testserver/tools/usuarios/user_comum
INFO:httpx:HTTP Request: PUT http://testserver/tools/usuarios/user_comum "HTTP/1.1 401 Unauthorized"
------------------------------ Captured log call ------------------------------
INFO     root:main.py:34 RequisiþÒo: POST http://testserver/tools/login
WARNING  app.groups.routes:routes.py:70 Tentativa de login invßlida para usußrio 'globaladmin'
INFO     root:main.py:36 Resposta: 401 para POST http://testserver/tools/login
INFO     httpx:_client.py:1025 HTTP Request: POST http://testserver/tools/login "HTTP/1.1 401 Unauthorized"
INFO     root:main.py:34 RequisiþÒo: PUT http://testserver/tools/usuarios/user_comum
INFO     app.auth:auth.py:90 Auth: Validating JWT. Key used (first 10 chars): testsecret
INFO     app.auth:auth.py:91 Auth: Received token for validation (first 20 chars): None...
INFO     app.auth:auth.py:95 Auth: Using PyJWT version 2.8.0
WARNING  app.auth:auth.py:120 Token invßlido
INFO     root:main.py:36 Resposta: 401 para PUT http://testserver/tools/usuarios/user_comum
INFO     httpx:_client.py:1025 HTTP Request: PUT http://testserver/tools/usuarios/user_comum "HTTP/1.1 401 Unauthorized"
___________ test_update_user_clear_admin_privileges_on_role_change ____________

client = <starlette.testclient.TestClient object at 0x000001C654B2FBD0>
auth_token_for_user = <function auth_token_for_user.<locals>._get_token at 0x000001C654E68900>
manage_test_data_files = None

    def test_update_user_clear_admin_privileges_on_role_change(client: TestClient, auth_token_for_user, manage_test_data_files):
        """GA muda o papel de um admin de grupo para 'user', limpando admin_de_grupos."""
        token = auth_token_for_user("globaladmin", "password_global")
        headers = {"Authorization": f"Bearer {token}"}
        target_username = "admin_grupo_A" # Master: papel "admin", admin_de_grupos ["grupo_A"]
    
        update_data = {"papel": "user"}
        response = client.put(f"/tools/usuarios/{target_username}", headers=headers, json=update_data)
>       assert response.status_code == 200
E       assert 401 == 200
E        +  where 401 = <Response [401 Unauthorized]>.status_code

tests\integration\test_admin_users_api.py:455: AssertionError
---------------------------- Captured stderr call -----------------------------
INFO:root:RequisiþÒo: POST http://testserver/tools/login
WARNING:app.groups.routes:Tentativa de login invßlida para usußrio 'globaladmin'
INFO:root:Resposta: 401 para POST http://testserver/tools/login
INFO:httpx:HTTP Request: POST http://testserver/tools/login "HTTP/1.1 401 Unauthorized"
INFO:root:RequisiþÒo: PUT http://testserver/tools/usuarios/admin_grupo_A
INFO:app.auth:Auth: Validating JWT. Key used (first 10 chars): testsecret
INFO:app.auth:Auth: Received token for validation (first 20 chars): None...
INFO:app.auth:Auth: Using PyJWT version 2.8.0
WARNING:app.auth:Token invßlido
INFO:root:Resposta: 401 para PUT http://testserver/tools/usuarios/admin_grupo_A
INFO:httpx:HTTP Request: PUT http://testserver/tools/usuarios/admin_grupo_A "HTTP/1.1 401 Unauthorized"
------------------------------ Captured log call ------------------------------
INFO     root:main.py:34 RequisiþÒo: POST http://testserver/tools/login
WARNING  app.groups.routes:routes.py:70 Tentativa de login invßlida para usußrio 'globaladmin'
INFO     root:main.py:36 Resposta: 401 para POST http://testserver/tools/login
INFO     httpx:_client.py:1025 HTTP Request: POST http://testserver/tools/login "HTTP/1.1 401 Unauthorized"
INFO     root:main.py:34 RequisiþÒo: PUT http://testserver/tools/usuarios/admin_grupo_A
INFO     app.auth:auth.py:90 Auth: Validating JWT. Key used (first 10 chars): testsecret
INFO     app.auth:auth.py:91 Auth: Received token for validation (first 20 chars): None...
INFO     app.auth:auth.py:95 Auth: Using PyJWT version 2.8.0
WARNING  app.auth:auth.py:120 Token invßlido
INFO     root:main.py:36 Resposta: 401 para PUT http://testserver/tools/usuarios/admin_grupo_A
INFO     httpx:_client.py:1025 HTTP Request: PUT http://testserver/tools/usuarios/admin_grupo_A "HTTP/1.1 401 Unauthorized"
_________________ test_update_user_remove_all_groups_success __________________

client = <starlette.testclient.TestClient object at 0x000001C654B2FBD0>
auth_token_for_user = <function auth_token_for_user.<locals>._get_token at 0x000001C654DEEF20>
manage_test_data_files = None

    def test_update_user_remove_all_groups_success(client: TestClient, auth_token_for_user, manage_test_data_files):
        """GA remove todos os grupos de um usußrio que pertence a grupos."""
        token = auth_token_for_user("globaladmin", "password_global")
        headers = {"Authorization": f"Bearer {token}"}
        target_username = "user_comum" # Pertence a ["grupo_A"] no master data
    
        update_data = {"grupos": []}
        response = client.put(f"/tools/usuarios/{target_username}", headers=headers, json=update_data)
>       assert response.status_code == 200
E       assert 401 == 200
E        +  where 401 = <Response [401 Unauthorized]>.status_code

tests\integration\test_admin_users_api.py:473: AssertionError
---------------------------- Captured stderr call -----------------------------
INFO:root:RequisiþÒo: POST http://testserver/tools/login
WARNING:app.groups.routes:Tentativa de login invßlida para usußrio 'globaladmin'
INFO:root:Resposta: 401 para POST http://testserver/tools/login
INFO:httpx:HTTP Request: POST http://testserver/tools/login "HTTP/1.1 401 Unauthorized"
INFO:root:RequisiþÒo: PUT http://testserver/tools/usuarios/user_comum
INFO:app.auth:Auth: Validating JWT. Key used (first 10 chars): testsecret
INFO:app.auth:Auth: Received token for validation (first 20 chars): None...
INFO:app.auth:Auth: Using PyJWT version 2.8.0
WARNING:app.auth:Token invßlido
INFO:root:Resposta: 401 para PUT http://testserver/tools/usuarios/user_comum
INFO:httpx:HTTP Request: PUT http://testserver/tools/usuarios/user_comum "HTTP/1.1 401 Unauthorized"
------------------------------ Captured log call ------------------------------
INFO     root:main.py:34 RequisiþÒo: POST http://testserver/tools/login
WARNING  app.groups.routes:routes.py:70 Tentativa de login invßlida para usußrio 'globaladmin'
INFO     root:main.py:36 Resposta: 401 para POST http://testserver/tools/login
INFO     httpx:_client.py:1025 HTTP Request: POST http://testserver/tools/login "HTTP/1.1 401 Unauthorized"
INFO     root:main.py:34 RequisiþÒo: PUT http://testserver/tools/usuarios/user_comum
INFO     app.auth:auth.py:90 Auth: Validating JWT. Key used (first 10 chars): testsecret
INFO     app.auth:auth.py:91 Auth: Received token for validation (first 20 chars): None...
INFO     app.auth:auth.py:95 Auth: Using PyJWT version 2.8.0
WARNING  app.auth:auth.py:120 Token invßlido
INFO     root:main.py:36 Resposta: 401 para PUT http://testserver/tools/usuarios/user_comum
INFO     httpx:_client.py:1025 HTTP Request: PUT http://testserver/tools/usuarios/user_comum "HTTP/1.1 401 Unauthorized"
_________________________ test_update_user_not_found __________________________

client = <starlette.testclient.TestClient object at 0x000001C654B2FBD0>
auth_token_for_user = <function auth_token_for_user.<locals>._get_token at 0x000001C654D6F560>
manage_test_data_files = None

    def test_update_user_not_found(client: TestClient, auth_token_for_user, manage_test_data_files):
        """GA tenta atualizar um usußrio inexistente."""
        token = auth_token_for_user("globaladmin", "password_global")
        headers = {"Authorization": f"Bearer {token}"}
        update_data = {"papel": "user"}
        response = client.put("/tools/usuarios/usuario_fantasma123", headers=headers, json=update_data)
>       assert response.status_code == 404
E       assert 401 == 404
E        +  where 401 = <Response [401 Unauthorized]>.status_code

tests\integration\test_admin_users_api.py:487: AssertionError
---------------------------- Captured stderr call -----------------------------
INFO:root:RequisiþÒo: POST http://testserver/tools/login
WARNING:app.groups.routes:Tentativa de login invßlida para usußrio 'globaladmin'
INFO:root:Resposta: 401 para POST http://testserver/tools/login
INFO:httpx:HTTP Request: POST http://testserver/tools/login "HTTP/1.1 401 Unauthorized"
INFO:root:RequisiþÒo: PUT http://testserver/tools/usuarios/usuario_fantasma123
INFO:app.auth:Auth: Validating JWT. Key used (first 10 chars): testsecret
INFO:app.auth:Auth: Received token for validation (first 20 chars): None...
INFO:app.auth:Auth: Using PyJWT version 2.8.0
WARNING:app.auth:Token invßlido
INFO:root:Resposta: 401 para PUT http://testserver/tools/usuarios/usuario_fantasma123
INFO:httpx:HTTP Request: PUT http://testserver/tools/usuarios/usuario_fantasma123 "HTTP/1.1 401 Unauthorized"
------------------------------ Captured log call ------------------------------
INFO     root:main.py:34 RequisiþÒo: POST http://testserver/tools/login
WARNING  app.groups.routes:routes.py:70 Tentativa de login invßlida para usußrio 'globaladmin'
INFO     root:main.py:36 Resposta: 401 para POST http://testserver/tools/login
INFO     httpx:_client.py:1025 HTTP Request: POST http://testserver/tools/login "HTTP/1.1 401 Unauthorized"
INFO     root:main.py:34 RequisiþÒo: PUT http://testserver/tools/usuarios/usuario_fantasma123
INFO     app.auth:auth.py:90 Auth: Validating JWT. Key used (first 10 chars): testsecret
INFO     app.auth:auth.py:91 Auth: Received token for validation (first 20 chars): None...
INFO     app.auth:auth.py:95 Auth: Using PyJWT version 2.8.0
WARNING  app.auth:auth.py:120 Token invßlido
INFO     root:main.py:36 Resposta: 401 para PUT http://testserver/tools/usuarios/usuario_fantasma123
INFO     httpx:_client.py:1025 HTTP Request: PUT http://testserver/tools/usuarios/usuario_fantasma123 "HTTP/1.1 401 Unauthorized"
_____________________ test_update_user_invalid_role_value _____________________

client = <starlette.testclient.TestClient object at 0x000001C654B2FBD0>
auth_token_for_user = <function auth_token_for_user.<locals>._get_token at 0x000001C654E6A840>
manage_test_data_files = None

    def test_update_user_invalid_role_value(client: TestClient, auth_token_for_user, manage_test_data_files):
        """GA tenta definir um valor de papel invßlido."""
        token = auth_token_for_user("globaladmin", "password_global")
        headers = {"Authorization": f"Bearer {token}"}
        target_username = "user_comum"
        update_data = {"papel": "role_que_nao_existe"}
        response = client.put(f"/tools/usuarios/{target_username}", headers=headers, json=update_data)
>       assert response.status_code == 422 # Erro de validaþÒo Pydantic
E       assert 401 == 422
E        +  where 401 = <Response [401 Unauthorized]>.status_code

tests\integration\test_admin_users_api.py:497: AssertionError
---------------------------- Captured stderr call -----------------------------
INFO:root:RequisiþÒo: POST http://testserver/tools/login
WARNING:app.groups.routes:Tentativa de login invßlida para usußrio 'globaladmin'
INFO:root:Resposta: 401 para POST http://testserver/tools/login
INFO:httpx:HTTP Request: POST http://testserver/tools/login "HTTP/1.1 401 Unauthorized"
INFO:root:RequisiþÒo: PUT http://testserver/tools/usuarios/user_comum
INFO:app.auth:Auth: Validating JWT. Key used (first 10 chars): testsecret
INFO:app.auth:Auth: Received token for validation (first 20 chars): None...
INFO:app.auth:Auth: Using PyJWT version 2.8.0
WARNING:app.auth:Token invßlido
INFO:root:Resposta: 401 para PUT http://testserver/tools/usuarios/user_comum
INFO:httpx:HTTP Request: PUT http://testserver/tools/usuarios/user_comum "HTTP/1.1 401 Unauthorized"
------------------------------ Captured log call ------------------------------
INFO     root:main.py:34 RequisiþÒo: POST http://testserver/tools/login
WARNING  app.groups.routes:routes.py:70 Tentativa de login invßlida para usußrio 'globaladmin'
INFO     root:main.py:36 Resposta: 401 para POST http://testserver/tools/login
INFO     httpx:_client.py:1025 HTTP Request: POST http://testserver/tools/login "HTTP/1.1 401 Unauthorized"
INFO     root:main.py:34 RequisiþÒo: PUT http://testserver/tools/usuarios/user_comum
INFO     app.auth:auth.py:90 Auth: Validating JWT. Key used (first 10 chars): testsecret
INFO     app.auth:auth.py:91 Auth: Received token for validation (first 20 chars): None...
INFO     app.auth:auth.py:95 Auth: Using PyJWT version 2.8.0
WARNING  app.auth:auth.py:120 Token invßlido
INFO     root:main.py:36 Resposta: 401 para PUT http://testserver/tools/usuarios/user_comum
INFO     httpx:_client.py:1025 HTTP Request: PUT http://testserver/tools/usuarios/user_comum "HTTP/1.1 401 Unauthorized"
_____________________ test_update_user_non_existent_group _____________________

client = <starlette.testclient.TestClient object at 0x000001C654B2FBD0>
auth_token_for_user = <function auth_token_for_user.<locals>._get_token at 0x000001C654E69E40>
manage_test_data_files = None

    def test_update_user_non_existent_group(client: TestClient, auth_token_for_user, manage_test_data_files):
        """GA tenta adicionar um usußrio a um grupo inexistente."""
        token = auth_token_for_user("globaladmin", "password_global")
        headers = {"Authorization": f"Bearer {token}"}
        target_username = "user_comum"
        update_data = {"grupos": ["grupo_A", "grupo_fantasma123"]}
        response = client.put(f"/tools/usuarios/{target_username}", headers=headers, json=update_data)
>       assert response.status_code == 400 # Bad Request (validaþÒo customizada no endpoint)
E       assert 401 == 400
E        +  where 401 = <Response [401 Unauthorized]>.status_code

tests\integration\test_admin_users_api.py:506: AssertionError
---------------------------- Captured stderr call -----------------------------
INFO:root:RequisiþÒo: POST http://testserver/tools/login
WARNING:app.groups.routes:Tentativa de login invßlida para usußrio 'globaladmin'
INFO:root:Resposta: 401 para POST http://testserver/tools/login
INFO:httpx:HTTP Request: POST http://testserver/tools/login "HTTP/1.1 401 Unauthorized"
INFO:root:RequisiþÒo: PUT http://testserver/tools/usuarios/user_comum
INFO:app.auth:Auth: Validating JWT. Key used (first 10 chars): testsecret
INFO:app.auth:Auth: Received token for validation (first 20 chars): None...
INFO:app.auth:Auth: Using PyJWT version 2.8.0
WARNING:app.auth:Token invßlido
INFO:root:Resposta: 401 para PUT http://testserver/tools/usuarios/user_comum
INFO:httpx:HTTP Request: PUT http://testserver/tools/usuarios/user_comum "HTTP/1.1 401 Unauthorized"
------------------------------ Captured log call ------------------------------
INFO     root:main.py:34 RequisiþÒo: POST http://testserver/tools/login
WARNING  app.groups.routes:routes.py:70 Tentativa de login invßlida para usußrio 'globaladmin'
INFO     root:main.py:36 Resposta: 401 para POST http://testserver/tools/login
INFO     httpx:_client.py:1025 HTTP Request: POST http://testserver/tools/login "HTTP/1.1 401 Unauthorized"
INFO     root:main.py:34 RequisiþÒo: PUT http://testserver/tools/usuarios/user_comum
INFO     app.auth:auth.py:90 Auth: Validating JWT. Key used (first 10 chars): testsecret
INFO     app.auth:auth.py:91 Auth: Received token for validation (first 20 chars): None...
INFO     app.auth:auth.py:95 Auth: Using PyJWT version 2.8.0
WARNING  app.auth:auth.py:120 Token invßlido
INFO     root:main.py:36 Resposta: 401 para PUT http://testserver/tools/usuarios/user_comum
INFO     httpx:_client.py:1025 HTTP Request: PUT http://testserver/tools/usuarios/user_comum "HTTP/1.1 401 Unauthorized"
__________________ test_update_user_empty_payload_no_change ___________________

client = <starlette.testclient.TestClient object at 0x000001C654B2FBD0>
auth_token_for_user = <function auth_token_for_user.<locals>._get_token at 0x000001C654E6A0C0>
manage_test_data_files = None

    def test_update_user_empty_payload_no_change(client: TestClient, auth_token_for_user, manage_test_data_files):
        """GA envia um payload de atualizaþÒo vazio; nenhum dado deve mudar."""
        token = auth_token_for_user("globaladmin", "password_global")
        headers = {"Authorization": f"Bearer {token}"}
        target_username = "user_comum"
    
        # Carrega estado inicial para comparaþÒo
        rbac_before = load_rbac_data()
>       user_before = rbac_before["usuarios"][target_username].copy()
E       KeyError: 'user_comum'

tests\integration\test_admin_users_api.py:518: KeyError
---------------------------- Captured stderr call -----------------------------
INFO:root:RequisiþÒo: POST http://testserver/tools/login
WARNING:app.groups.routes:Tentativa de login invßlida para usußrio 'globaladmin'
INFO:root:Resposta: 401 para POST http://testserver/tools/login
INFO:httpx:HTTP Request: POST http://testserver/tools/login "HTTP/1.1 401 Unauthorized"
------------------------------ Captured log call ------------------------------
INFO     root:main.py:34 RequisiþÒo: POST http://testserver/tools/login
WARNING  app.groups.routes:routes.py:70 Tentativa de login invßlida para usußrio 'globaladmin'
INFO     root:main.py:36 Resposta: 401 para POST http://testserver/tools/login
INFO     httpx:_client.py:1025 HTTP Request: POST http://testserver/tools/login "HTTP/1.1 401 Unauthorized"
___________________ test_update_user_forbidden_regular_user ___________________

client = <starlette.testclient.TestClient object at 0x000001C654B2FBD0>
auth_token_for_user = <function auth_token_for_user.<locals>._get_token at 0x000001C654E6A340>
manage_test_data_files = None

    def test_update_user_forbidden_regular_user(client: TestClient, auth_token_for_user, manage_test_data_files):
        """Usußrio regular nÒo pode atualizar outros usußrios."""
        token = auth_token_for_user("user_comum", "password_user")
        headers = {"Authorization": f"Bearer {token}"}
        target_username = "admin_grupo_A"
        update_data = {"papel": "user"}
        response = client.put(f"/tools/usuarios/{target_username}", headers=headers, json=update_data)
>       assert response.status_code == 403
E       assert 401 == 403
E        +  where 401 = <Response [401 Unauthorized]>.status_code

tests\integration\test_admin_users_api.py:541: AssertionError
---------------------------- Captured stderr call -----------------------------
INFO:root:RequisiþÒo: POST http://testserver/tools/login
WARNING:app.groups.routes:Tentativa de login invßlida para usußrio 'user_comum'
INFO:root:Resposta: 401 para POST http://testserver/tools/login
INFO:httpx:HTTP Request: POST http://testserver/tools/login "HTTP/1.1 401 Unauthorized"
INFO:root:RequisiþÒo: PUT http://testserver/tools/usuarios/admin_grupo_A
INFO:app.auth:Auth: Validating JWT. Key used (first 10 chars): testsecret
INFO:app.auth:Auth: Received token for validation (first 20 chars): None...
INFO:app.auth:Auth: Using PyJWT version 2.8.0
WARNING:app.auth:Token invßlido
INFO:root:Resposta: 401 para PUT http://testserver/tools/usuarios/admin_grupo_A
INFO:httpx:HTTP Request: PUT http://testserver/tools/usuarios/admin_grupo_A "HTTP/1.1 401 Unauthorized"
------------------------------ Captured log call ------------------------------
INFO     root:main.py:34 RequisiþÒo: POST http://testserver/tools/login
WARNING  app.groups.routes:routes.py:70 Tentativa de login invßlida para usußrio 'user_comum'
INFO     root:main.py:36 Resposta: 401 para POST http://testserver/tools/login
INFO     httpx:_client.py:1025 HTTP Request: POST http://testserver/tools/login "HTTP/1.1 401 Unauthorized"
INFO     root:main.py:34 RequisiþÒo: PUT http://testserver/tools/usuarios/admin_grupo_A
INFO     app.auth:auth.py:90 Auth: Validating JWT. Key used (first 10 chars): testsecret
INFO     app.auth:auth.py:91 Auth: Received token for validation (first 20 chars): None...
INFO     app.auth:auth.py:95 Auth: Using PyJWT version 2.8.0
WARNING  app.auth:auth.py:120 Token invßlido
INFO     root:main.py:36 Resposta: 401 para PUT http://testserver/tools/usuarios/admin_grupo_A
INFO     httpx:_client.py:1025 HTTP Request: PUT http://testserver/tools/usuarios/admin_grupo_A "HTTP/1.1 401 Unauthorized"
________________ test_update_user_forbidden_self_regular_user _________________

client = <starlette.testclient.TestClient object at 0x000001C654B2FBD0>
auth_token_for_user = <function auth_token_for_user.<locals>._get_token at 0x000001C654E6B880>
manage_test_data_files = None

    def test_update_user_forbidden_self_regular_user(client: TestClient, auth_token_for_user, manage_test_data_files):
        """Usußrio regular nÒo pode atualizar seu pr¾prio papel ou grupos por este endpoint."""
        target_username = "user_comum"
        token = auth_token_for_user(target_username, "password_user")
        headers = {"Authorization": f"Bearer {token}"}
        update_data = {"papel": "admin"} # Tentando se auto-promover
        response = client.put(f"/tools/usuarios/{target_username}", headers=headers, json=update_data)
>       assert response.status_code == 403 # Global admin only endpoint
E       assert 401 == 403
E        +  where 401 = <Response [401 Unauthorized]>.status_code

tests\integration\test_admin_users_api.py:550: AssertionError
---------------------------- Captured stderr call -----------------------------
INFO:root:RequisiþÒo: POST http://testserver/tools/login
WARNING:app.groups.routes:Tentativa de login invßlida para usußrio 'user_comum'
INFO:root:Resposta: 401 para POST http://testserver/tools/login
INFO:httpx:HTTP Request: POST http://testserver/tools/login "HTTP/1.1 401 Unauthorized"
INFO:root:RequisiþÒo: PUT http://testserver/tools/usuarios/user_comum
INFO:app.auth:Auth: Validating JWT. Key used (first 10 chars): testsecret
INFO:app.auth:Auth: Received token for validation (first 20 chars): None...
INFO:app.auth:Auth: Using PyJWT version 2.8.0
WARNING:app.auth:Token invßlido
INFO:root:Resposta: 401 para PUT http://testserver/tools/usuarios/user_comum
INFO:httpx:HTTP Request: PUT http://testserver/tools/usuarios/user_comum "HTTP/1.1 401 Unauthorized"
------------------------------ Captured log call ------------------------------
INFO     root:main.py:34 RequisiþÒo: POST http://testserver/tools/login
WARNING  app.groups.routes:routes.py:70 Tentativa de login invßlida para usußrio 'user_comum'
INFO     root:main.py:36 Resposta: 401 para POST http://testserver/tools/login
INFO     httpx:_client.py:1025 HTTP Request: POST http://testserver/tools/login "HTTP/1.1 401 Unauthorized"
INFO     root:main.py:34 RequisiþÒo: PUT http://testserver/tools/usuarios/user_comum
INFO     app.auth:auth.py:90 Auth: Validating JWT. Key used (first 10 chars): testsecret
INFO     app.auth:auth.py:91 Auth: Received token for validation (first 20 chars): None...
INFO     app.auth:auth.py:95 Auth: Using PyJWT version 2.8.0
WARNING  app.auth:auth.py:120 Token invßlido
INFO     root:main.py:36 Resposta: 401 para PUT http://testserver/tools/usuarios/user_comum
INFO     httpx:_client.py:1025 HTTP Request: PUT http://testserver/tools/usuarios/user_comum "HTTP/1.1 401 Unauthorized"
______________________ test_update_user_unauthenticated _______________________

client = <starlette.testclient.TestClient object at 0x000001C654B2FBD0>
manage_test_data_files = None

    def test_update_user_unauthenticated(client: TestClient, manage_test_data_files):
        """Tentativa nÒo autenticada de atualizar usußrio."""
        target_username = "user_comum"
        update_data = {"papel": "user"}
        response = client.put(f"/tools/usuarios/{target_username}", json=update_data)
>       assert response.status_code == 401
E       assert 403 == 401
E        +  where 403 = <Response [403 Forbidden]>.status_code

tests\integration\test_admin_users_api.py:557: AssertionError
---------------------------- Captured stderr call -----------------------------
INFO:root:RequisiþÒo: PUT http://testserver/tools/usuarios/user_comum
INFO:root:Resposta: 403 para PUT http://testserver/tools/usuarios/user_comum
INFO:httpx:HTTP Request: PUT http://testserver/tools/usuarios/user_comum "HTTP/1.1 403 Forbidden"
------------------------------ Captured log call ------------------------------
INFO     root:main.py:34 RequisiþÒo: PUT http://testserver/tools/usuarios/user_comum
INFO     root:main.py:36 Resposta: 403 para PUT http://testserver/tools/usuarios/user_comum
INFO     httpx:_client.py:1025 HTTP Request: PUT http://testserver/tools/usuarios/user_comum "HTTP/1.1 403 Forbidden"
____________________ test_delete_user_success_global_admin ____________________

client = <starlette.testclient.TestClient object at 0x000001C654B2FBD0>
auth_token_for_user = <function auth_token_for_user.<locals>._get_token at 0x000001C654E6A480>
manage_test_data_files = None

    def test_delete_user_success_global_admin(client: TestClient, auth_token_for_user, manage_test_data_files):
        """GA remove um usußrio com sucesso."""
        token = auth_token_for_user("globaladmin", "password_global")
        headers = {"Authorization": f"Bearer {token}"}
    
        # Cria um usußrio para deletar para nÒo afetar os usußrios base dos testes
        rbac_data = load_rbac_data()
        user_to_delete = "usuario_para_deletar"
        if user_to_delete not in rbac_data["usuarios"]:
            rbac_data["usuarios"][user_to_delete] = {
                "hashed_password": "some_hash",
                "papel": "user",
                "grupos": ["grupo_A"],
                "admin_de_grupos": []
            }
            # Adiciona ao grupo_A tambÚm
            if "grupo_A" in rbac_data["grupos"] and user_to_delete not in rbac_data["grupos"]["grupo_A"]["members"]:
                 rbac_data["grupos"]["grupo_A"]["members"].append(user_to_delete)
            save_rbac_data(rbac_data)
    
        response = client.delete(f"/tools/usuarios/{user_to_delete}", headers=headers)
>       assert response.status_code == 200
E       assert 401 == 200
E        +  where 401 = <Response [401 Unauthorized]>.status_code

tests\integration\test_admin_users_api.py:582: AssertionError
---------------------------- Captured stderr call -----------------------------
INFO:root:RequisiþÒo: POST http://testserver/tools/login
WARNING:app.groups.routes:Tentativa de login invßlida para usußrio 'globaladmin'
INFO:root:Resposta: 401 para POST http://testserver/tools/login
INFO:httpx:HTTP Request: POST http://testserver/tools/login "HTTP/1.1 401 Unauthorized"
INFO:root:RequisiþÒo: DELETE http://testserver/tools/usuarios/usuario_para_deletar
INFO:app.auth:Auth: Validating JWT. Key used (first 10 chars): testsecret
INFO:app.auth:Auth: Received token for validation (first 20 chars): None...
INFO:app.auth:Auth: Using PyJWT version 2.8.0
WARNING:app.auth:Token invßlido
INFO:root:Resposta: 401 para DELETE http://testserver/tools/usuarios/usuario_para_deletar
INFO:httpx:HTTP Request: DELETE http://testserver/tools/usuarios/usuario_para_deletar "HTTP/1.1 401 Unauthorized"
------------------------------ Captured log call ------------------------------
INFO     root:main.py:34 RequisiþÒo: POST http://testserver/tools/login
WARNING  app.groups.routes:routes.py:70 Tentativa de login invßlida para usußrio 'globaladmin'
INFO     root:main.py:36 Resposta: 401 para POST http://testserver/tools/login
INFO     httpx:_client.py:1025 HTTP Request: POST http://testserver/tools/login "HTTP/1.1 401 Unauthorized"
INFO     root:main.py:34 RequisiþÒo: DELETE http://testserver/tools/usuarios/usuario_para_deletar
INFO     app.auth:auth.py:90 Auth: Validating JWT. Key used (first 10 chars): testsecret
INFO     app.auth:auth.py:91 Auth: Received token for validation (first 20 chars): None...
INFO     app.auth:auth.py:95 Auth: Using PyJWT version 2.8.0
WARNING  app.auth:auth.py:120 Token invßlido
INFO     root:main.py:36 Resposta: 401 para DELETE http://testserver/tools/usuarios/usuario_para_deletar
INFO     httpx:_client.py:1025 HTTP Request: DELETE http://testserver/tools/usuarios/usuario_para_deletar "HTTP/1.1 401 Unauthorized"
____________ test_delete_admin_user_removes_from_group_admin_list _____________

client = <starlette.testclient.TestClient object at 0x000001C654B2FBD0>
auth_token_for_user = <function auth_token_for_user.<locals>._get_token at 0x000001C654E6A160>
manage_test_data_files = None

    def test_delete_admin_user_removes_from_group_admin_list(client: TestClient, auth_token_for_user, manage_test_data_files):
        """GA remove um usußrio que Ú admin de um grupo, verificando se Ú removido da lista de admins do grupo."""
        token = auth_token_for_user("globaladmin", "password_global")
        headers = {"Authorization": f"Bearer {token}"}
    
        # Cria um usußrio admin de grupo para deletar
        rbac_data = load_rbac_data()
        admin_user_to_delete = "admin_temp_para_deletar"
        group_he_admins = "grupo_X_temp"
    
        if group_he_admins not in rbac_data["grupos"]:
            rbac_data["grupos"][group_he_admins] = {"description": "Temp group", "admins": [], "members": [], "tools": []}
    
        rbac_data["usuarios"][admin_user_to_delete] = {
            "hashed_password": "some_hash",
            "papel": "admin",
            "grupos": [],
            "admin_de_grupos": [group_he_admins]
        }
        rbac_data["grupos"][group_he_admins]["admins"].append(admin_user_to_delete)
        save_rbac_data(rbac_data)
    
        response = client.delete(f"/tools/usuarios/{admin_user_to_delete}", headers=headers)
>       assert response.status_code == 200
E       assert 401 == 200
E        +  where 401 = <Response [401 Unauthorized]>.status_code

tests\integration\test_admin_users_api.py:614: AssertionError
---------------------------- Captured stderr call -----------------------------
INFO:root:RequisiþÒo: POST http://testserver/tools/login
WARNING:app.groups.routes:Tentativa de login invßlida para usußrio 'globaladmin'
INFO:root:Resposta: 401 para POST http://testserver/tools/login
INFO:httpx:HTTP Request: POST http://testserver/tools/login "HTTP/1.1 401 Unauthorized"
INFO:root:RequisiþÒo: DELETE http://testserver/tools/usuarios/admin_temp_para_deletar
INFO:app.auth:Auth: Validating JWT. Key used (first 10 chars): testsecret
INFO:app.auth:Auth: Received token for validation (first 20 chars): None...
INFO:app.auth:Auth: Using PyJWT version 2.8.0
WARNING:app.auth:Token invßlido
INFO:root:Resposta: 401 para DELETE http://testserver/tools/usuarios/admin_temp_para_deletar
INFO:httpx:HTTP Request: DELETE http://testserver/tools/usuarios/admin_temp_para_deletar "HTTP/1.1 401 Unauthorized"
------------------------------ Captured log call ------------------------------
INFO     root:main.py:34 RequisiþÒo: POST http://testserver/tools/login
WARNING  app.groups.routes:routes.py:70 Tentativa de login invßlida para usußrio 'globaladmin'
INFO     root:main.py:36 Resposta: 401 para POST http://testserver/tools/login
INFO     httpx:_client.py:1025 HTTP Request: POST http://testserver/tools/login "HTTP/1.1 401 Unauthorized"
INFO     root:main.py:34 RequisiþÒo: DELETE http://testserver/tools/usuarios/admin_temp_para_deletar
INFO     app.auth:auth.py:90 Auth: Validating JWT. Key used (first 10 chars): testsecret
INFO     app.auth:auth.py:91 Auth: Received token for validation (first 20 chars): None...
INFO     app.auth:auth.py:95 Auth: Using PyJWT version 2.8.0
WARNING  app.auth:auth.py:120 Token invßlido
INFO     root:main.py:36 Resposta: 401 para DELETE http://testserver/tools/usuarios/admin_temp_para_deletar
INFO     httpx:_client.py:1025 HTTP Request: DELETE http://testserver/tools/usuarios/admin_temp_para_deletar "HTTP/1.1 401 Unauthorized"
_________________________ test_delete_user_not_found __________________________

client = <starlette.testclient.TestClient object at 0x000001C654B2FBD0>
auth_token_for_user = <function auth_token_for_user.<locals>._get_token at 0x000001C654E6B4C0>
manage_test_data_files = None

    def test_delete_user_not_found(client: TestClient, auth_token_for_user, manage_test_data_files):
        """GA tenta remover um usußrio inexistente."""
        token = auth_token_for_user("globaladmin", "password_global")
        headers = {"Authorization": f"Bearer {token}"}
        response = client.delete("/tools/usuarios/usuario_fantasma_para_deletar", headers=headers)
>       assert response.status_code == 404
E       assert 401 == 404
E        +  where 401 = <Response [401 Unauthorized]>.status_code

tests\integration\test_admin_users_api.py:625: AssertionError
---------------------------- Captured stderr call -----------------------------
INFO:root:RequisiþÒo: POST http://testserver/tools/login
WARNING:app.groups.routes:Tentativa de login invßlida para usußrio 'globaladmin'
INFO:root:Resposta: 401 para POST http://testserver/tools/login
INFO:httpx:HTTP Request: POST http://testserver/tools/login "HTTP/1.1 401 Unauthorized"
INFO:root:RequisiþÒo: DELETE http://testserver/tools/usuarios/usuario_fantasma_para_deletar
INFO:app.auth:Auth: Validating JWT. Key used (first 10 chars): testsecret
INFO:app.auth:Auth: Received token for validation (first 20 chars): None...
INFO:app.auth:Auth: Using PyJWT version 2.8.0
WARNING:app.auth:Token invßlido
INFO:root:Resposta: 401 para DELETE http://testserver/tools/usuarios/usuario_fantasma_para_deletar
INFO:httpx:HTTP Request: DELETE http://testserver/tools/usuarios/usuario_fantasma_para_deletar "HTTP/1.1 401 Unauthorized"
------------------------------ Captured log call ------------------------------
INFO     root:main.py:34 RequisiþÒo: POST http://testserver/tools/login
WARNING  app.groups.routes:routes.py:70 Tentativa de login invßlida para usußrio 'globaladmin'
INFO     root:main.py:36 Resposta: 401 para POST http://testserver/tools/login
INFO     httpx:_client.py:1025 HTTP Request: POST http://testserver/tools/login "HTTP/1.1 401 Unauthorized"
INFO     root:main.py:34 RequisiþÒo: DELETE http://testserver/tools/usuarios/usuario_fantasma_para_deletar
INFO     app.auth:auth.py:90 Auth: Validating JWT. Key used (first 10 chars): testsecret
INFO     app.auth:auth.py:91 Auth: Received token for validation (first 20 chars): None...
INFO     app.auth:auth.py:95 Auth: Using PyJWT version 2.8.0
WARNING  app.auth:auth.py:120 Token invßlido
INFO     root:main.py:36 Resposta: 401 para DELETE http://testserver/tools/usuarios/usuario_fantasma_para_deletar
INFO     httpx:_client.py:1025 HTTP Request: DELETE http://testserver/tools/usuarios/usuario_fantasma_para_deletar "HTTP/1.1 401 Unauthorized"
___________________ test_delete_self_global_admin_forbidden ___________________

client = <starlette.testclient.TestClient object at 0x000001C654B2FBD0>
auth_token_for_user = <function auth_token_for_user.<locals>._get_token at 0x000001C654D211C0>
manage_test_data_files = None

    def test_delete_self_global_admin_forbidden(client: TestClient, auth_token_for_user, manage_test_data_files):
        """GA tenta se auto-remover (deve ser proibido)."""
        token = auth_token_for_user("globaladmin", "password_global")
        headers = {"Authorization": f"Bearer {token}"}
        response = client.delete("/tools/usuarios/globaladmin", headers=headers)
>       assert response.status_code == 400 # Ou 403, dependendo da implementaþÒo especÝfica
E       assert 401 == 400
E        +  where 401 = <Response [401 Unauthorized]>.status_code

tests\integration\test_admin_users_api.py:633: AssertionError
---------------------------- Captured stderr call -----------------------------
INFO:root:RequisiþÒo: POST http://testserver/tools/login
WARNING:app.groups.routes:Tentativa de login invßlida para usußrio 'globaladmin'
INFO:root:Resposta: 401 para POST http://testserver/tools/login
INFO:httpx:HTTP Request: POST http://testserver/tools/login "HTTP/1.1 401 Unauthorized"
INFO:root:RequisiþÒo: DELETE http://testserver/tools/usuarios/globaladmin
INFO:app.auth:Auth: Validating JWT. Key used (first 10 chars): testsecret
INFO:app.auth:Auth: Received token for validation (first 20 chars): None...
INFO:app.auth:Auth: Using PyJWT version 2.8.0
WARNING:app.auth:Token invßlido
INFO:root:Resposta: 401 para DELETE http://testserver/tools/usuarios/globaladmin
INFO:httpx:HTTP Request: DELETE http://testserver/tools/usuarios/globaladmin "HTTP/1.1 401 Unauthorized"
------------------------------ Captured log call ------------------------------
INFO     root:main.py:34 RequisiþÒo: POST http://testserver/tools/login
WARNING  app.groups.routes:routes.py:70 Tentativa de login invßlida para usußrio 'globaladmin'
INFO     root:main.py:36 Resposta: 401 para POST http://testserver/tools/login
INFO     httpx:_client.py:1025 HTTP Request: POST http://testserver/tools/login "HTTP/1.1 401 Unauthorized"
INFO     root:main.py:34 RequisiþÒo: DELETE http://testserver/tools/usuarios/globaladmin
INFO     app.auth:auth.py:90 Auth: Validating JWT. Key used (first 10 chars): testsecret
INFO     app.auth:auth.py:91 Auth: Received token for validation (first 20 chars): None...
INFO     app.auth:auth.py:95 Auth: Using PyJWT version 2.8.0
WARNING  app.auth:auth.py:120 Token invßlido
INFO     root:main.py:36 Resposta: 401 para DELETE http://testserver/tools/usuarios/globaladmin
INFO     httpx:_client.py:1025 HTTP Request: DELETE http://testserver/tools/usuarios/globaladmin "HTTP/1.1 401 Unauthorized"
___________________ test_delete_user_forbidden_regular_user ___________________

client = <starlette.testclient.TestClient object at 0x000001C654B2FBD0>
auth_token_for_user = <function auth_token_for_user.<locals>._get_token at 0x000001C654E6AAC0>
manage_test_data_files = None

    def test_delete_user_forbidden_regular_user(client: TestClient, auth_token_for_user, manage_test_data_files):
        """Usußrio regular tenta remover outro usußrio."""
        token = auth_token_for_user("user_comum", "password_user")
        headers = {"Authorization": f"Bearer {token}"}
        target_username = "user_sem_grupo" # Outro usußrio existente
        response = client.delete(f"/tools/usuarios/{target_username}", headers=headers)
>       assert response.status_code == 403
E       assert 401 == 403
E        +  where 401 = <Response [401 Unauthorized]>.status_code

tests\integration\test_admin_users_api.py:642: AssertionError
---------------------------- Captured stderr call -----------------------------
INFO:root:RequisiþÒo: POST http://testserver/tools/login
WARNING:app.groups.routes:Tentativa de login invßlida para usußrio 'user_comum'
INFO:root:Resposta: 401 para POST http://testserver/tools/login
INFO:httpx:HTTP Request: POST http://testserver/tools/login "HTTP/1.1 401 Unauthorized"
INFO:root:RequisiþÒo: DELETE http://testserver/tools/usuarios/user_sem_grupo
INFO:app.auth:Auth: Validating JWT. Key used (first 10 chars): testsecret
INFO:app.auth:Auth: Received token for validation (first 20 chars): None...
INFO:app.auth:Auth: Using PyJWT version 2.8.0
WARNING:app.auth:Token invßlido
INFO:root:Resposta: 401 para DELETE http://testserver/tools/usuarios/user_sem_grupo
INFO:httpx:HTTP Request: DELETE http://testserver/tools/usuarios/user_sem_grupo "HTTP/1.1 401 Unauthorized"
------------------------------ Captured log call ------------------------------
INFO     root:main.py:34 RequisiþÒo: POST http://testserver/tools/login
WARNING  app.groups.routes:routes.py:70 Tentativa de login invßlida para usußrio 'user_comum'
INFO     root:main.py:36 Resposta: 401 para POST http://testserver/tools/login
INFO     httpx:_client.py:1025 HTTP Request: POST http://testserver/tools/login "HTTP/1.1 401 Unauthorized"
INFO     root:main.py:34 RequisiþÒo: DELETE http://testserver/tools/usuarios/user_sem_grupo
INFO     app.auth:auth.py:90 Auth: Validating JWT. Key used (first 10 chars): testsecret
INFO     app.auth:auth.py:91 Auth: Received token for validation (first 20 chars): None...
INFO     app.auth:auth.py:95 Auth: Using PyJWT version 2.8.0
WARNING  app.auth:auth.py:120 Token invßlido
INFO     root:main.py:36 Resposta: 401 para DELETE http://testserver/tools/usuarios/user_sem_grupo
INFO     httpx:_client.py:1025 HTTP Request: DELETE http://testserver/tools/usuarios/user_sem_grupo "HTTP/1.1 401 Unauthorized"
___________________ test_delete_user_forbidden_group_admin ____________________

client = <starlette.testclient.TestClient object at 0x000001C654B2FBD0>
auth_token_for_user = <function auth_token_for_user.<locals>._get_token at 0x000001C654E68AE0>
manage_test_data_files = None

    def test_delete_user_forbidden_group_admin(client: TestClient, auth_token_for_user, manage_test_data_files):
        """Admin de grupo tenta remover outro usußrio."""
        token = auth_token_for_user("admin_grupo_A", "password_admin_grupo_A")
        headers = {"Authorization": f"Bearer {token}"}
        target_username = "user_comum"
        response = client.delete(f"/tools/usuarios/{target_username}", headers=headers)
>       assert response.status_code == 403
E       assert 401 == 403
E        +  where 401 = <Response [401 Unauthorized]>.status_code

tests\integration\test_admin_users_api.py:650: AssertionError
---------------------------- Captured stderr call -----------------------------
INFO:root:RequisiþÒo: POST http://testserver/tools/login
WARNING:app.groups.routes:Tentativa de login invßlida para usußrio 'admin_grupo_A'
INFO:root:Resposta: 401 para POST http://testserver/tools/login
INFO:httpx:HTTP Request: POST http://testserver/tools/login "HTTP/1.1 401 Unauthorized"
INFO:root:RequisiþÒo: DELETE http://testserver/tools/usuarios/user_comum
INFO:app.auth:Auth: Validating JWT. Key used (first 10 chars): testsecret
INFO:app.auth:Auth: Received token for validation (first 20 chars): None...
INFO:app.auth:Auth: Using PyJWT version 2.8.0
WARNING:app.auth:Token invßlido
INFO:root:Resposta: 401 para DELETE http://testserver/tools/usuarios/user_comum
INFO:httpx:HTTP Request: DELETE http://testserver/tools/usuarios/user_comum "HTTP/1.1 401 Unauthorized"
------------------------------ Captured log call ------------------------------
INFO     root:main.py:34 RequisiþÒo: POST http://testserver/tools/login
WARNING  app.groups.routes:routes.py:70 Tentativa de login invßlida para usußrio 'admin_grupo_A'
INFO     root:main.py:36 Resposta: 401 para POST http://testserver/tools/login
INFO     httpx:_client.py:1025 HTTP Request: POST http://testserver/tools/login "HTTP/1.1 401 Unauthorized"
INFO     root:main.py:34 RequisiþÒo: DELETE http://testserver/tools/usuarios/user_comum
INFO     app.auth:auth.py:90 Auth: Validating JWT. Key used (first 10 chars): testsecret
INFO     app.auth:auth.py:91 Auth: Received token for validation (first 20 chars): None...
INFO     app.auth:auth.py:95 Auth: Using PyJWT version 2.8.0
WARNING  app.auth:auth.py:120 Token invßlido
INFO     root:main.py:36 Resposta: 401 para DELETE http://testserver/tools/usuarios/user_comum
INFO     httpx:_client.py:1025 HTTP Request: DELETE http://testserver/tools/usuarios/user_comum "HTTP/1.1 401 Unauthorized"
______________________ test_delete_user_unauthenticated _______________________

client = <starlette.testclient.TestClient object at 0x000001C654B2FBD0>
manage_test_data_files = None

    def test_delete_user_unauthenticated(client: TestClient, manage_test_data_files):
        """Tentativa nÒo autenticada de remover usußrio."""
        target_username = "user_comum"
        response = client.delete(f"/tools/usuarios/{target_username}")
>       assert response.status_code == 401
E       assert 403 == 401
E        +  where 403 = <Response [403 Forbidden]>.status_code

tests\integration\test_admin_users_api.py:656: AssertionError
---------------------------- Captured stderr call -----------------------------
INFO:root:RequisiþÒo: DELETE http://testserver/tools/usuarios/user_comum
INFO:root:Resposta: 403 para DELETE http://testserver/tools/usuarios/user_comum
INFO:httpx:HTTP Request: DELETE http://testserver/tools/usuarios/user_comum "HTTP/1.1 403 Forbidden"
------------------------------ Captured log call ------------------------------
INFO     root:main.py:34 RequisiþÒo: DELETE http://testserver/tools/usuarios/user_comum
INFO     root:main.py:36 Resposta: 403 para DELETE http://testserver/tools/usuarios/user_comum
INFO     httpx:_client.py:1025 HTTP Request: DELETE http://testserver/tools/usuarios/user_comum "HTTP/1.1 403 Forbidden"
_____________________ test_login_success_hashed_password ______________________

client = <starlette.testclient.TestClient object at 0x000001C654BFE890>

    def test_login_success_hashed_password(client: TestClient):
        # 'testuser1' has a hashed password 'password123' in test_rbac_master.json
        response = client.post("/tools/login", json={"username": "testuser1", "password": "password123"})
>       assert response.status_code == 200
E       assert 401 == 200
E        +  where 401 = <Response [401 Unauthorized]>.status_code

tests\integration\test_auth_api.py:15: AssertionError
---------------------------- Captured stderr call -----------------------------
INFO:root:RequisiþÒo: POST http://testserver/tools/login
WARNING:app.groups.routes:Tentativa de login invßlida para usußrio 'testuser1'
INFO:root:Resposta: 401 para POST http://testserver/tools/login
INFO:httpx:HTTP Request: POST http://testserver/tools/login "HTTP/1.1 401 Unauthorized"
------------------------------ Captured log call ------------------------------
INFO     root:main.py:34 RequisiþÒo: POST http://testserver/tools/login
WARNING  app.groups.routes:routes.py:70 Tentativa de login invßlida para usußrio 'testuser1'
INFO     root:main.py:36 Resposta: 401 para POST http://testserver/tools/login
INFO     httpx:_client.py:1025 HTTP Request: POST http://testserver/tools/login "HTTP/1.1 401 Unauthorized"
__________________ test_login_success_plain_password_legacy ___________________

client = <starlette.testclient.TestClient object at 0x000001C654BFE890>

    def test_login_success_plain_password_legacy(client: TestClient):
        # 'plainuser' has a plain text password 'plainpassword'
        response = client.post("/tools/login", json={"username": "plainuser", "password": "plainpassword"})
>       assert response.status_code == 200
E       assert 401 == 200
E        +  where 401 = <Response [401 Unauthorized]>.status_code

tests\integration\test_auth_api.py:23: AssertionError
---------------------------- Captured stderr call -----------------------------
INFO:root:RequisiþÒo: POST http://testserver/tools/login
WARNING:app.groups.routes:Tentativa de login invßlida para usußrio 'plainuser'
INFO:root:Resposta: 401 para POST http://testserver/tools/login
INFO:httpx:HTTP Request: POST http://testserver/tools/login "HTTP/1.1 401 Unauthorized"
------------------------------ Captured log call ------------------------------
INFO     root:main.py:34 RequisiþÒo: POST http://testserver/tools/login
WARNING  app.groups.routes:routes.py:70 Tentativa de login invßlida para usußrio 'plainuser'
INFO     root:main.py:36 Resposta: 401 para POST http://testserver/tools/login
INFO     httpx:_client.py:1025 HTTP Request: POST http://testserver/tools/login "HTTP/1.1 401 Unauthorized"
_________________________ test_refresh_token_success __________________________

client = <starlette.testclient.TestClient object at 0x000001C654BFE890>
auth_token_for_user = <function auth_token_for_user.<locals>._get_token at 0x000001C654E68FE0>

    def test_refresh_token_success(client: TestClient, auth_token_for_user):
        token = auth_token_for_user("testuser1", "password123")
>       assert token is not None, "Failed to get initial token for test_refresh_token_success"
E       AssertionError: Failed to get initial token for test_refresh_token_success
E       assert None is not None

tests\integration\test_auth_api.py:56: AssertionError
---------------------------- Captured stderr call -----------------------------
INFO:root:RequisiþÒo: POST http://testserver/tools/login
WARNING:app.groups.routes:Tentativa de login invßlida para usußrio 'testuser1'
INFO:root:Resposta: 401 para POST http://testserver/tools/login
INFO:httpx:HTTP Request: POST http://testserver/tools/login "HTTP/1.1 401 Unauthorized"
------------------------------ Captured log call ------------------------------
INFO     root:main.py:34 RequisiþÒo: POST http://testserver/tools/login
WARNING  app.groups.routes:routes.py:70 Tentativa de login invßlida para usußrio 'testuser1'
INFO     root:main.py:36 Resposta: 401 para POST http://testserver/tools/login
INFO     httpx:_client.py:1025 HTTP Request: POST http://testserver/tools/login "HTTP/1.1 401 Unauthorized"
============================== warnings summary ===============================
venv\Lib\site-packages\pydantic\_internal\_generate_schema.py:2353
  C:\Users\letha\OneDrive\desktop\workspace\mcp-server\venv\Lib\site-packages\pydantic\_internal\_generate_schema.py:2353: PydanticDeprecatedSince211: The `__get_pydantic_core_schema__` method of the `BaseModel` class is deprecated. If you are calling `super().__get_pydantic_core_schema__` when overriding the method on a Pydantic model, consider using `handler(source)` instead. However, note that overriding this method on models can lead to unexpected side effects. Deprecated in Pydantic V2.11 to be removed in V3.0.
    schema = annotation_get_schema(source, get_inner_schema)

-- Docs: https://docs.pytest.org/en/stable/how-to/capture-warnings.html
=========================== short test summary info ===========================
FAILED tests/integration/test_admin_groups_api.py::test_create_group_success
FAILED tests/integration/test_admin_groups_api.py::test_create_group_already_exists
FAILED tests/integration/test_admin_groups_api.py::test_create_group_no_name
FAILED tests/integration/test_admin_groups_api.py::test_create_group_not_global_admin
FAILED tests/integration/test_admin_groups_api.py::test_list_groups_success_global_admin
FAILED tests/integration/test_admin_groups_api.py::test_list_groups_not_global_admin
FAILED tests/integration/test_admin_groups_api.py::test_edit_group_success - ...
FAILED tests/integration/test_admin_groups_api.py::test_edit_group_only_description
FAILED tests/integration/test_admin_groups_api.py::test_edit_group_rename_to_existing_name
FAILED tests/integration/test_admin_groups_api.py::test_edit_group_not_found
FAILED tests/integration/test_admin_groups_api.py::test_edit_group_not_global_admin
FAILED tests/integration/test_admin_groups_api.py::test_delete_group_success
FAILED tests/integration/test_admin_groups_api.py::test_delete_group_not_found
FAILED tests/integration/test_admin_groups_api.py::test_delete_group_not_global_admin
FAILED tests/integration/test_admin_groups_api.py::test_add_user_to_group_global_admin
FAILED tests/integration/test_admin_groups_api.py::test_add_user_to_group_group_admin
FAILED tests/integration/test_admin_groups_api.py::test_add_user_to_group_user_already_in_group
FAILED tests/integration/test_admin_groups_api.py::test_add_user_to_group_user_not_exist
FAILED tests/integration/test_admin_groups_api.py::test_add_user_to_group_group_not_exist
FAILED tests/integration/test_admin_groups_api.py::test_add_user_to_group_no_permission
FAILED tests/integration/test_admin_groups_api.py::test_remove_user_from_group_global_admin
FAILED tests/integration/test_admin_groups_api.py::test_remove_user_from_group_group_admin
FAILED tests/integration/test_admin_groups_api.py::test_remove_user_from_group_user_not_in_group
FAILED tests/integration/test_admin_groups_api.py::test_remove_user_from_group_no_permission
FAILED tests/integration/test_admin_groups_api.py::test_designate_group_admin_global_admin
FAILED tests/integration/test_admin_groups_api.py::test_designate_group_admin_user_not_in_group
FAILED tests/integration/test_admin_groups_api.py::test_remove_group_admin_global_admin
FAILED tests/integration/test_admin_groups_api.py::test_remove_group_admin_by_group_admin
FAILED tests/integration/test_admin_groups_api.py::test_remove_last_group_admin_by_group_admin_fail
FAILED tests/integration/test_admin_groups_api.py::test_remove_last_group_admin_by_global_admin_success
FAILED tests/integration/test_admin_groups_api.py::test_promote_user_to_group_admin_global_admin
FAILED tests/integration/test_admin_groups_api.py::test_promote_user_to_group_admin_group_admin
FAILED tests/integration/test_admin_groups_api.py::test_promote_user_to_group_admin_user_not_in_group
FAILED tests/integration/test_admin_groups_api.py::test_list_users_in_group_global_admin
FAILED tests/integration/test_admin_groups_api.py::test_list_users_in_group_group_admin
FAILED tests/integration/test_admin_groups_api.py::test_list_users_in_group_group_member
FAILED tests/integration/test_admin_groups_api.py::test_list_users_in_group_no_permission
FAILED tests/integration/test_admin_groups_api.py::test_add_tool_to_group_global_admin
FAILED tests/integration/test_admin_groups_api.py::test_add_tool_to_group_tool_already_in_group
FAILED tests/integration/test_admin_groups_api.py::test_add_tool_to_group_tool_not_exist_globally
FAILED tests/integration/test_admin_groups_api.py::test_remove_tool_from_group_global_admin
FAILED tests/integration/test_admin_groups_api.py::test_remove_tool_from_group_tool_not_in_group
FAILED tests/integration/test_admin_users_api.py::test_create_user_success_global_admin
FAILED tests/integration/test_admin_users_api.py::test_create_user_with_initial_groups_success
FAILED tests/integration/test_admin_users_api.py::test_create_user_username_already_exists
FAILED tests/integration/test_admin_users_api.py::test_create_user_invalid_role
FAILED tests/integration/test_admin_users_api.py::test_create_user_non_global_admin_forbidden
FAILED tests/integration/test_admin_users_api.py::test_create_user_admin_grupo_forbidden
FAILED tests/integration/test_admin_users_api.py::test_create_user_missing_username
FAILED tests/integration/test_admin_users_api.py::test_create_user_missing_password
FAILED tests/integration/test_admin_users_api.py::test_create_user_missing_role
FAILED tests/integration/test_admin_users_api.py::test_create_user_non_existent_group
FAILED tests/integration/test_admin_users_api.py::test_list_users_success_global_admin
FAILED tests/integration/test_admin_users_api.py::test_list_users_forbidden_group_admin
FAILED tests/integration/test_admin_users_api.py::test_list_users_forbidden_regular_user
FAILED tests/integration/test_admin_users_api.py::test_list_users_unauthenticated
FAILED tests/integration/test_admin_users_api.py::test_get_user_details_success_global_admin
FAILED tests/integration/test_admin_users_api.py::test_get_user_details_self_success
FAILED tests/integration/test_admin_users_api.py::test_get_user_details_forbidden_other_user
FAILED tests/integration/test_admin_users_api.py::test_get_user_details_forbidden_group_admin_for_unrelated_user
FAILED tests/integration/test_admin_users_api.py::test_get_user_details_not_found
FAILED tests/integration/test_admin_users_api.py::test_get_user_details_unauthenticated
FAILED tests/integration/test_admin_users_api.py::test_update_user_role_success_global_admin
FAILED tests/integration/test_admin_users_api.py::test_update_user_groups_success_global_admin
FAILED tests/integration/test_admin_users_api.py::test_update_user_role_and_groups_success_global_admin
FAILED tests/integration/test_admin_users_api.py::test_update_user_to_global_admin_success
FAILED tests/integration/test_admin_users_api.py::test_update_user_clear_admin_privileges_on_role_change
FAILED tests/integration/test_admin_users_api.py::test_update_user_remove_all_groups_success
FAILED tests/integration/test_admin_users_api.py::test_update_user_not_found
FAILED tests/integration/test_admin_users_api.py::test_update_user_invalid_role_value
FAILED tests/integration/test_admin_users_api.py::test_update_user_non_existent_group
FAILED tests/integration/test_admin_users_api.py::test_update_user_empty_payload_no_change
FAILED tests/integration/test_admin_users_api.py::test_update_user_forbidden_regular_user
FAILED tests/integration/test_admin_users_api.py::test_update_user_forbidden_self_regular_user
FAILED tests/integration/test_admin_users_api.py::test_update_user_unauthenticated
FAILED tests/integration/test_admin_users_api.py::test_delete_user_success_global_admin
FAILED tests/integration/test_admin_users_api.py::test_delete_admin_user_removes_from_group_admin_list
FAILED tests/integration/test_admin_users_api.py::test_delete_user_not_found
FAILED tests/integration/test_admin_users_api.py::test_delete_self_global_admin_forbidden
FAILED tests/integration/test_admin_users_api.py::test_delete_user_forbidden_regular_user
FAILED tests/integration/test_admin_users_api.py::test_delete_user_forbidden_group_admin
FAILED tests/integration/test_admin_users_api.py::test_delete_user_unauthenticated
FAILED tests/integration/test_auth_api.py::test_login_success_hashed_password
FAILED tests/integration/test_auth_api.py::test_login_success_plain_password_legacy
FAILED tests/integration/test_auth_api.py::test_refresh_token_success - Asser...
================== 85 failed, 10 passed, 1 warning in 2.64s ===================
